# fw=05,slot_ms=18,timeout_us=12500
1,0,476
2,0,18468
3,5248,36476
1,0,54468
2,0,72472
3,5241,90472
1,0,108472
2,0,126468
3,5248,144472
1,0,162468
2,0,180472
3,5346,198468
1,0,216468
2,0,234472
3,5320,252468
1,0,270468
2,0,288472
3,5272,306468
1,0,324468
2,0,342472
3,5273,360472
1,0,378468
2,0,396472
3,5249,414468
1,0,432472
2,0,450468
3,5265,468476
1,0,486472
2,0,504468
3,5298,522468
1,0,540468
2,0,558472
3,5397,576468
1,0,594468
2,0,612468
3,5349,630472
1,0,648472
2,0,666468
3,5315,684472
1,0,702476
2,0,720472
3,5350,738472
1,0,756468
2,0,774472
3,5347,792472
1,0,810468
2,0,828472
3,5274,846468
1,0,864472
2,0,882468
3,5264,900476
1,0,918468
2,0,936472
3,5274,954468
1,0,972472
2,0,990472
3,5349,1008468
1,0,1026472
2,0,1044472
3,5275,1062468
1,0,1080468
2,0,1098468
3,5273,1116472
1,0,1134468
2,0,1152472
3,5273,1170472
1,0,1188468
2,0,1206472
3,5374,1224476
1,0,1242472
2,0,1260468
3,5339,1278472
1,0,1296468
2,0,1314468
3,5273,1332472
1,0,1350472
2,0,1368468
3,5248,1386468
1,0,1404468
2,0,1422472
3,5251,1440472
1,0,1458472
2,0,1476472
3,5266,1494468
1,0,1512472
2,0,1530472
3,5225,1548472
1,0,1566472
2,0,1584468
3,5249,1602472
1,0,1620472
2,0,1638468
3,5274,1656468
1,0,1674472
2,0,1692468
3,5217,1710468
1,0,1728468
2,0,1746472
3,5327,1764472
1,0,1782468
2,0,1800468
3,5250,1818472
1,0,1836468
2,0,1854476
3,5273,1872472
1,0,1890468
2,0,1908472
3,5364,1926468
1,0,1944472
2,0,1962472
3,5397,1980468
1,0,1998472
2,0,2016468
3,5295,2034468
1,0,2052468
2,0,2070468
3,5248,2088472
1,0,2106472
2,0,2124472
3,5271,2142468
1,0,2160472
2,0,2178468
3,5322,2196468
1,0,2214468
2,0,2232468
3,5274,2250472
1,0,2268468
2,0,2286472
3,5217,2304476
1,0,2322468
2,0,2340472
3,5249,2358476
1,0,2376468
2,0,2394472
3,5200,2412476
1,0,2430472
2,0,2448468
3,5248,2466472
1,0,2484468
2,0,2502468
3,5288,2520472
1,0,2538468
2,0,2556472
3,5273,2574468
1,0,2592472
2,0,2610472
3,5224,2628468
1,0,2646468
2,0,2664468
3,5345,2682468
1,0,2700468
2,0,2718472
3,5222,2736468
1,0,2754472
2,0,2772468
3,5248,2790472
1,0,2808472
2,0,2826468
3,5346,2844468
1,0,2862468
2,0,2880468
3,5246,2898472
1,0,2916472
2,0,2934472
3,5363,2952468
1,0,2970468
2,0,2988472
3,5223,3006484
1,0,3024468
2,0,3042472
3,5248,3060476
1,0,3078468
2,0,3096468
3,5239,3114472
1,0,3132468
2,0,3150472
3,5387,3168476
1,0,3186472
2,0,3204468
3,5371,3222472
1,0,3240472
2,0,3258468
3,5246,3276472
1,0,3294472
2,0,3312468
3,5240,3330468
1,0,3348472
2,0,3366472
3,5272,3384468
1,0,3402468
2,0,3420472
3,5320,3438472
1,0,3456472
2,0,3474468
3,5248,3492468
1,0,3510472
2,0,3528472
3,5264,3546468
1,0,3564468
2,0,3582472
3,5370,3600472
1,0,3618472
2,0,3636468
3,5270,3654472
1,0,3672472
2,0,3690472
3,5321,3708468
1,0,3726468
2,0,3744468
3,5312,3762472
1,0,3780472
2,0,3798468
3,5246,3816472
1,0,3834468
2,0,3852472
3,5369,3870476
1,0,3888468
2,0,3906468
3,5238,3924472
1,0,3942468
2,0,3960468
3,5246,3978472
1,0,3996472
2,0,4014468
3,5319,4032472
1,0,4050468
2,0,4068472
3,5370,4086468
1,0,4104472
2,0,4122472
3,5214,4140476
1,0,4158476
2,0,4176468
3,5222,4194472
1,0,4212472
2,0,4230468
3,5221,4248468
1,0,4266472
2,0,4284468
3,5221,4302472
1,0,4320468
2,0,4338468
3,5335,4356472
1,0,4374472
2,0,4392468
3,5246,4410472
1,0,4428472
2,0,4446468
3,5270,4464472
1,0,4482468
2,0,4500468
3,5272,4518472
1,0,4536468
2,0,4554472
3,5292,4572468
1,0,4590472
2,0,4608472
3,5345,4626468
1,0,4644468
2,0,4662468
3,5349,4680472
1,0,4698468
2,0,4716472
3,5313,4734468
1,0,4752468
2,0,4770468
3,5294,4788476
1,0,4806472
2,0,4824472
3,5246,4842468
1,0,4860468
2,0,4878472
3,5347,4896468
1,0,4914472
2,0,4932468
3,5240,4950472
1,0,4968476
2,0,4986468
3,5224,5004476
1,0,5022468
2,0,5040472
3,5246,5058468
1,0,5076468
2,0,5094472
3,5349,5112468
1,0,5130468
2,0,5148468
3,5363,5166472
1,0,5184472
2,0,5202472
3,5224,5220468
1,0,5238472
2,0,5256468
3,5271,5274472
1,0,5292468
2,0,5310476
3,5247,5328472
1,0,5346472
2,0,5364468
3,5270,5382472
1,0,5400472
2,0,5418468
3,5247,5436472
1,0,5454472
2,0,5472468
3,5321,5490468
1,0,5508468
2,0,5526472
3,5346,5544468
1,0,5562468
2,0,5580472
3,5273,5598468
1,0,5616468
2,0,5634472
3,5271,5652476
1,0,5670468
2,0,5688472
3,5223,5706468
1,0,5724468
2,0,5742472
3,5339,5760468
1,0,5778468
2,0,5796472
3,5247,5814476
1,0,5832468
2,0,5850472
3,5350,5868476
1,0,5886472
2,0,5904472
3,5347,5922472
1,0,5940468
2,0,5958468
3,5215,5976472
1,0,5994468
2,0,6012472
3,5346,6030468
1,0,6048472
2,0,6066472
3,5347,6084468
1,0,6102472
2,0,6120468
3,5247,6138472
1,0,6156468
2,0,6174472
3,5226,6192468
1,0,6210468
2,0,6228468
3,5246,6246476
1,0,6264472
2,0,6282468
3,5222,6300472
1,0,6318472
2,0,6336468
3,5346,6354472
1,0,6372472
2,0,6390472
3,5338,6408476
1,0,6426468
2,0,6444472
3,5322,6462484
1,0,6480468
2,0,6498468
3,5320,6516472
1,0,6534468
2,0,6552472
3,5214,6570468
1,0,6588468
2,0,6606472
3,5223,6624472
1,0,6642472
2,0,6660468
3,5199,6678472
1,0,6696472
2,0,6714468
3,5198,6732472
1,0,6750468
2,0,6768472
3,5289,6786468
1,0,6804472
2,0,6822468
3,5221,6840472
1,0,6858468
2,0,6876472
3,5223,6894468
1,0,6912472
2,0,6930472
3,5199,6948468
1,0,6966468
2,0,6984468
3,5315,7002472
1,0,7020472
2,0,7038468
3,5200,7056476
1,0,7074472
2,0,7092468
3,5199,7110472
1,0,7128472
2,0,7146468
3,5200,7164472
1,0,7182472
2,0,7200468
3,5302,7218472
1,0,7236472
2,0,7254468
3,5273,7272472
1,0,7290472
2,0,7308468
3,5323,7326472
1,0,7344468
2,0,7362468
3,5216,7380472
1,0,7398468
2,0,7416468
3,5352,7434472
1,0,7452472
2,0,7470468
3,5250,7488472
1,0,7506468
2,0,7524472
3,5249,7542468
1,0,7560472
2,0,7578468
3,5242,7596472
1,0,7614480
2,0,7632468
3,5372,7650472
1,0,7668468
2,0,7686468
3,5327,7704468
1,0,7722468
2,0,7740472
3,5224,7758468
1,0,7776472
2,0,7794468
3,5339,7812472
1,0,7830468
2,0,7848472
3,5273,7866468
1,0,7884472
2,0,7902468
3,5247,7920472
1,0,7938468
2,0,7956472
3,5222,7974468
1,0,7992468
2,0,8010472
3,5200,8028468
1,0,8046468
2,0,8064472
3,5225,8082476
1,0,8100468
2,0,8118472
3,5226,8136468
1,0,8154472
2,0,8172468
3,5240,8190472
1,0,8208468
2,0,8226472
3,5322,8244476
1,0,8262472
2,0,8280468
3,5248,8298472
1,0,8316468
2,0,8334472
3,5247,8352468
1,0,8370472
2,0,8388468
3,5215,8406472
1,0,8424476
2,0,8442468
3,5224,8460472
1,0,8478468
2,0,8496472
3,5322,8514468
1,0,8532468
2,0,8550472
3,5224,8568472
1,0,8586472
2,0,8604468
3,5240,8622472
1,0,8640472
2,0,8658468
3,5297,8676472
1,0,8694468
2,0,8712472
3,5248,8730476
1,0,8748468
2,0,8766480
3,5223,8784476
1,0,8802468
2,0,8820472
3,5272,8838468
1,0,8856472
2,0,8874468
3,5348,8892472
1,0,8910472
2,0,8928468
3,5347,8946472
1,0,8964468
2,0,8982472
3,5349,9000468
1,0,9018468
2,0,9036468
3,5272,9054476
1,0,9072468
2,0,9090468
3,5347,9108472
1,0,9126472
2,0,9144468
3,5248,9162472
1,0,9180472
2,0,9198472
3,5239,9216472
1,0,9234472
2,0,9252468
3,5346,9270472
1,0,9288472
2,0,9306468
3,5248,9324472
1,0,9342472
2,0,9360468
3,5222,9378472
1,0,9396468
2,0,9414472
3,5317,9432468
1,0,9450472
2,0,9468468
3,5249,9486472
1,0,9504468
2,0,9522472
3,5248,9540476
1,0,9558468
2,0,9576472
3,5297,9594472
1,0,9612472
2,0,9630468
3,5225,9648472
1,0,9666472
2,0,9684472
3,5225,9702476
1,0,9720472
2,0,9738468
3,5247,9756472
1,0,9774472
2,0,9792468
3,5273,9810472
1,0,9828468
2,0,9846472
3,5364,9864468
1,0,9882472
2,0,9900468
3,5323,9918480
1,0,9936472
2,0,9954468
3,5225,9972472
1,0,9990468
2,0,10008472
3,5364,10026472
1,0,10044472
2,0,10062468
3,5348,10080468
1,0,10098468
2,0,10116468
3,5347,10134472
1,0,10152472
2,0,10170472
3,5348,10188472
1,0,10206468
2,0,10224468
3,5340,10242472
1,0,10260468
2,0,10278468
3,5249,10296468
1,0,10314468
2,0,10332468
3,5248,10350468
1,0,10368468
2,0,10386468
3,5249,10404468
1,0,10422468
2,0,10440472
3,5246,10458468
1,0,10476472
2,0,10494468
3,5348,10512476
1,0,10530472
2,0,10548472
3,5272,10566472
1,0,10584472
2,0,10602472
3,5272,10620472
1,0,10638472
2,0,10656472
3,5367,10674472
1,0,10692468
2,0,10710468
3,5248,10728476
1,0,10746468
2,0,10764468
3,5372,10782468
