# fw=05,slot_ms=18,timeout_us=12500
1,0,476
2,0,18468
3,0,36472
1,0,54472
2,0,72468
3,0,90468
1,0,108468
2,0,126468
3,0,144472
1,0,162468
2,0,180468
3,0,198468
1,0,216472
2,0,234468
3,0,252468
1,0,270468
2,0,288472
3,0,306472
1,0,324472
2,0,342472
3,0,360468
1,0,378468
2,0,396472
3,0,414472
1,0,432468
2,0,450472
3,0,468472
1,0,486472
2,0,504468
3,0,522472
1,0,540472
2,0,558472
3,0,576468
1,0,594468
2,0,612472
3,0,630472
1,0,648472
2,0,666468
3,0,684468
1,0,702480
2,0,720472
3,0,738476
1,0,756472
2,0,774472
3,0,792468
1,0,810468
2,0,828472
3,0,846468
1,0,864472
2,0,882468
3,0,900468
1,0,918468
2,0,936472
3,0,954468
1,0,972468
2,0,990472
3,0,1008472
1,0,1026472
2,0,1044472
3,0,1062472
1,0,1080468
2,0,1098468
3,0,1116472
1,0,1134468
2,0,1152468
3,0,1170476
1,0,1188472
2,0,1206468
3,0,1224468
1,0,1242468
2,0,1260468
3,0,1278472
1,0,1296472
2,0,1314472
3,0,1332472
1,0,1350468
2,0,1368468
3,0,1386468
1,0,1404472
2,0,1422472
3,0,1440476
1,0,1458472
2,0,1476472
3,0,1494472
1,0,1512468
2,0,1530468
3,0,1548472
1,0,1566468
2,0,1584472
3,0,1602472
1,0,1620468
2,0,1638472
3,0,1656472
1,0,1674472
2,0,1692472
3,0,1710472
1,0,1728472
2,0,1746472
3,0,1764472
1,0,1782468
2,0,1800472
3,0,1818472
1,0,1836472
2,0,1854476
3,0,1872468
1,0,1890472
2,0,1908468
3,0,1926472
1,0,1944468
2,0,1962468
3,0,1980468
1,0,1998472
2,0,2016468
3,0,2034468
1,0,2052468
2,0,2070468
3,0,2088472
1,0,2106468
2,0,2124472
3,0,2142476
1,0,2160472
2,0,2178468
3,0,2196472
1,0,2214468
2,0,2232472
3,0,2250472
1,0,2268468
2,0,2286472
3,0,2304472
1,0,2322468
2,0,2340468
3,0,2358472
1,0,2376468
2,0,2394468
3,0,2412472
1,0,2430468
2,0,2448472
3,0,2466468
1,0,2484468
2,0,2502472
3,0,2520468
1,0,2538472
2,0,2556472
3,0,2574468
1,0,2592472
2,0,2610468
3,0,2628468
1,0,2646468
2,0,2664472
3,0,2682472
1,0,2700468
2,0,2718472
3,0,2736472
1,0,2754468
2,0,2772468
3,0,2790468
1,0,2808468
2,0,2826468
3,0,2844468
1,0,2862468
2,0,2880468
3,0,2898472
1,0,2916468
2,0,2934472
3,0,2952468
1,0,2970472
2,0,2988472
3,0,3006480
1,0,3024468
2,0,3042472
3,0,3060476
1,0,3078472
2,0,3096468
3,0,3114472
1,0,3132472
2,0,3150468
3,0,3168468
1,0,3186468
2,0,3204468
3,0,3222476
1,0,3240472
2,0,3258468
3,0,3276468
1,0,3294472
2,0,3312472
3,0,3330472
1,0,3348468
2,0,3366468
3,0,3384472
1,0,3402468
2,0,3420468
3,0,3438468
1,0,3456472
2,0,3474468
3,0,3492468
1,0,3510472
2,0,3528468
3,0,3546472
1,0,3564468
2,0,3582472
3,0,3600468
1,0,3618468
2,0,3636468
3,0,3654472
1,0,3672468
2,0,3690472
3,0,3708468
1,0,3726472
2,0,3744468
3,0,3762472
1,0,3780472
2,0,3798468
3,0,3816472
1,0,3834468
2,0,3852468
3,0,3870468
1,0,3888468
2,0,3906468
3,0,3924468
1,0,3942468
2,0,3960468
3,0,3978472
1,0,3996468
2,0,4014468
3,0,4032476
1,0,4050472
2,0,4068468
3,0,4086468
1,0,4104472
2,0,4122472
3,0,4140468
1,0,4158480
2,0,4176468
3,0,4194472
1,0,4212468
2,0,4230472
3,0,4248472
1,0,4266472
2,0,4284468
3,0,4302472
1,0,4320468
2,0,4338468
3,0,4356468
1,0,4374472
2,0,4392472
3,0,4410472
1,0,4428472
2,0,4446468
3,0,4464468
1,0,4482468
2,0,4500468
3,0,4518472
1,0,4536468
2,0,4554472
3,0,4572476
1,0,4590472
2,0,4608472
3,0,4626472
1,0,4644468
2,0,4662472
3,0,4680472
1,0,4698468
2,0,4716472
3,0,4734472
1,0,4752472
2,0,4770472
3,0,4788468
1,0,4806472
2,0,4824472
3,0,4842476
1,0,4860472
2,0,4878468
3,0,4896472
1,0,4914472
2,0,4932468
3,0,4950476
1,0,4968472
2,0,4986472
3,0,5004468
1,0,5022468
2,0,5040472
3,0,5058472
1,0,5076468
2,0,5094472
3,0,5112468
1,0,5130468
2,0,5148468
3,0,5166472
1,0,5184468
2,0,5202468
3,0,5220468
1,0,5238468
2,0,5256472
3,0,5274472
1,0,5292468
2,0,5310476
3,0,5328472
1,0,5346468
2,0,5364468
3,0,5382472
1,0,5400468
2,0,5418468
3,0,5436468
1,0,5454472
2,0,5472468
3,0,5490468
1,0,5508468
2,0,5526468
3,0,5544476
1,0,5562468
2,0,5580472
3,0,5598468
1,0,5616472
2,0,5634472
3,0,5652476
1,0,5670472
2,0,5688468
3,0,5706468
1,0,5724472
2,0,5742468
3,0,5760472
1,0,5778468
2,0,5796468
3,0,5814472
1,0,5832468
2,0,5850472
3,0,5868472
1,0,5886468
2,0,5904472
3,0,5922472
1,0,5940472
2,0,5958468
3,0,5976472
1,0,5994468
2,0,6012468
3,0,6030472
1,0,6048472
2,0,6066468
3,0,6084468
1,0,6102468
2,0,6120472
3,0,6138472
1,0,6156472
2,0,6174468
3,0,6192472
1,0,6210468
2,0,6228468
3,0,6246472
1,0,6264468
2,0,6282468
3,0,6300472
1,0,6318468
2,0,6336472
3,0,6354472
1,0,6372472
2,0,6390468
3,0,6408472
1,0,6426468
2,0,6444468
3,0,6462476
1,0,6480468
2,0,6498468
3,0,6516472
1,0,6534472
2,0,6552468
3,0,6570468
1,0,6588472
2,0,6606468
3,0,6624468
1,0,6642472
2,0,6660472
3,0,6678472
1,0,6696472
2,0,6714468
3,0,6732468
1,0,6750468
2,0,6768468
3,0,6786476
1,0,6804472
2,0,6822472
3,0,6840476
1,0,6858472
2,0,6876468
3,0,6894472
1,0,6912468
2,0,6930468
3,0,6948472
1,0,6966468
2,0,6984468
3,0,7002472
1,0,7020468
2,0,7038468
3,0,7056472
1,0,7074468
2,0,7092472
3,0,7110472
1,0,7128472
2,0,7146472
3,0,7164472
1,0,7182468
2,0,7200472
3,0,7218472
1,0,7236468
2,0,7254468
3,0,7272468
1,0,7290468
2,0,7308472
3,0,7326472
1,0,7344468
2,0,7362472
3,0,7380472
1,0,7398468
2,0,7416472
3,0,7434472
1,0,7452472
2,0,7470472
3,0,7488472
1,0,7506468
2,0,7524472
3,0,7542468
1,0,7560472
2,0,7578468
3,0,7596476
1,6411,7614480
2,0,7632468
3,0,7650472
1,6073,7668472
2,5780,7686472
3,4586,7704468
1,5658,7722468
2,5217,7740472
3,4589,7758472
1,5043,7776468
2,4773,7794472
3,4571,7812472
1,4445,7830468
2,4050,7848472
3,4500,7866472
1,3777,7884468
2,3437,7902468
3,0,7920468
1,3332,7938472
2,0,7956468
3,0,7974472
1,0,7992468
2,0,8010472
3,0,8028472
