# fw=05,slot_ms=18,timeout_us=12500
1,5087,476
2,0,18468
3,0,36468
1,5133,54468
2,0,72468
3,0,90468
1,5157,108468
2,0,126468
3,0,144472
1,5132,162472
2,0,180472
3,0,198476
1,5159,216472
2,0,234468
3,0,252476
1,5110,270472
2,0,288468
3,0,306472
1,5108,324472
2,0,342472
3,0,360476
1,5108,378472
2,0,396472
3,0,414472
1,5129,432472
2,0,450472
3,0,468472
1,5083,486472
2,0,504468
3,0,522476
1,5083,540472
2,0,558468
3,0,576476
1,5083,594472
2,0,612472
3,0,630472
1,5060,648472
2,0,666472
3,0,684472
1,5062,702476
2,0,720468
3,0,738476
1,5083,756472
2,0,774472
3,0,792472
1,5061,810472
2,0,828468
3,0,846476
1,5061,864472
2,0,882472
3,0,900468
1,5108,918468
2,0,936468
3,0,954468
1,5108,972468
2,0,990468
3,0,1008472
1,5110,1026472
2,0,1044468
3,0,1062472
1,5134,1080468
2,0,1098472
3,0,1116476
1,5108,1134472
2,0,1152468
3,0,1170468
1,5109,1188472
2,0,1206472
3,0,1224468
1,5109,1242472
2,0,1260468
3,0,1278472
1,5135,1296472
2,0,1314472
3,0,1332472
1,5130,1350468
2,0,1368468
3,0,1386472
1,5134,1404468
2,0,1422472
3,0,1440476
1,5107,1458472
2,0,1476472
3,0,1494468
1,5105,1512472
2,0,1530468
3,0,1548472
1,5122,1566468
2,0,1584472
3,0,1602472
1,5131,1620468
2,0,1638472
3,0,1656472
1,5109,1674472
2,0,1692468
3,0,1710468
1,5110,1728472
2,0,1746472
3,0,1764472
1,5108,1782468
2,0,1800472
3,0,1818468
1,5108,1836472
2,0,1854476
3,0,1872472
1,5109,1890468
2,0,1908468
3,0,1926472
1,5109,1944468
2,0,1962472
3,0,1980468
1,5108,1998472
2,0,2016472
3,0,2034472
1,5157,2052472
2,0,2070468
3,0,2088472
1,5107,2106468
2,0,2124472
3,0,2142468
1,5084,2160472
2,0,2178468
3,0,2196468
1,5108,2214468
2,0,2232472
3,0,2250476
1,5085,2268472
2,0,2286468
3,0,2304472
1,5038,2322468
2,0,2340468
3,0,2358472
1,5034,2376468
2,0,2394468
3,0,2412472
1,5061,2430468
2,0,2448472
3,0,2466468
1,5060,2484472
2,0,2502468
3,0,2520472
1,5060,2538468
2,0,2556472
3,0,2574468
1,5061,2592472
2,0,2610468
3,0,2628468
1,5036,2646472
2,0,2664468
3,0,2682468
1,5061,2700472
2,0,2718468
3,0,2736472
1,5013,2754468
2,0,2772472
3,0,2790468
1,5036,2808472
2,0,2826468
3,0,2844468
1,5034,2862472
2,0,2880472
3,0,2898468
1,5034,2916472
2,0,2934472
3,0,2952476
1,5036,2970472
2,0,2988468
3,0,3006476
1,5034,3024468
2,0,3042468
3,0,3060472
1,5035,3078472
2,0,3096472
3,0,3114468
1,5036,3132472
2,0,3150468
3,0,3168472
1,5042,3186468
2,0,3204472
3,0,3222472
1,5034,3240472
2,0,3258472
3,0,3276476
1,5061,3294472
2,0,3312468
3,0,3330472
1,5082,3348468
2,0,3366472
3,0,3384472
1,5082,3402468
2,0,3420472
3,0,3438472
1,5085,3456472
2,0,3474468
3,0,3492472
1,5058,3510468
2,0,3528472
3,0,3546468
1,5058,3564472
2,0,3582468
3,0,3600472
1,5035,3618468
2,0,3636468
3,0,3654472
1,5035,3672468
2,0,3690472
3,0,3708476
1,5036,3726472
2,0,3744468
3,0,3762472
1,5036,3780468
2,0,3798468
3,0,3816472
1,5034,3834468
2,0,3852468
3,0,3870472
1,5057,3888472
2,0,3906472
3,0,3924468
1,5057,3942472
2,0,3960472
3,0,3978468
1,5065,3996468
2,0,4014468
3,0,4032468
1,5058,4050472
2,0,4068468
3,0,4086472
1,5035,4104472
2,0,4122472
3,0,4140472
1,5057,4158480
2,0,4176472
3,0,4194468
1,5033,4212472
2,0,4230472
3,0,4248472
1,5033,4266472
2,0,4284468
3,0,4302472
1,5057,4320468
2,0,4338468
3,0,4356472
1,5056,4374468
2,0,4392468
3,0,4410472
1,5055,4428468
2,0,4446468
3,0,4464472
1,5031,4482472
2,0,4500468
3,0,4518472
1,5033,4536472
2,0,4554468
3,0,4572472
1,5030,4590472
2,0,4608468
3,0,4626472
1,5030,4644468
2,0,4662472
3,0,4680468
1,5032,4698472
2,0,4716472
3,0,4734472
1,5033,4752468
2,0,4770468
3,0,4788476
1,5040,4806472
2,0,4824472
3,0,4842476
1,5029,4860472
2,0,4878472
3,0,4896472
1,5031,4914472
2,0,4932472
3,0,4950468
1,5030,4968472
2,0,4986468
3,0,5004472
1,5031,5022472
2,0,5040472
3,0,5058476
1,5033,5076472
2,0,5094468
3,0,5112472
1,5030,5130472
2,0,5148468
3,0,5166472
1,5029,5184468
2,0,5202468
3,0,5220472
1,5032,5238472
2,0,5256472
3,0,5274472
1,5030,5292468
2,0,5310480
3,0,5328468
1,5009,5346472
2,0,5364472
3,0,5382476
1,5028,5400472
2,0,5418472
3,0,5436468
1,5030,5454472
2,0,5472472
3,0,5490472
1,5006,5508472
2,0,5526468
3,0,5544472
1,5031,5562468
2,0,5580468
3,0,5598476
1,5018,5616472
2,0,5634472
3,0,5652468
1,5008,5670472
2,0,5688472
3,0,5706472
1,4983,5724472
2,0,5742468
3,0,5760472
1,5008,5778468
2,0,5796472
3,0,5814468
1,5008,5832472
2,0,5850472
3,0,5868468
1,5010,5886472
2,0,5904468
3,0,5922472
1,5030,5940468
2,0,5958472
3,0,5976468
1,5010,5994468
2,0,6012468
3,0,6030472
1,5010,6048468
2,0,6066472
3,0,6084476
1,5008,6102472
2,0,6120472
3,0,6138476
1,5010,6156468
2,0,6174468
3,0,6192472
1,5009,6210468
2,0,6228468
3,0,6246472
1,5007,6264468
2,0,6282472
3,0,6300468
1,5009,6318468
2,0,6336468
3,0,6354472
1,5010,6372468
2,0,6390472
3,0,6408468
1,5012,6426472
2,0,6444468
3,0,6462476
1,5009,6480468
2,0,6498468
3,0,6516472
1,5009,6534468
2,0,6552468
3,0,6570472
1,5036,6588468
2,0,6606472
3,0,6624476
1,5043,6642472
2,0,6660468
3,0,6678468
1,5034,6696472
2,0,6714472
3,0,6732468
1,5033,6750468
2,0,6768472
3,0,6786468
1,5062,6804472
2,0,6822472
3,0,6840476
1,5062,6858472
2,0,6876468
3,0,6894472
1,5083,6912472
2,0,6930472
3,0,6948468
1,5060,6966468
2,0,6984468
3,0,7002472
1,5109,7020468
2,0,7038468
3,0,7056468
1,5088,7074472
2,0,7092468
3,0,7110472
1,5136,7128468
2,0,7146468
3,0,7164472
1,5136,7182472
2,0,7200468
3,0,7218472
1,5136,7236468
2,0,7254468
3,0,7272472
1,5135,7290468
2,0,7308472
3,0,7326468
1,5135,7344468
2,0,7362468
3,0,7380472
1,5133,7398472
2,0,7416468
3,0,7434472
1,5135,7452468
2,0,7470468
3,0,7488472
1,5137,7506472
2,0,7524468
3,0,7542472
1,5136,7560468
2,0,7578472
3,0,7596468
1,5135,7614480
2,0,7632468
3,0,7650472
1,5108,7668472
2,0,7686472
3,0,7704468
1,5087,7722472
2,0,7740472
3,0,7758472
1,5085,7776468
2,0,7794468
3,0,7812472
1,5086,7830468
2,0,7848468
3,0,7866472
1,5089,7884472
2,0,7902468
3,0,7920472
1,5112,7938468
2,0,7956472
3,0,7974468
1,5110,7992468
2,0,8010468
3,0,8028472
1,5137,8046468
2,0,8064472
3,0,8082468
1,5110,8100472
2,0,8118468
3,0,8136472
1,5061,8154468
2,0,8172472
3,0,8190472
1,5062,8208472
2,0,8226468
3,0,8244472
1,5063,8262468
2,0,8280472
3,0,8298468
1,5061,8316472
2,0,8334472
3,0,8352472
1,5060,8370472
2,0,8388468
3,0,8406472
1,5035,8424476
2,0,8442468
3,0,8460472
1,5034,8478468
2,0,8496472
3,0,8514468
1,5060,8532472
2,0,8550468
3,0,8568472
1,5037,8586468
2,0,8604472
3,0,8622468
1,5061,8640472
2,0,8658468
3,0,8676472
1,5063,8694468
2,0,8712468
3,0,8730472
1,5110,8748468
2,0,8766480
3,0,8784468
1,5110,8802472
2,0,8820468
3,0,8838472
1,5111,8856468
2,0,8874472
3,0,8892468
1,5111,8910472
2,0,8928468
3,0,8946472
1,5109,8964472
2,0,8982472
3,0,9000468
1,5109,9018468
2,0,9036468
3,0,9054472
1,5111,9072468
2,0,9090472
3,0,9108468
1,5112,9126468
2,0,9144472
3,0,9162468
1,5136,9180472
2,0,9198468
3,0,9216472
1,5159,9234468
2,0,9252472
3,0,9270468
1,5150,9288472
2,0,9306468
3,0,9324472
1,5136,9342468
2,0,9360472
3,0,9378468
1,5136,9396472
2,0,9414468
3,0,9432476
1,5109,9450472
2,0,9468472
3,0,9486472
1,5111,9504468
2,0,9522472
3,0,9540468
1,5089,9558468
2,0,9576472
3,0,9594468
1,5111,9612468
2,0,9630472
3,0,9648468
1,5089,9666472
2,0,9684468
3,0,9702472
1,5061,9720468
2,0,9738468
3,0,9756472
1,5062,9774472
2,0,9792472
3,0,9810468
1,5061,9828468
2,0,9846472
3,0,9864468
1,5063,9882472
2,0,9900472
3,0,9918480
1,5041,9936468
2,0,9954468
3,0,9972472
1,5041,9990472
2,0,10008472
3,0,10026476
1,5042,10044472
2,0,10062468
3,0,10080472
1,5072,10098472
2,0,10116472
3,0,10134476
1,5087,10152468
2,0,10170468
3,0,10188472
1,5088,10206468
2,0,10224468
3,0,10242468
1,5089,10260468
2,0,10278468
3,0,10296468
1,5135,10314468
2,0,10332468
3,0,10350468
1,5136,10368472
2,0,10386472
3,0,10404472
1,5135,10422468
2,0,10440472
3,0,10458472
1,5161,10476468
2,0,10494468
3,0,10512468
1,5162,10530472
2,0,10548472
3,0,10566472
1,5136,10584468
2,0,10602472
3,0,10620472
1,5134,10638468
2,0,10656472
3,0,10674472
1,5137,10692472
2,0,10710472
3,0,10728472
1,5137,10746468
2,0,10764468
3,0,10782468
