# fw=05,slot_ms=18,timeout_us=12500
1,8955,476
2,0,18472
3,0,36472
1,0,54468
2,0,72472
3,0,90472
1,0,108472
2,0,126472
3,0,144468
1,0,162472
2,0,180468
3,0,198472
1,0,216468
2,0,234468
3,0,252472
1,0,270472
2,0,288472
3,0,306468
1,0,324468
2,0,342468
3,0,360472
1,0,378472
2,0,396468
3,0,414472
1,0,432472
2,0,450468
3,0,468468
1,0,486468
2,0,504468
3,0,522472
1,0,540472
2,0,558472
3,0,576468
1,0,594468
2,0,612472
3,0,630468
1,0,648468
2,0,666472
3,0,684472
1,0,702480
2,0,720468
3,0,738472
1,0,756472
2,0,774468
3,0,792472
1,0,810472
2,0,828468
3,0,846472
1,0,864468
2,0,882472
3,0,900472
1,0,918472
2,0,936472
3,0,954468
1,0,972468
2,0,990468
3,0,1008472
1,0,1026472
2,0,1044472
3,0,1062472
1,0,1080468
2,0,1098472
3,0,1116472
1,0,1134468
2,0,1152468
3,0,1170468
1,0,1188472
2,0,1206468
3,0,1224468
1,0,1242468
2,0,1260468
3,0,1278472
1,0,1296472
2,0,1314472
3,0,1332472
1,0,1350468
2,0,1368468
3,0,1386476
1,0,1404472
2,0,1422472
3,0,1440476
1,0,1458472
2,0,1476472
3,0,1494472
1,0,1512468
2,0,1530468
3,0,1548472
1,0,1566468
2,0,1584472
3,0,1602472
1,0,1620468
2,0,1638472
3,0,1656472
1,0,1674468
2,0,1692472
3,0,1710468
1,0,1728472
2,0,1746468
3,0,1764468
1,0,1782472
2,0,1800472
3,0,1818476
1,0,1836468
2,0,1854476
3,0,1872472
1,0,1890468
2,0,1908468
3,0,1926472
1,0,1944468
2,0,1962468
3,0,1980468
1,0,1998468
2,0,2016468
3,0,2034468
1,0,2052468
2,0,2070468
3,0,2088472
1,0,2106468
2,0,2124468
3,0,2142472
1,0,2160468
2,0,2178468
3,0,2196468
1,0,2214472
2,0,2232468
3,0,2250468
1,8281,2268472
2,0,2286468
3,0,2304468
1,8227,2322472
2,0,2340472
3,0,2358468
1,0,2376472
2,0,2394468
3,0,2412472
1,0,2430468
2,0,2448472
3,0,2466476
1,0,2484468
2,0,2502468
3,0,2520468
1,0,2538472
2,0,2556472
3,0,2574468
1,0,2592472
2,0,2610472
3,0,2628468
1,0,2646468
2,0,2664468
3,0,2682468
1,0,2700472
2,0,2718468
3,0,2736472
1,0,2754468
2,0,2772472
3,0,2790468
1,0,2808472
2,0,2826468
3,0,2844476
1,8351,2862472
2,0,2880468
3,0,2898472
1,8272,2916472
2,0,2934468
3,0,2952472
1,0,2970468
2,0,2988472
3,0,3006484
1,0,3024472
2,0,3042468
3,0,3060468
1,0,3078472
2,0,3096472
3,0,3114472
1,0,3132472
2,0,3150472
3,0,3168468
1,0,3186472
2,0,3204472
3,0,3222476
1,0,3240468
2,0,3258472
3,0,3276472
1,0,3294472
2,0,3312472
3,0,3330472
1,0,3348468
2,0,3366468
3,0,3384472
1,0,3402468
2,0,3420468
3,0,3438472
1,0,3456468
2,0,3474468
3,0,3492468
1,0,3510468
2,0,3528468
3,0,3546472
1,0,3564468
2,0,3582472
3,0,3600468
1,0,3618472
2,3597,3636468
3,0,3654476
1,0,3672468
2,3941,3690472
3,0,3708468
1,0,3726472
2,4503,3744472
3,5853,3762472
1,0,3780468
2,5176,3798468
3,7208,3816468
1,0,3834468
2,5732,3852472
3,0,3870472
1,0,3888468
2,6100,3906468
3,6307,3924472
1,6720,3942468
2,0,3960472
3,0,3978472
1,0,3996472
2,0,4014468
3,0,4032468
1,0,4050472
2,0,4068472
3,5975,4086468
1,0,4104468
2,6526,4122468
3,0,4140468
1,6993,4158480
2,0,4176472
3,5571,4194476
1,0,4212472
2,0,4230472
3,0,4248472
1,6999,4266468
2,0,4284468
3,0,4302468
1,0,4320468
2,0,4338472
3,0,4356468
1,0,4374472
2,0,4392472
3,0,4410468
1,0,4428472
2,0,4446468
3,0,4464468
1,0,4482472
2,0,4500472
3,0,4518468
1,0,4536472
2,0,4554472
3,0,4572476
1,0,4590472
2,0,4608472
3,0,4626472
1,0,4644468
2,0,4662472
3,0,4680472
1,0,4698468
2,0,4716468
3,0,4734468
1,0,4752472
2,0,4770468
3,0,4788472
1,0,4806472
2,0,4824468
3,0,4842472
1,0,4860468
2,0,4878472
3,0,4896472
1,0,4914472
2,0,4932468
3,0,4950476
1,0,4968472
2,0,4986472
3,0,5004468
1,0,5022468
2,0,5040472
3,0,5058472
1,0,5076472
2,0,5094468
3,0,5112472
1,0,5130468
2,0,5148468
3,0,5166476
1,0,5184468
2,0,5202468
3,0,5220468
1,0,5238468
2,0,5256468
3,0,5274468
1,0,5292468
2,0,5310480
3,0,5328472
1,0,5346468
2,0,5364468
3,0,5382472
1,0,5400468
2,0,5418468
3,0,5436472
1,0,5454468
2,0,5472468
3,0,5490472
1,0,5508472
2,0,5526468
3,0,5544476
1,0,5562468
2,0,5580472
3,0,5598468
1,0,5616472
2,0,5634472
3,0,5652472
1,0,5670472
2,0,5688472
3,0,5706476
1,0,5724468
2,0,5742472
3,0,5760472
1,0,5778468
2,0,5796468
3,0,5814472
1,0,5832468
2,0,5850472
3,0,5868472
1,0,5886468
2,0,5904472
3,0,5922472
1,0,5940472
2,0,5958472
3,0,5976472
1,0,5994468
2,0,6012468
3,0,6030472
1,0,6048472
2,0,6066468
3,0,6084472
1,0,6102468
2,0,6120472
3,0,6138472
1,0,6156472
2,0,6174468
3,0,6192472
1,0,6210468
2,0,6228468
3,0,6246472
1,0,6264468
2,0,6282472
3,0,6300472
1,0,6318472
2,0,6336468
3,0,6354476
1,0,6372472
2,0,6390468
3,0,6408472
1,0,6426472
2,0,6444472
3,0,6462480
1,0,6480472
2,0,6498472
3,0,6516468
1,0,6534472
2,0,6552472
3,0,6570472
1,0,6588468
2,0,6606472
3,0,6624472
1,0,6642468
2,0,6660468
3,0,6678468
1,0,6696468
2,0,6714472
3,0,6732472
1,0,6750472
2,0,6768468
3,0,6786472
1,0,6804468
2,0,6822472
3,0,6840472
1,0,6858468
2,0,6876472
3,0,6894468
1,0,6912472
2,0,6930468
3,0,6948468
1,0,6966468
2,0,6984468
3,0,7002472
1,0,7020468
2,0,7038468
3,0,7056472
1,0,7074468
2,0,7092472
3,0,7110468
1,0,7128472
2,0,7146468
3,0,7164468
1,0,7182472
2,0,7200468
3,0,7218468
1,0,7236472
2,0,7254472
3,0,7272476
1,8164,7290472
2,0,7308468
3,0,7326472
1,0,7344468
2,0,7362472
3,0,7380472
1,8598,7398468
2,0,7416468
3,0,7434472
1,0,7452468
2,0,7470468
3,0,7488472
1,0,7506468
2,0,7524472
3,0,7542468
1,0,7560472
2,0,7578468
3,0,7596476
1,0,7614480
2,0,7632468
3,0,7650472
1,0,7668472
2,0,7686468
3,0,7704468
1,0,7722472
2,0,7740468
3,0,7758472
1,0,7776468
2,0,7794468
3,0,7812468
1,0,7830468
2,0,7848468
3,0,7866468
1,0,7884472
2,0,7902468
3,0,7920472
1,0,7938472
2,0,7956468
3,0,7974472
1,0,7992468
2,0,8010472
3,0,8028476
1,0,8046472
2,0,8064468
3,0,8082472
1,0,8100468
2,0,8118472
3,0,8136472
1,0,8154472
2,0,8172472
3,0,8190472
1,0,8208472
2,0,8226472
3,0,8244468
1,0,8262472
2,0,8280472
3,0,8298472
1,0,8316468
2,0,8334472
3,0,8352472
1,0,8370472
2,0,8388472
3,0,8406472
1,0,8424468
2,0,8442472
3,0,8460472
1,0,8478468
2,0,8496472
3,0,8514476
1,0,8532472
2,0,8550468
3,0,8568468
1,8390,8586468
2,0,8604468
3,0,8622472
1,0,8640468
2,0,8658468
3,0,8676472
1,0,8694468
2,0,8712472
3,0,8730472
1,0,8748468
2,0,8766480
3,0,8784472
1,0,8802468
2,0,8820472
3,0,8838468
1,0,8856472
2,0,8874472
3,0,8892476
1,0,8910472
2,0,8928468
3,0,8946472
1,0,8964468
2,0,8982472
3,0,9000472
1,0,9018468
2,0,9036472
3,0,9054476
1,0,9072472
2,0,9090472
3,0,9108468
1,0,9126468
2,0,9144472
3,0,9162472
1,0,9180472
2,0,9198468
3,0,9216476
1,0,9234472
2,0,9252472
3,0,9270468
1,8702,9288472
2,0,9306468
3,0,9324472
1,8889,9342468
2,0,9360468
3,0,9378472
1,8330,9396472
2,0,9414472
3,0,9432472
1,8254,9450472
2,0,9468472
3,0,9486468
1,0,9504468
2,0,9522468
3,0,9540472
1,0,9558472
2,0,9576468
3,0,9594472
1,8661,9612468
2,0,9630468
3,0,9648472
1,0,9666468
2,0,9684468
3,0,9702472
1,0,9720468
2,0,9738468
3,0,9756468
1,8105,9774468
2,0,9792468
3,0,9810472
1,8001,9828472
2,0,9846468
3,0,9864468
1,0,9882468
2,0,9900472
3,0,9918476
1,0,9936468
2,0,9954468
3,0,9972472
1,0,9990472
2,0,10008472
3,0,10026468
1,0,10044472
2,0,10062472
3,0,10080472
1,0,10098472
2,0,10116472
3,0,10134472
1,0,10152472
2,0,10170472
3,0,10188472
1,0,10206472
2,0,10224472
3,0,10242472
1,0,10260472
2,0,10278472
3,0,10296472
1,0,10314472
2,0,10332472
3,0,10350472
1,8719,10368468
2,0,10386472
3,0,10404472
1,7899,10422472
2,0,10440472
3,0,10458472
1,8450,10476472
2,0,10494468
3,0,10512476
1,0,10530468
2,0,10548468
3,0,10566472
1,0,10584468
2,0,10602472
3,0,10620468
1,0,10638472
2,0,10656472
3,0,10674468
1,0,10692472
2,0,10710468
3,0,10728476
1,0,10746468
2,0,10764468
3,0,10782468
1,8004,10800472
2,0,10818472
3,0,10836476
1,8205,10854472
2,0,10872472
3,0,10890472
1,8152,10908472
2,0,10926468
3,0,10944468
1,0,10962468
2,0,10980468
3,0,10998468
1,8755,11016472
2,0,11034472
3,0,11052468
1,8481,11070480
2,0,11088468
3,0,11106476
1,8450,11124468
2,0,11142472
3,0,11160468
1,0,11178472
2,0,11196468
3,0,11214476
1,8492,11232472
2,0,11250472
3,0,11268468
1,0,11286468
2,0,11304472
3,0,11322472
1,0,11340468
2,0,11358468
3,0,11376468
1,0,11394468
2,0,11412468
3,0,11430468
1,0,11448472
2,0,11466472
3,0,11484472
1,0,11502472
2,0,11520468
3,0,11538468
1,0,11556468
2,0,11574468
3,0,11592468
1,0,11610468
2,0,11628468
3,0,11646472
1,0,11664468
2,0,11682468
3,0,11700476
1,0,11718468
2,0,11736472
3,0,11754472
1,0,11772468
2,0,11790472
3,0,11808472
1,0,11826472
2,0,11844472
3,0,11862468
1,0,11880472
2,0,11898472
3,0,11916472
1,0,11934468
2,0,11952468
3,0,11970472
1,0,11988468
2,0,12006472
3,0,12024468
1,0,12042468
2,0,12060468
3,0,12078472
1,0,12096472
2,0,12114468
3,0,12132472
1,0,12150472
2,0,12168472
3,0,12186472
1,0,12204472
2,0,12222480
3,0,12240472
1,0,12258468
2,0,12276468
3,0,12294468
1,0,12312468
2,0,12330472
3,0,12348472
1,0,12366468
2,0,12384468
3,0,12402468
1,0,12420472
2,0,12438472
3,0,12456468
1,0,12474472
2,0,12492472
3,0,12510472
1,0,12528468
2,0,12546468
3,0,12564472
1,0,12582468
2,0,12600468
3,0,12618468
1,0,12636472
2,0,12654472
3,0,12672468
1,0,12690472
2,0,12708468
3,0,12726468
1,0,12744468
2,0,12762472
3,0,12780472
1,0,12798468
2,0,12816472
3,0,12834468
1,0,12852468
2,0,12870468
3,0,12888468
1,0,12906472
2,0,12924472
3,0,12942476
1,0,12960468
2,0,12978468
3,0,12996468
1,8246,13014468
2,0,13032472
3,0,13050472
1,4939,13068472
2,3832,13086472
3,2991,13104476
1,4584,13122472
2,4452,13140472
3,3520,13158472
1,4315,13176472
2,4378,13194468
3,4257,13212468
1,4123,13230468
2,4766,13248472
3,4487,13266476
1,3885,13284468
2,4779,13302468
3,0,13320472
1,3576,13338468
2,4589,13356468
3,0,13374480
1,3267,13392468
2,4351,13410468
3,4633,13428476
1,2896,13446468
2,4207,13464472
3,0,13482472
1,0,13500472
2,3807,13518468
3,0,13536472
1,8432,13554468
2,0,13572468
3,0,13590476
