# fw=05,slot_ms=18,timeout_us=12500
1,5512,476
2,5580,18468
3,5619,36472
1,5568,54468
2,5574,72468
3,5610,90472
1,5566,108468
2,5573,126468
3,5610,144468
1,5562,162472
2,5582,180472
3,5641,198472
1,5555,216468
2,5581,234468
3,5619,252468
1,5566,270472
2,5574,288468
3,5633,306472
1,5565,324468
2,5573,342472
3,5612,360468
1,5556,378468
2,5581,396468
3,5622,414472
1,5557,432468
2,5581,450472
3,5611,468472
1,5566,486472
2,5574,504468
3,5610,522468
1,5566,540472
2,5573,558468
3,5619,576476
1,5558,594472
2,5582,612468
3,5620,630472
1,5564,648472
2,5582,666472
3,5634,684472
1,5565,702480
2,5574,720472
3,5612,738468
1,5557,756468
2,5574,774472
3,5620,792472
1,5557,810472
2,5581,828468
3,5644,846476
1,5564,864468
2,5580,882468
3,5660,900476
1,5566,918468
2,5572,936472
3,5615,954472
1,5558,972468
2,5583,990468
3,5648,1008468
1,5558,1026472
2,5584,1044472
3,5648,1062472
1,5567,1080472
2,5573,1098472
3,5617,1116468
1,5568,1134468
2,5574,1152472
3,5691,1170472
1,5560,1188468
2,5582,1206472
3,5626,1224472
1,5559,1242468
2,5582,1260468
3,5617,1278468
1,5568,1296472
2,5579,1314468
3,5618,1332472
1,5566,1350472
2,5579,1368472
3,5641,1386468
1,5559,1404468
2,5587,1422472
3,5650,1440468
1,5569,1458468
2,5587,1476472
3,5642,1494472
1,5572,1512472
2,5581,1530472
3,5642,1548476
1,5564,1566468
2,5579,1584468
3,5626,1602472
1,5560,1620468
2,5586,1638472
3,5650,1656472
1,5572,1674468
2,5587,1692472
3,5717,1710468
1,5576,1728468
2,5580,1746472
3,5619,1764468
1,5563,1782472
2,5587,1800468
3,5627,1818476
1,5564,1836472
2,5587,1854480
3,5628,1872468
1,5574,1890472
2,5580,1908468
3,5619,1926472
1,5572,1944472
2,5579,1962472
3,5665,1980472
1,5563,1998472
2,5587,2016472
3,5651,2034468
1,5563,2052472
2,5586,2070468
3,5647,2088472
1,5572,2106468
2,5604,2124468
3,5641,2142472
1,5574,2160468
2,5604,2178472
3,5641,2196476
1,5564,2214472
2,5589,2232472
3,5647,2250472
1,5569,2268472
2,5587,2286472
3,5639,2304468
1,5572,2322472
2,5603,2340472
3,5618,2358472
1,5570,2376472
2,5605,2394472
3,5649,2412472
1,5565,2430468
2,5586,2448472
3,5648,2466472
1,5577,2484472
2,5587,2502468
3,5617,2520472
1,5573,2538468
2,5580,2556468
3,5617,2574472
1,5568,2592472
2,5579,2610472
3,5625,2628472
1,5564,2646472
2,5584,2664472
3,5669,2682472
1,5572,2700468
2,5577,2718468
3,5614,2736472
1,5573,2754472
2,5577,2772472
3,5639,2790476
1,5562,2808468
2,5586,2826468
3,5624,2844468
1,5569,2862468
2,5588,2880472
3,5646,2898472
1,5572,2916472
2,5579,2934472
3,5638,2952468
1,5572,2970468
2,5581,2988468
3,5592,3006476
1,5564,3024468
2,5587,3042468
3,5601,3060472
1,5567,3078472
2,5584,3096468
3,5637,3114468
1,5571,3132472
2,5578,3150472
3,5637,3168468
1,5575,3186468
2,5579,3204468
3,5688,3222468
1,5565,3240472
2,5584,3258468
3,5622,3276468
1,5576,3294468
2,5583,3312472
3,5615,3330472
1,5572,3348468
2,5578,3366468
3,5618,3384472
1,5565,3402468
2,5579,3420468
3,5697,3438472
1,5564,3456472
2,5587,3474472
3,5624,3492468
1,5572,3510472
2,5577,3528472
3,5616,3546472
1,5573,3564472
2,5578,3582472
3,5616,3600472
1,5565,3618468
2,5587,3636472
3,5626,3654468
1,5564,3672472
2,5587,3690468
3,5600,3708472
1,5570,3726468
2,5576,3744472
3,5617,3762472
1,5573,3780472
2,5577,3798468
3,5614,3816468
1,5561,3834468
2,5587,3852468
3,5621,3870472
1,5562,3888472
2,5587,3906472
3,5589,3924476
1,5571,3942472
2,5578,3960472
3,5615,3978468
1,5572,3996468
2,5576,4014472
3,5663,4032472
1,5561,4050472
2,5585,4068472
3,5620,4086476
1,5569,4104472
2,5582,4122472
3,5613,4140472
1,5572,4158480
2,5578,4176472
3,5659,4194476
1,5562,4212468
2,5578,4230468
3,5620,4248468
1,5565,4266468
2,5585,4284468
3,5597,4302472
1,5571,4320472
2,5581,4338472
3,5591,4356472
1,5574,4374472
2,5574,4392472
3,5636,4410472
1,5564,4428472
2,5583,4446472
3,5644,4464472
1,5562,4482468
2,5582,4500472
3,5695,4518472
1,5572,4536468
2,5573,4554468
3,5688,4572476
1,5571,4590472
2,5573,4608472
3,5615,4626468
1,5563,4644468
2,5582,4662468
3,5597,4680476
1,5562,4698472
2,5580,4716472
3,5613,4734468
1,5571,4752472
2,5576,4770472
3,5591,4788476
1,5570,4806468
2,5577,4824472
3,5662,4842472
1,5562,4860468
2,5585,4878468
3,5695,4896472
1,5570,4914468
2,5582,4932472
3,5614,4950476
1,5570,4968468
2,5577,4986472
3,5687,5004468
1,5563,5022472
2,5576,5040472
3,5600,5058476
1,5563,5076468
2,5582,5094468
3,5621,5112468
1,5570,5130472
2,5586,5148468
3,5614,5166472
1,5571,5184472
2,5576,5202468
3,5591,5220468
1,5562,5238472
2,5581,5256468
3,5695,5274476
1,5563,5292468
2,5581,5310476
3,5620,5328476
1,5571,5346468
2,5576,5364468
3,5615,5382468
1,5570,5400468
2,5573,5418468
3,5612,5436468
1,5564,5454472
2,5579,5472472
3,5598,5490468
1,5564,5508468
2,5580,5526468
3,5643,5544468
1,5570,5562468
2,5572,5580472
3,5611,5598472
1,5571,5616468
2,5573,5634468
3,5664,5652472
1,5565,5670468
2,5584,5688472
3,5621,5706472
1,5565,5724472
2,5586,5742468
3,5614,5760468
1,5572,5778468
2,5574,5796468
3,5591,5814476
1,5561,5832468
2,5573,5850472
3,5597,5868472
1,5562,5886472
2,5581,5904468
3,5621,5922476
1,5571,5940468
2,5581,5958472
3,5661,5976472
1,5567,5994472
2,5575,6012468
3,5589,6030468
1,5563,6048472
2,5576,6066472
3,5600,6084468
1,5562,6102468
2,5581,6120476
3,5622,6138468
1,5570,6156468
2,5571,6174468
3,5612,6192472
1,5566,6210472
2,5576,6228472
3,5611,6246476
1,5558,6264468
2,5580,6282472
3,5644,6300468
1,5558,6318468
2,5582,6336472
3,5666,6354472
1,5566,6372472
2,5574,6390468
3,5589,6408468
1,5572,6426472
2,5574,6444472
3,5612,6462480
1,5556,6480472
2,5582,6498472
3,5597,6516472
1,5557,6534472
2,5582,6552472
3,5612,6570472
1,5566,6588468
2,5573,6606472
3,5635,6624468
1,5567,6642472
2,5574,6660468
3,5684,6678472
1,5558,6696468
2,5581,6714472
3,5643,6732472
1,5566,6750468
2,5580,6768472
3,5632,6786468
1,5567,6804472
2,5571,6822472
3,5635,6840468
1,5559,6858472
2,5573,6876468
3,5618,6894476
1,5537,6912468
2,5582,6930472
3,5619,6948472
1,5566,6966468
2,5571,6984468
3,5635,7002472
1,5565,7020468
2,5574,7038472
3,5634,7056472
1,5555,7074472
2,5580,7092472
3,5642,7110472
1,5555,7128468
2,5581,7146472
3,5644,7164472
1,5565,7182472
2,5572,7200472
3,5685,7218468
1,5564,7236468
2,5571,7254468
3,5635,7272468
1,5556,7290472
2,5580,7308472
3,5645,7326472
1,5557,7344468
2,5582,7362472
3,5635,7380472
1,5565,7398468
2,5573,7416468
3,5612,7434468
1,5566,7452468
2,5571,7470468
3,5597,7488472
1,5556,7506468
2,5578,7524468
3,5619,7542472
1,5563,7560468
2,5580,7578468
3,5612,7596472
1,5565,7614480
2,5571,7632468
3,5637,7650472
1,5558,7668472
2,5573,7686472
3,5645,7704468
1,5558,7722468
2,5581,7740468
3,5624,7758468
1,5566,7776468
2,5582,7794472
3,5712,7812472
1,5567,7830468
2,5572,7848472
3,5615,7866472
1,5557,7884472
2,5580,7902468
3,5622,7920472
1,5557,7938472
2,5578,7956472
3,5647,7974472
1,5566,7992472
2,5574,8010472
3,5619,8028476
1,5565,8046472
2,5599,8064472
3,5619,8082472
1,5559,8100468
2,5582,8118472
3,5697,8136476
1,5558,8154472
2,5582,8172472
3,5640,8190476
1,5566,8208472
2,5574,8226472
3,5691,8244472
1,5567,8262468
2,5578,8280472
3,5715,8298472
1,5559,8316468
2,5582,8334472
3,5625,8352472
1,5567,8370472
2,5581,8388468
3,5618,8406476
1,5564,8424472
2,5573,8442468
3,5642,8460468
1,5557,8478472
2,5573,8496472
3,5648,8514472
1,5556,8532472
2,5582,8550472
3,5649,8568472
1,5571,8586472
2,5587,8604468
3,5664,8622476
1,5565,8640472
2,5578,8658468
3,5715,8676476
1,5561,8694468
2,5585,8712472
3,5723,8730476
1,5558,8748468
2,5582,8766476
3,5649,8784468
1,5569,8802472
2,5578,8820472
3,5664,8838476
1,5567,8856468
2,5580,8874472
3,5665,8892468
1,5556,8910468
2,5584,8928468
3,5673,8946468
1,5563,8964468
2,5586,8982472
3,5628,9000468
1,5571,9018472
2,5578,9036472
3,5641,9054472
1,5571,9072468
2,5577,9090468
3,5642,9108468
1,5561,9126472
2,5584,9144468
3,5625,9162472
1,5570,9180468
2,5585,9198472
3,5618,9216468
1,5571,9234472
2,5580,9252472
3,5641,9270468
1,5564,9288472
2,5577,9306472
3,5628,9324468
1,5564,9342468
2,5586,9360472
3,5724,9378476
1,5573,9396472
2,5586,9414468
3,5718,9432472
1,5572,9450468
2,5604,9468472
3,5619,9486472
1,5563,9504468
2,5582,9522468
3,5651,9540468
1,5559,9558468
2,5586,9576476
3,5701,9594472
1,5570,9612468
2,5578,9630468
3,5619,9648472
1,5572,9666468
2,5581,9684468
3,5718,9702468
1,5562,9720472
2,5586,9738472
3,5629,9756468
1,5562,9774472
2,5587,9792468
3,5672,9810472
1,5569,9828468
2,5604,9846468
3,5642,9864472
1,5571,9882472
2,5579,9900468
3,5644,9918480
1,5563,9936472
2,5587,9954472
3,5652,9972468
1,5563,9990468
2,5612,10008472
3,5619,10026468
1,5571,10044468
2,5606,10062472
3,5620,10080472
1,5570,10098472
2,5606,10116468
3,5652,10134472
1,5569,10152472
2,5615,10170468
3,5700,10188468
1,5572,10206472
2,5614,10224472
3,5668,10242476
1,5572,10260468
2,5606,10278472
3,5717,10296468
1,5566,10314468
2,5605,10332468
3,5723,10350472
1,5567,10368472
2,5613,10386472
3,5652,10404468
1,5574,10422468
2,5604,10440468
3,5717,10458472
1,5576,10476472
2,5604,10494468
3,5620,10512472
1,5565,10530472
2,5613,10548472
3,5650,10566468
1,5564,10584468
2,5585,10602472
3,5674,10620468
1,5573,10638472
2,5604,10656468
3,5620,10674468
1,5578,10692472
2,5605,10710468
3,5642,10728472
1,5570,10746468
2,5592,10764472
3,5629,10782472
