# fw=05,slot_ms=18,timeout_us=12500
1,0,476
2,0,18468
3,0,36472
1,0,54472
2,0,72468
3,0,90468
1,0,108468
2,0,126468
3,0,144476
1,0,162472
2,0,180468
3,0,198472
1,0,216468
2,0,234472
3,0,252472
1,0,270472
2,0,288468
3,0,306472
1,0,324472
2,0,342472
3,0,360468
1,0,378468
2,0,396472
3,0,414472
1,0,432468
2,0,450472
3,0,468472
1,0,486472
2,0,504468
3,0,522472
1,0,540472
2,0,558472
3,0,576472
1,0,594468
2,0,612468
3,0,630472
1,0,648472
2,0,666468
3,0,684468
1,0,702476
2,0,720468
3,0,738472
1,0,756468
2,0,774468
3,0,792472
1,0,810472
2,0,828472
3,0,846468
1,0,864472
2,0,882468
3,0,900468
1,0,918468
2,0,936468
3,0,954476
1,0,972468
2,0,990472
3,0,1008472
1,0,1026472
2,0,1044472
3,0,1062472
1,0,1080468
2,0,1098472
3,0,1116472
1,0,1134468
2,0,1152468
3,0,1170468
1,0,1188472
2,0,1206468
3,0,1224472
1,0,1242468
2,0,1260468
3,0,1278468
1,0,1296472
2,0,1314468
3,0,1332468
1,0,1350472
2,0,1368472
3,0,1386472
1,0,1404468
2,0,1422472
3,0,1440472
1,0,1458468
2,0,1476472
3,0,1494472
1,0,1512468
2,0,1530472
3,0,1548476
1,0,1566472
2,0,1584472
3,0,1602468
1,0,1620472
2,0,1638468
3,0,1656476
1,0,1674468
2,0,1692468
3,0,1710472
1,0,1728468
2,0,1746468
3,0,1764468
1,0,1782472
2,0,1800468
3,0,1818468
1,0,1836468
2,0,1854480
3,0,1872476
1,0,1890472
2,0,1908472
3,0,1926472
1,0,1944472
2,0,1962472
3,0,1980468
1,0,1998472
2,0,2016468
3,0,2034472
1,0,2052468
2,0,2070472
3,0,2088468
1,0,2106472
2,0,2124472
3,0,2142468
1,0,2160472
2,0,2178472
3,0,2196468
1,0,2214472
2,0,2232468
3,0,2250472
1,0,2268468
2,0,2286472
3,0,2304468
1,0,2322468
2,0,2340468
3,0,2358472
1,0,2376468
2,0,2394468
3,0,2412472
1,0,2430472
2,0,2448468
3,0,2466472
1,0,2484472
2,0,2502468
3,0,2520472
1,0,2538468
2,0,2556468
3,0,2574476
1,0,2592472
2,0,2610472
3,0,2628468
1,0,2646468
2,0,2664472
3,0,2682472
1,0,2700468
2,0,2718472
3,0,2736476
1,0,2754472
2,0,2772468
3,0,2790472
1,0,2808468
2,0,2826472
3,0,2844472
1,0,2862472
2,0,2880468
3,0,2898472
1,0,2916468
2,0,2934472
3,0,2952468
1,0,2970472
2,0,2988472
3,0,3006484
1,0,3024472
2,0,3042468
3,0,3060472
1,0,3078468
2,0,3096472
3,0,3114472
1,0,3132472
2,0,3150468
3,0,3168472
1,5014,3186468
2,0,3204468
3,0,3222468
1,0,3240472
2,0,3258468
3,0,3276472
1,0,3294468
2,7401,3312472
3,0,3330472
1,0,3348468
2,0,3366472
3,0,3384476
1,0,3402472
2,0,3420472
3,0,3438468
1,0,3456472
2,0,3474472
3,0,3492468
1,0,3510472
2,0,3528468
3,0,3546472
1,0,3564468
2,0,3582468
3,0,3600472
1,0,3618472
2,9317,3636468
3,0,3654472
1,0,3672468
2,0,3690472
3,0,3708472
1,0,3726468
2,0,3744472
3,0,3762476
1,0,3780472
2,0,3798472
3,0,3816472
1,0,3834468
2,0,3852472
3,0,3870468
1,0,3888468
2,0,3906472
3,0,3924472
1,0,3942468
2,0,3960472
3,0,3978468
1,0,3996472
2,0,4014472
3,0,4032476
1,0,4050472
2,0,4068468
3,0,4086472
1,0,4104472
2,0,4122468
3,0,4140472
1,0,4158480
2,0,4176472
3,0,4194468
1,0,4212472
2,0,4230468
3,0,4248468
1,0,4266472
2,0,4284468
3,0,4302468
1,0,4320472
2,0,4338468
3,0,4356476
1,0,4374472
2,0,4392472
3,0,4410468
1,0,4428472
2,0,4446468
3,0,4464472
1,0,4482472
2,0,4500468
3,0,4518472
1,0,4536468
2,0,4554472
3,0,4572472
1,0,4590472
2,0,4608472
3,0,4626476
1,0,4644472
2,0,4662468
3,0,4680472
1,0,4698468
2,0,4716472
3,0,4734472
1,0,4752472
2,0,4770468
3,0,4788472
1,0,4806472
2,0,4824468
3,0,4842472
1,0,4860468
2,0,4878468
3,0,4896468
1,0,4914472
2,0,4932468
3,0,4950468
1,0,4968476
2,0,4986468
3,0,5004472
1,0,5022472
2,0,5040468
3,0,5058472
1,0,5076468
2,0,5094472
3,0,5112468
1,0,5130468
2,0,5148468
3,0,5166468
1,0,5184472
2,0,5202472
3,0,5220472
1,0,5238472
2,0,5256468
3,0,5274472
1,0,5292468
2,0,5310480
3,0,5328472
1,0,5346468
2,0,5364472
3,0,5382468
1,0,5400472
2,0,5418472
3,0,5436468
1,0,5454472
2,0,5472468
3,0,5490472
1,0,5508468
2,0,5526472
3,0,5544472
1,0,5562468
2,0,5580472
3,0,5598468
1,0,5616472
2,0,5634472
3,0,5652468
1,0,5670472
2,0,5688468
3,0,5706472
1,0,5724468
2,0,5742472
3,0,5760472
1,0,5778468
2,0,5796468
3,0,5814472
1,0,5832468
2,0,5850472
3,0,5868468
1,0,5886472
2,0,5904468
3,0,5922472
1,0,5940468
2,0,5958472
3,0,5976472
1,0,5994468
2,0,6012468
3,0,6030472
1,0,6048472
2,0,6066468
3,0,6084472
1,0,6102472
2,0,6120476
3,0,6138472
1,0,6156472
2,0,6174468
3,0,6192472
1,0,6210472
2,0,6228472
3,0,6246468
1,0,6264472
2,0,6282468
3,0,6300472
1,0,6318468
2,0,6336472
3,0,6354472
1,0,6372468
2,0,6390468
3,0,6408472
1,0,6426472
2,0,6444472
3,0,6462476
1,0,6480468
2,0,6498468
3,0,6516472
1,0,6534468
2,0,6552472
3,0,6570472
1,0,6588468
2,0,6606472
3,0,6624472
1,0,6642468
2,0,6660468
3,0,6678472
1,0,6696472
2,0,6714468
3,0,6732468
1,0,6750468
2,0,6768468
3,0,6786468
1,0,6804472
2,0,6822468
3,0,6840472
1,0,6858468
2,0,6876472
3,0,6894468
1,0,6912472
2,0,6930468
3,0,6948472
1,0,6966468
2,0,6984468
3,0,7002472
1,0,7020472
2,0,7038472
3,0,7056468
1,0,7074472
2,0,7092468
3,0,7110472
1,0,7128468
2,0,7146472
3,0,7164472
1,0,7182472
2,0,7200472
3,0,7218468
1,0,7236472
2,0,7254472
3,0,7272468
1,0,7290472
2,0,7308472
3,0,7326476
1,0,7344472
2,0,7362468
3,0,7380476
1,0,7398472
2,0,7416468
3,0,7434472
1,0,7452468
2,0,7470468
3,0,7488472
1,0,7506468
2,0,7524472
3,0,7542468
1,0,7560468
2,0,7578468
3,0,7596468
1,0,7614476
2,0,7632472
3,0,7650468
1,0,7668468
2,0,7686468
3,0,7704468
1,0,7722472
2,0,7740468
3,0,7758476
1,0,7776472
2,0,7794468
3,0,7812468
1,0,7830468
2,0,7848468
3,0,7866472
1,0,7884472
2,0,7902468
3,0,7920472
1,0,7938468
2,3444,7956472
3,0,7974472
1,0,7992468
2,4005,8010472
3,6264,8028472
1,0,8046468
2,4530,8064472
3,6246,8082476
1,0,8100468
2,4974,8118472
3,6033,8136472
1,5556,8154468
2,5224,8172468
3,5806,8190468
1,5454,8208472
2,5328,8226468
3,5577,8244472
1,5300,8262472
2,5398,8280468
3,5148,8298476
1,5028,8316468
2,5381,8334472
3,4799,8352468
1,4703,8370468
2,5318,8388468
3,3962,8406472
1,4335,8424472
2,5336,8442472
3,0,8460472
1,4102,8478468
2,0,8496468
3,0,8514468
1,0,8532472
2,0,8550468
3,0,8568472
