# fw=05,slot_ms=18,timeout_us=12500
1,0,476
2,0,18468
3,0,36472
1,0,54472
2,0,72468
3,0,90476
1,0,108468
2,0,126468
3,0,144472
1,0,162468
2,0,180468
3,0,198472
1,0,216472
2,0,234468
3,0,252472
1,0,270468
2,0,288472
3,0,306468
1,0,324468
2,0,342468
3,0,360472
1,0,378472
2,0,396472
3,0,414476
1,0,432472
2,0,450472
3,0,468472
1,0,486472
2,0,504468
3,0,522472
1,0,540468
2,0,558472
3,0,576468
1,0,594472
2,0,612472
3,0,630468
1,0,648468
2,0,666472
3,0,684472
1,0,702480
2,0,720468
3,0,738472
1,0,756472
2,0,774472
3,0,792476
1,0,810468
2,0,828472
3,0,846468
1,0,864472
2,0,882468
3,0,900472
1,0,918468
2,0,936472
3,0,954468
1,0,972468
2,0,990468
3,0,1008472
1,0,1026472
2,0,1044472
3,0,1062472
1,0,1080468
2,0,1098468
3,0,1116472
1,0,1134468
2,0,1152468
3,10165,1170468
1,0,1188472
2,0,1206468
3,9817,1224468
1,0,1242468
2,0,1260468
3,9542,1278476
1,0,1296472
2,0,1314468
3,9327,1332468
1,0,1350472
2,0,1368472
3,9230,1386472
1,0,1404468
2,0,1422472
3,9671,1440472
1,0,1458468
2,0,1476468
3,0,1494476
1,0,1512472
2,0,1530468
3,0,1548472
1,0,1566468
2,0,1584472
3,0,1602472
1,0,1620468
2,0,1638472
3,0,1656472
1,0,1674472
2,0,1692468
3,0,1710472
1,0,1728468
2,0,1746472
3,0,1764468
1,0,1782472
2,0,1800468
3,0,1818468
1,0,1836468
2,0,1854480
3,0,1872468
1,0,1890472
2,0,1908468
3,0,1926472
1,0,1944468
2,0,1962472
3,0,1980468
1,0,1998472
2,0,2016468
3,0,2034468
1,0,2052468
2,0,2070468
3,0,2088472
1,0,2106468
2,0,2124472
3,0,2142476
1,0,2160472
2,0,2178472
3,0,2196472
1,0,2214468
2,0,2232472
3,0,2250472
1,0,2268472
2,0,2286472
3,0,2304472
1,0,2322472
2,0,2340472
3,0,2358468
1,0,2376472
2,0,2394468
3,0,2412472
1,0,2430468
2,0,2448472
3,0,2466476
1,0,2484468
2,0,2502472
3,0,2520468
1,0,2538472
2,0,2556472
3,0,2574468
1,0,2592472
2,0,2610468
3,0,2628468
1,0,2646472
2,0,2664472
3,0,2682472
1,0,2700468
2,0,2718472
3,0,2736476
1,0,2754472
2,0,2772472
3,0,2790472
1,0,2808472
2,0,2826468
3,0,2844468
1,0,2862472
2,0,2880468
3,0,2898472
1,0,2916468
2,0,2934472
3,0,2952468
1,0,2970472
2,0,2988472
3,0,3006484
1,0,3024472
2,0,3042468
3,0,3060468
1,0,3078472
2,0,3096468
3,0,3114472
1,0,3132472
2,0,3150468
3,0,3168468
1,0,3186468
2,0,3204472
3,0,3222468
1,0,3240468
2,0,3258472
3,0,3276476
1,0,3294468
2,0,3312472
3,0,3330468
1,0,3348472
2,0,3366468
3,0,3384468
1,0,3402472
2,0,3420468
3,0,3438468
1,0,3456472
2,0,3474468
3,0,3492468
1,0,3510472
2,3249,3528468
3,8770,3546472
1,3090,3564468
2,3587,3582468
3,0,3600468
1,3330,3618472
2,0,3636468
3,0,3654468
1,3639,3672472
2,4535,3690468
3,8779,3708472
1,3917,3726472
2,4991,3744472
3,0,3762476
1,4092,3780472
2,4921,3798472
3,8899,3816472
1,4247,3834472
2,4944,3852472
3,0,3870472
1,0,3888468
2,4793,3906472
3,0,3924476
1,5359,3942468
2,4539,3960468
3,0,3978472
1,5071,3996468
2,0,4014468
3,0,4032468
1,0,4050472
2,3702,4068472
3,0,4086472
1,0,4104468
2,3427,4122468
3,0,4140476
1,0,4158480
2,0,4176472
3,0,4194468
1,0,4212472
2,0,4230468
3,0,4248468
1,0,4266472
2,0,4284472
3,0,4302468
1,0,4320472
2,0,4338468
3,0,4356476
1,0,4374472
2,0,4392468
3,0,4410472
1,0,4428472
2,0,4446468
3,0,4464472
1,0,4482468
2,0,4500472
3,0,4518476
1,0,4536472
2,0,4554472
3,0,4572468
1,0,4590468
2,0,4608468
3,0,4626468
1,0,4644472
2,0,4662468
3,0,4680468
1,0,4698468
2,0,4716468
3,0,4734468
1,0,4752468
2,0,4770472
3,0,4788468
1,0,4806472
2,0,4824472
3,0,4842476
1,0,4860472
2,0,4878468
3,0,4896472
1,0,4914472
2,0,4932472
3,0,4950468
1,0,4968476
2,0,4986468
3,0,5004472
1,0,5022468
2,0,5040468
3,0,5058468
1,0,5076472
2,0,5094472
3,0,5112472
1,0,5130472
2,0,5148472
3,0,5166472
1,0,5184468
2,0,5202468
3,0,5220468
1,0,5238468
2,0,5256472
3,0,5274472
1,0,5292472
2,0,5310480
3,0,5328468
1,0,5346472
2,0,5364468
3,0,5382472
1,0,5400468
2,0,5418468
3,0,5436468
1,0,5454468
2,0,5472468
3,0,5490472
1,0,5508468
2,0,5526472
3,0,5544472
1,0,5562472
2,0,5580468
3,0,5598472
1,0,5616472
2,0,5634472
3,0,5652472
1,0,5670468
2,0,5688472
3,0,5706472
1,0,5724468
2,0,5742472
3,0,5760472
1,0,5778472
2,0,5796468
3,0,5814472
1,0,5832468
2,0,5850472
3,0,5868476
1,0,5886468
2,0,5904468
3,0,5922468
1,0,5940472
2,0,5958468
3,0,5976472
1,0,5994472
2,0,6012472
3,0,6030476
1,0,6048472
2,0,6066468
3,0,6084472
1,0,6102472
2,0,6120476
3,0,6138472
1,0,6156468
2,0,6174472
3,0,6192468
1,0,6210472
2,0,6228472
3,0,6246468
1,0,6264472
2,0,6282468
3,0,6300472
1,0,6318472
2,0,6336472
3,0,6354472
1,0,6372468
2,0,6390472
3,0,6408468
1,0,6426472
2,0,6444472
3,0,6462484
1,0,6480472
2,0,6498468
3,0,6516468
1,0,6534472
2,0,6552468
3,0,6570476
1,0,6588472
2,0,6606468
3,0,6624468
1,0,6642472
2,0,6660472
3,0,6678472
1,0,6696472
2,0,6714468
3,0,6732472
1,0,6750468
2,0,6768472
3,0,6786472
1,0,6804468
2,0,6822472
3,0,6840472
1,0,6858468
2,0,6876472
3,0,6894468
1,0,6912472
2,0,6930468
3,0,6948472
1,0,6966468
2,0,6984472
3,0,7002472
1,0,7020472
2,0,7038472
3,0,7056472
1,0,7074468
2,0,7092472
3,0,7110472
1,0,7128472
2,0,7146468
3,0,7164468
1,0,7182472
2,0,7200468
3,0,7218468
1,0,7236472
2,0,7254472
3,0,7272476
1,0,7290472
2,0,7308468
3,0,7326472
1,0,7344468
2,0,7362472
3,0,7380472
1,0,7398472
2,0,7416472
3,0,7434468
1,0,7452472
2,0,7470468
3,0,7488468
1,0,7506472
2,0,7524468
3,0,7542472
1,0,7560472
2,0,7578468
3,0,7596472
1,0,7614480
2,0,7632468
3,0,7650472
1,0,7668472
2,0,7686472
3,0,7704472
1,0,7722468
2,8897,7740472
3,0,7758468
1,0,7776468
2,0,7794472
3,0,7812472
1,0,7830468
2,0,7848468
3,0,7866472
1,0,7884468
2,0,7902468
3,0,7920468
1,0,7938468
2,0,7956472
3,0,7974468
1,0,7992472
2,0,8010468
3,0,8028468
1,0,8046472
2,0,8064472
3,0,8082476
1,0,8100472
2,0,8118468
3,0,8136472
1,0,8154472
2,0,8172468
3,0,8190468
1,0,8208468
2,0,8226468
3,0,8244472
1,0,8262468
2,0,8280472
3,0,8298476
1,0,8316472
2,8858,8334468
3,0,8352468
1,0,8370472
2,0,8388468
3,0,8406468
1,0,8424472
2,0,8442472
3,0,8460468
1,0,8478468
2,0,8496472
3,0,8514476
1,0,8532472
2,8895,8550468
3,0,8568476
1,0,8586472
2,8856,8604468
3,0,8622472
1,0,8640472
2,0,8658472
3,0,8676472
1,0,8694472
2,0,8712468
3,0,8730468
1,0,8748472
2,8962,8766476
3,0,8784472
1,0,8802468
2,8910,8820472
3,0,8838476
1,4565,8856472
2,8912,8874472
3,0,8892476
1,4828,8910472
2,8932,8928468
3,0,8946476
1,4920,8964472
2,0,8982468
3,0,9000472
1,4909,9018468
2,0,9036468
3,6118,9054472
1,4923,9072468
2,0,9090468
3,0,9108472
1,0,9126472
2,0,9144468
3,0,9162472
1,0,9180468
2,5349,9198472
3,0,9216468
1,0,9234468
2,0,9252472
3,0,9270476
1,0,9288472
2,0,9306468
3,0,9324472
1,0,9342468
2,8900,9360468
3,0,9378472
1,0,9396472
2,0,9414468
3,0,9432472
1,0,9450472
2,0,9468472
3,0,9486472
1,0,9504468
2,0,9522472
3,0,9540468
1,0,9558468
2,0,9576472
3,0,9594476
1,0,9612472
2,0,9630468
3,0,9648472
1,0,9666468
2,8894,9684468
3,0,9702468
1,0,9720468
2,0,9738472
3,0,9756472
1,0,9774468
2,0,9792472
3,0,9810472
1,0,9828472
2,0,9846468
3,0,9864472
1,0,9882468
2,8920,9900468
3,0,9918480
1,0,9936472
2,0,9954468
3,0,9972468
1,0,9990468
2,8904,10008472
3,0,10026468
1,0,10044472
2,0,10062472
3,0,10080472
1,0,10098468
2,0,10116472
3,0,10134472
1,0,10152468
2,0,10170472
3,0,10188472
1,0,10206468
2,0,10224472
3,0,10242468
1,0,10260468
2,0,10278468
3,0,10296468
1,0,10314468
2,0,10332472
3,0,10350468
1,0,10368472
2,0,10386472
3,0,10404472
1,0,10422472
2,0,10440472
3,0,10458472
1,0,10476472
2,0,10494472
3,0,10512472
1,0,10530472
2,8917,10548472
3,0,10566468
1,0,10584468
2,0,10602472
3,0,10620468
1,0,10638472
2,0,10656472
3,0,10674472
1,0,10692472
2,0,10710468
3,0,10728468
1,0,10746472
2,0,10764472
3,0,10782472
1,0,10800468
2,0,10818468
3,0,10836472
1,0,10854472
2,0,10872472
3,0,10890472
1,0,10908468
2,0,10926472
3,0,10944468
1,0,10962472
2,0,10980472
3,0,10998472
1,0,11016472
2,0,11034468
3,0,11052472
1,0,11070476
2,0,11088468
3,0,11106468
1,0,11124472
2,0,11142472
3,0,11160472
1,0,11178468
2,0,11196468
3,0,11214472
1,0,11232468
2,0,11250468
3,0,11268472
1,0,11286468
2,0,11304472
3,0,11322472
1,0,11340468
2,0,11358468
3,0,11376468
1,0,11394468
2,0,11412468
3,0,11430468
1,0,11448472
2,0,11466472
3,0,11484468
1,0,11502468
2,0,11520468
3,0,11538472
1,0,11556468
2,0,11574468
3,0,11592468
1,0,11610468
2,0,11628472
3,0,11646476
1,0,11664472
2,0,11682472
3,9736,11700472
1,0,11718472
2,0,11736468
3,0,11754468
1,0,11772468
2,0,11790472
3,0,11808472
1,0,11826468
2,0,11844468
3,0,11862472
1,0,11880468
2,0,11898468
3,0,11916468
1,0,11934472
2,0,11952468
3,0,11970468
1,0,11988472
2,0,12006468
3,0,12024472
1,0,12042468
2,0,12060468
3,0,12078472
1,0,12096468
2,0,12114472
3,0,12132476
1,0,12150472
2,0,12168472
3,0,12186472
1,0,12204468
2,0,12222476
3,0,12240468
1,0,12258468
2,0,12276472
3,0,12294472
1,0,12312472
2,0,12330472
3,0,12348472
1,0,12366472
2,0,12384468
3,0,12402476
1,0,12420468
2,0,12438468
3,0,12456472
1,0,12474468
2,0,12492468
3,0,12510472
1,0,12528468
2,0,12546472
3,0,12564472
1,0,12582468
2,0,12600472
3,0,12618472
1,0,12636472
2,0,12654472
3,9487,12672472
1,0,12690468
2,0,12708472
3,0,12726472
1,0,12744468
2,0,12762472
3,0,12780472
1,0,12798468
2,0,12816472
3,0,12834472
1,0,12852472
2,0,12870468
3,0,12888468
1,0,12906472
2,0,12924468
3,0,12942472
1,3313,12960472
2,3922,12978472
3,0,12996468
1,3109,13014468
2,4163,13032472
3,0,13050472
1,3221,13068472
2,4496,13086468
3,9135,13104472
1,3303,13122472
2,4799,13140468
3,0,13158476
1,3313,13176468
2,5021,13194468
3,0,13212472
1,3314,13230472
2,4912,13248472
3,0,13266472
1,3380,13284472
2,4933,13302468
3,0,13320472
1,4625,13338472
2,4703,13356468
3,0,13374480
1,4345,13392468
2,0,13410468
3,0,13428468
1,0,13446472
2,0,13464468
3,9019,13482472
1,0,13500468
2,0,13518468
3,0,13536468
1,0,13554472
2,0,13572468
3,0,13590468
1,0,13608472
2,0,13626472
3,0,13644472
1,0,13662472
2,0,13680468
3,8840,13698472
1,0,13716472
2,0,13734468
3,0,13752468
1,0,13770472
2,0,13788472
3,0,13806472
1,0,13824468
2,0,13842468
3,0,13860472
1,0,13878468
2,0,13896468
3,0,13914468
1,0,13932472
2,0,13950472
3,0,13968472
1,0,13986472
2,0,14004468
3,0,14022476
1,0,14040468
2,0,14058472
3,0,14076468
1,0,14094468
2,0,14112468
3,0,14130468
1,0,14148472
2,0,14166468
3,0,14184472
1,0,14202472
2,0,14220472
3,0,14238476
1,0,14256468
2,0,14274468
3,0,14292472
1,0,14310468
2,0,14328472
3,0,14346472
1,0,14364468
2,0,14382472
3,0,14400472
1,0,14418472
2,0,14436468
3,0,14454468
1,0,14472472
2,0,14490472
3,0,14508468
1,0,14526480
2,0,14544472
3,0,14562472
1,0,14580468
2,0,14598468
3,0,14616468
1,0,14634472
2,0,14652468
3,0,14670476
1,0,14688472
2,0,14706472
3,0,14724468
1,0,14742472
2,0,14760472
3,0,14778472
1,0,14796468
2,0,14814468
3,0,14832468
1,0,14850472
2,0,14868472
3,0,14886472
1,0,14904472
2,0,14922472
3,0,14940472
1,0,14958468
2,0,14976468
3,0,14994468
1,0,15012472
2,0,15030472
3,0,15048476
1,0,15066468
2,0,15084468
3,0,15102472
1,0,15120472
2,0,15138472
3,0,15156476
1,0,15174468
2,0,15192468
3,0,15210468
1,0,15228472
2,0,15246472
3,0,15264476
1,0,15282468
2,0,15300472
3,0,15318472
1,0,15336476
2,0,15354468
3,0,15372472
1,0,15390468
2,0,15408472
3,0,15426472
1,0,15444468
2,0,15462468
3,0,15480468
1,0,15498472
2,0,15516472
3,0,15534472
1,0,15552468
2,0,15570472
3,0,15588476
1,0,15606468
2,0,15624472
3,0,15642472
1,0,15660468
2,0,15678476
3,0,15696472
1,0,15714472
2,0,15732472
3,0,15750472
1,0,15768468
2,0,15786472
3,0,15804476
1,0,15822472
2,0,15840472
3,0,15858472
1,0,15876472
2,0,15894468
3,0,15912472
1,0,15930468
2,0,15948468
3,0,15966472
1,0,15984468
2,0,16002468
3,0,16020472
1,0,16038468
2,0,16056468
3,0,16074468
1,0,16092472
2,0,16110472
3,0,16128468
1,0,16146468
2,0,16164468
3,0,16182472
1,0,16200472
2,0,16218468
3,0,16236476
1,0,16254472
2,0,16272472
3,0,16290472
1,0,16308472
2,0,16326472
3,0,16344468
1,0,16362472
2,0,16380472
3,0,16398476
1,0,16416468
2,0,16434472
3,0,16452472
1,0,16470468
2,0,16488476
3,0,16506472
1,0,16524472
2,0,16542472
3,0,16560472
1,0,16578468
2,0,16596472
3,0,16614472
1,4679,16632472
2,0,16650468
3,0,16668468
1,4659,16686468
2,6527,16704468
3,0,16722472
1,4501,16740472
2,0,16758472
3,5777,16776472
1,4281,16794472
2,0,16812468
3,0,16830476
1,3991,16848472
2,5197,16866472
3,0,16884468
1,3606,16902468
2,4716,16920472
3,0,16938472
1,3329,16956472
2,0,16974472
3,0,16992472
1,0,17010472
2,0,17028472
3,0,17046472
1,0,17064472
2,0,17082472
3,0,17100472
1,0,17118468
2,0,17136468
3,0,17154472
1,0,17172468
2,0,17190468
3,0,17208472
1,0,17226472
2,0,17244472
3,0,17262472
1,0,17280472
2,0,17298472
3,0,17316472
1,0,17334468
2,0,17352468
3,0,17370468
1,0,17388468
2,0,17406468
3,0,17424468
1,0,17442472
2,0,17460472
3,0,17478472
1,0,17496468
2,0,17514468
3,0,17532472
1,0,17550468
2,0,17568472
3,0,17586472
1,0,17604468
2,0,17622468
3,0,17640472
1,0,17658468
2,0,17676468
3,0,17694468
1,0,17712468
2,0,17730468
3,0,17748472
1,0,17766472
2,0,17784468
3,0,17802472
1,0,17820472
2,0,17838472
3,0,17856472
1,0,17874468
2,0,17892472
3,0,17910472
1,0,17928468
2,0,17946468
3,0,17964472
1,0,17982476
2,0,18000468
3,0,18018472
1,0,18036472
2,0,18054468
3,0,18072472
1,0,18090468
2,0,18108468
3,0,18126468
1,0,18144472
2,0,18162472
3,0,18180472
1,0,18198468
2,0,18216472
3,0,18234472
1,0,18252472
2,0,18270472
3,0,18288476
1,0,18306472
2,0,18324472
3,0,18342472
1,0,18360468
2,0,18378472
3,0,18396472
1,0,18414468
2,0,18432472
3,0,18450472
1,0,18468468
2,0,18486468
3,0,18504476
1,0,18522468
2,0,18540472
3,0,18558468
1,0,18576472
2,0,18594472
3,0,18612472
1,0,18630468
2,0,18648472
3,0,18666472
1,0,18684468
2,0,18702472
3,0,18720472
1,0,18738472
2,0,18756472
3,0,18774472
1,0,18792476
2,0,18810468
3,0,18828472
1,0,18846468
2,0,18864468
3,0,18882468
1,0,18900468
2,0,18918472
3,0,18936472
1,0,18954468
2,0,18972468
3,0,18990472
1,0,19008468
2,0,19026472
3,0,19044476
1,0,19062472
2,0,19080472
3,0,19098476
1,0,19116472
2,0,19134476
3,0,19152468
1,0,19170472
2,0,19188468
3,0,19206472
1,0,19224472
2,0,19242472
3,0,19260472
1,0,19278468
2,0,19296468
3,0,19314468
1,0,19332472
2,0,19350468
3,0,19368472
1,0,19386472
2,0,19404468
3,0,19422472
1,0,19440472
2,0,19458472
3,0,19476472
1,0,19494468
2,0,19512472
3,0,19530472
1,0,19548468
2,0,19566468
3,0,19584476
1,0,19602468
2,0,19620472
3,0,19638472
1,0,19656468
2,0,19674472
3,0,19692472
1,0,19710472
2,0,19728468
3,0,19746468
1,0,19764472
2,0,19782472
3,0,19800468
1,0,19818472
2,0,19836468
3,0,19854472
1,0,19872468
2,0,19890468
3,0,19908468
1,0,19926472
2,0,19944476
3,0,19962468
1,0,19980472
2,0,19998468
3,0,20016472
1,0,20034468
2,0,20052472
3,0,20070468
1,0,20088468
2,0,20106472
3,0,20124472
1,0,20142468
2,0,20160468
3,0,20178472
1,0,20196472
2,0,20214468
3,0,20232468
1,0,20250472
2,0,20268468
3,0,20286480
1,0,20304468
2,0,20322468
3,0,20340472
1,0,20358472
2,0,20376468
3,0,20394472
1,0,20412468
2,0,20430472
3,0,20448472
1,0,20466468
2,0,20484468
3,0,20502476
1,0,20520472
2,0,20538472
3,0,20556472
1,0,20574468
2,0,20592468
3,0,20610472
1,0,20628472
2,0,20646468
3,0,20664476
1,0,20682468
2,0,20700472
3,9286,20718472
1,0,20736472
2,0,20754468
3,9275,20772468
1,0,20790468
2,0,20808472
3,0,20826472
1,0,20844472
2,0,20862472
3,0,20880472
1,0,20898468
2,0,20916472
3,9089,20934472
1,0,20952468
2,0,20970468
3,0,20988476
1,0,21006468
2,0,21024468
3,0,21042476
1,0,21060468
2,0,21078468
3,0,21096476
1,0,21114468
2,0,21132468
3,0,21150472
1,0,21168472
2,0,21186468
3,0,21204472
1,0,21222468
2,0,21240472
3,0,21258468
1,0,21276468
2,0,21294468
3,0,21312476
1,0,21330468
2,0,21348468
3,0,21366468
1,0,21384468
2,0,21402468
3,9100,21420472
1,0,21438480
2,0,21456468
3,0,21474468
1,0,21492472
2,0,21510468
3,0,21528472
1,3362,21546468
2,3553,21564468
3,8275,21582476
1,2947,21600472
2,3837,21618472
3,0,21636468
1,3079,21654472
2,4097,21672468
3,0,21690472
1,3274,21708468
2,4490,21726468
3,0,21744468
1,3538,21762472
2,4871,21780472
3,4608,21798472
1,3838,21816468
2,0,21834468
3,4594,21852468
1,4117,21870472
2,5384,21888472
3,0,21906472
1,4197,21924468
2,5458,21942468
3,9085,21960472
1,4250,21978468
2,5441,21996468
3,0,22014468
1,0,22032468
2,5341,22050468
3,0,22068472
1,4920,22086472
2,0,22104472
3,0,22122472
1,0,22140468
2,4755,22158468
3,0,22176468
1,0,22194468
2,0,22212472
3,0,22230472
1,0,22248472
2,0,22266468
3,0,22284468
1,0,22302472
2,0,22320468
3,0,22338468
1,0,22356468
2,0,22374472
3,0,22392472
1,0,22410468
2,0,22428468
3,0,22446472
1,0,22464472
2,0,22482468
3,0,22500472
1,0,22518468
2,0,22536472
3,0,22554472
1,0,22572472
2,0,22590476
3,0,22608468
1,0,22626472
2,0,22644472
3,10244,22662476
1,0,22680468
2,0,22698468
3,0,22716468
1,0,22734472
2,0,22752468
3,0,22770468
1,0,22788472
2,0,22806468
3,0,22824472
1,0,22842468
2,0,22860468
3,0,22878472
1,0,22896468
2,0,22914468
3,0,22932468
1,0,22950472
2,0,22968468
3,0,22986476
1,0,23004472
2,0,23022472
3,0,23040468
1,0,23058472
2,0,23076472
3,0,23094472
1,0,23112468
2,0,23130468
3,0,23148472
1,0,23166468
2,0,23184468
3,0,23202468
1,0,23220468
2,0,23238468
3,0,23256476
1,0,23274468
2,0,23292468
3,0,23310468
1,0,23328472
2,0,23346468
3,0,23364468
1,0,23382468
2,0,23400472
3,0,23418472
1,0,23436468
2,0,23454472
3,0,23472472
1,0,23490468
2,0,23508468
3,0,23526468
1,0,23544472
2,0,23562468
3,0,23580468
1,0,23598472
2,0,23616468
3,0,23634472
1,0,23652468
2,0,23670468
3,0,23688472
1,0,23706468
2,0,23724472
3,0,23742476
1,0,23760472
2,0,23778472
3,0,23796472
1,0,23814472
2,0,23832472
3,0,23850468
1,0,23868468
2,0,23886468
3,0,23904468
1,0,23922472
2,0,23940472
3,0,23958476
1,0,23976472
2,0,23994472
3,0,24012468
1,0,24030468
2,0,24048472
3,0,24066468
1,0,24084472
2,0,24102472
3,0,24120476
1,0,24138468
2,0,24156472
3,0,24174472
1,0,24192472
2,0,24210468
3,0,24228468
1,0,24246472
2,0,24264468
3,0,24282468
1,0,24300472
2,0,24318472
3,0,24336476
1,0,24354472
2,0,24372472
3,0,24390468
1,0,24408472
2,0,24426472
3,0,24444472
1,0,24462468
2,0,24480468
3,0,24498472
1,0,24516468
2,0,24534468
3,0,24552468
1,0,24570472
2,0,24588468
3,0,24606468
1,0,24624472
2,0,24642472
3,0,24660468
1,0,24678472
2,0,24696472
3,0,24714468
1,0,24732468
2,0,24750468
3,0,24768468
1,0,24786472
2,0,24804472
3,0,24822476
1,0,24840472
2,0,24858468
3,0,24876472
1,0,24894476
2,0,24912468
3,0,24930472
1,0,24948468
2,0,24966468
3,0,24984468
1,0,25002468
2,0,25020472
3,0,25038472
1,0,25056468
2,0,25074468
3,0,25092468
1,0,25110472
2,0,25128468
3,0,25146472
1,0,25164468
2,0,25182472
3,0,25200472
1,0,25218468
2,0,25236468
3,0,25254472
1,0,25272468
2,0,25290468
3,0,25308472
1,0,25326468
2,0,25344472
3,0,25362468
1,0,25380472
2,0,25398468
3,0,25416476
1,0,25434472
2,0,25452472
3,0,25470472
1,0,25488472
2,0,25506472
3,0,25524468
1,0,25542472
2,0,25560472
3,0,25578468
1,0,25596472
2,0,25614472
3,0,25632468
1,0,25650468
2,0,25668468
3,0,25686472
1,0,25704476
2,0,25722468
3,0,25740468
1,0,25758472
2,0,25776468
3,0,25794468
1,0,25812468
2,0,25830472
3,0,25848472
1,0,25866472
2,0,25884468
3,0,25902472
1,0,25920468
2,0,25938472
3,0,25956472
1,0,25974468
2,0,25992468
3,0,26010472
1,0,26028468
2,0,26046476
3,0,26064472
1,0,26082472
2,0,26100468
3,0,26118472
1,0,26136468
2,0,26154472
3,0,26172468
1,0,26190472
2,0,26208468
3,0,26226468
1,0,26244472
2,0,26262472
3,0,26280476
1,0,26298472
2,0,26316472
3,0,26334476
1,0,26352468
2,0,26370468
3,0,26388476
1,0,26406468
2,0,26424468
3,0,26442476
1,0,26460472
2,0,26478472
3,0,26496468
1,0,26514472
2,0,26532472
3,0,26550472
1,0,26568468
2,0,26586468
3,0,26604468
1,0,26622468
2,0,26640472
3,0,26658468
1,0,26676472
2,0,26694472
3,0,26712468
1,0,26730472
2,0,26748468
3,0,26766468
1,0,26784472
2,0,26802472
3,0,26820472
1,0,26838468
2,0,26856468
3,0,26874468
1,0,26892468
2,0,26910468
3,0,26928472
1,0,26946472
2,6794,26964472
3,0,26982472
1,5905,27000468
2,6514,27018468
3,5541,27036468
1,5697,27054468
2,6247,27072468
3,5610,27090476
1,5307,27108472
2,5881,27126472
3,5449,27144472
1,4889,27162472
2,5434,27180472
3,5343,27198476
1,4251,27216472
2,4792,27234472
3,5139,27252472
1,3589,27270472
2,4147,27288468
3,0,27306468
1,2948,27324472
2,0,27342468
3,0,27360468
1,0,27378472
2,0,27396472
3,0,27414472
