# fw=05,slot_ms=18,timeout_us=12500
1,0,476
2,0,18468
3,0,36472
1,0,54472
2,0,72468
3,0,90468
1,0,108468
2,0,126468
3,0,144472
1,0,162472
2,0,180468
3,0,198472
1,0,216468
2,0,234472
3,0,252472
1,0,270472
2,0,288468
3,0,306472
1,0,324472
2,0,342472
3,0,360468
1,0,378468
2,0,396472
3,0,414472
1,0,432468
2,0,450472
3,0,468476
1,0,486472
2,0,504468
3,0,522468
1,0,540468
2,0,558468
3,0,576472
1,0,594472
2,0,612468
3,0,630472
1,0,648472
2,0,666468
3,0,684468
1,0,702476
2,0,720468
3,0,738472
1,0,756472
2,0,774472
3,0,792476
1,0,810468
2,0,828472
3,0,846468
1,0,864472
2,0,882472
3,0,900472
1,0,918472
2,0,936472
3,0,954472
1,0,972472
2,0,990472
3,0,1008476
1,0,1026468
2,0,1044468
3,0,1062468
1,0,1080472
2,0,1098468
3,0,1116468
1,0,1134472
2,0,1152472
3,0,1170472
1,0,1188468
2,0,1206472
3,0,1224472
1,0,1242472
2,0,1260472
3,0,1278472
1,0,1296472
2,0,1314472
3,0,1332468
1,0,1350472
2,0,1368472
3,0,1386472
1,0,1404468
2,0,1422472
3,0,1440472
1,0,1458468
2,0,1476472
3,0,1494468
1,0,1512468
2,0,1530472
3,0,1548472
1,0,1566472
2,0,1584472
3,0,1602468
1,0,1620472
2,0,1638468
3,0,1656476
1,0,1674468
2,0,1692468
3,0,1710476
1,0,1728468
2,0,1746468
3,0,1764468
1,0,1782472
2,0,1800468
3,0,1818468
1,0,1836472
2,0,1854476
3,0,1872468
1,0,1890472
2,0,1908468
3,0,1926472
1,0,1944468
2,0,1962468
3,0,1980472
1,0,1998468
2,0,2016472
3,0,2034472
1,0,2052468
2,0,2070472
3,0,2088468
1,0,2106472
2,0,2124468
3,0,2142472
1,0,2160468
2,0,2178468
3,0,2196468
1,0,2214472
2,0,2232468
3,0,2250472
1,0,2268468
2,0,2286472
3,0,2304472
1,0,2322468
2,0,2340468
3,0,2358472
1,0,2376468
2,0,2394472
3,0,2412476
1,0,2430472
2,0,2448468
3,0,2466472
1,0,2484472
2,0,2502468
3,0,2520472
1,0,2538468
2,0,2556468
3,0,2574476
1,0,2592472
2,0,2610472
3,0,2628468
1,0,2646468
2,0,2664472
3,0,2682472
1,0,2700468
2,0,2718472
3,0,2736476
1,0,2754472
2,0,2772472
3,0,2790476
1,0,2808472
2,0,2826468
3,0,2844468
1,0,2862472
2,0,2880468
3,0,2898476
1,0,2916472
2,0,2934468
3,0,2952468
1,0,2970468
2,0,2988468
3,0,3006476
1,0,3024468
2,0,3042472
3,0,3060472
1,0,3078472
2,0,3096472
3,0,3114472
1,0,3132472
2,0,3150468
3,0,3168472
1,0,3186468
2,0,3204468
3,0,3222472
1,0,3240468
2,0,3258472
3,0,3276472
1,0,3294468
2,0,3312472
3,0,3330468
1,0,3348472
2,0,3366468
3,0,3384472
1,0,3402468
2,0,3420468
3,0,3438472
1,0,3456472
2,0,3474468
3,0,3492472
1,0,3510468
2,0,3528472
3,0,3546472
1,0,3564468
2,0,3582468
3,0,3600476
1,0,3618472
2,0,3636468
3,0,3654468
1,0,3672468
2,0,3690468
3,0,3708468
1,0,3726472
2,0,3744468
3,0,3762472
1,0,3780472
2,0,3798472
3,0,3816476
1,0,3834472
2,0,3852472
3,0,3870472
1,0,3888472
2,0,3906468
3,0,3924472
1,0,3942472
2,0,3960468
3,0,3978472
1,0,3996468
2,0,4014468
3,0,4032468
1,0,4050472
2,0,4068468
3,0,4086472
1,0,4104472
2,0,4122468
3,0,4140472
1,0,4158476
2,0,4176472
3,0,4194472
1,0,4212468
2,0,4230472
3,0,4248472
1,0,4266468
2,0,4284472
3,0,4302472
1,0,4320468
2,0,4338472
3,0,4356472
1,0,4374468
2,0,4392468
3,0,4410468
1,0,4428468
2,0,4446472
3,0,4464468
1,0,4482472
2,0,4500468
3,0,4518472
1,0,4536468
2,0,4554472
3,0,4572468
1,0,4590468
2,0,4608472
3,0,4626468
1,0,4644472
2,0,4662468
3,0,4680472
1,0,4698468
2,0,4716472
3,0,4734472
1,0,4752472
2,0,4770472
3,0,4788472
1,0,4806468
2,0,4824468
3,0,4842468
1,0,4860468
2,0,4878472
3,0,4896476
1,0,4914468
2,0,4932468
3,0,4950472
1,0,4968472
2,0,4986472
3,0,5004472
1,0,5022468
2,0,5040472
3,0,5058472
1,0,5076468
2,0,5094468
3,0,5112468
1,0,5130468
2,0,5148468
3,0,5166468
1,0,5184472
2,0,5202472
3,0,5220472
1,0,5238472
2,0,5256468
3,0,5274468
1,4246,5292468
2,0,5310480
3,0,5328476
1,4065,5346468
2,5243,5364468
3,0,5382476
1,3756,5400472
2,4889,5418472
3,4538,5436468
1,3413,5454468
2,4444,5472468
3,0,5490472
1,3070,5508468
2,4136,5526472
3,0,5544472
1,0,5562468
2,0,5580468
3,0,5598476
1,0,5616472
2,0,5634472
3,0,5652468
1,0,5670472
2,0,5688472
3,0,5706472
1,0,5724472
2,0,5742468
3,0,5760476
1,0,5778472
2,0,5796472
3,0,5814468
1,0,5832468
2,0,5850472
3,0,5868472
1,0,5886472
2,0,5904468
3,0,5922468
1,0,5940472
2,0,5958468
3,0,5976472
1,0,5994472
2,0,6012472
3,0,6030468
1,0,6048472
2,0,6066472
3,0,6084472
1,0,6102468
2,0,6120472
3,0,6138468
1,0,6156468
2,0,6174472
3,0,6192476
1,0,6210472
2,0,6228472
3,0,6246468
1,0,6264472
2,0,6282468
3,0,6300472
1,0,6318468
2,0,6336472
3,0,6354472
1,0,6372472
2,0,6390468
3,0,6408472
1,0,6426468
2,0,6444468
3,0,6462480
1,0,6480468
2,0,6498472
3,0,6516472
1,0,6534472
2,0,6552468
3,0,6570468
1,0,6588472
2,0,6606468
3,0,6624468
1,0,6642472
2,0,6660472
3,0,6678472
1,0,6696468
2,0,6714472
3,0,6732468
1,0,6750472
2,0,6768472
3,0,6786472
1,0,6804468
2,0,6822472
3,0,6840472
1,0,6858472
2,0,6876468
3,0,6894468
1,0,6912472
2,0,6930468
3,0,6948468
1,0,6966468
2,0,6984468
3,0,7002472
1,0,7020468
2,0,7038468
3,0,7056472
1,0,7074472
2,0,7092468
3,0,7110472
1,0,7128468
2,0,7146472
3,0,7164472
1,0,7182472
2,0,7200468
3,0,7218468
1,0,7236468
2,0,7254468
3,0,7272468
1,0,7290472
2,0,7308468
3,0,7326472
1,0,7344472
2,0,7362468
3,0,7380468
1,0,7398468
2,0,7416468
3,0,7434472
1,0,7452468
2,0,7470468
3,0,7488472
1,0,7506468
2,0,7524472
3,0,7542468
1,0,7560472
2,0,7578468
3,0,7596468
1,0,7614476
2,0,7632472
3,0,7650468
1,0,7668468
2,0,7686472
3,0,7704472
1,0,7722468
2,0,7740472
3,0,7758468
1,0,7776472
2,0,7794472
3,0,7812472
1,0,7830468
2,0,7848468
3,0,7866472
1,0,7884472
2,0,7902468
3,0,7920472
1,0,7938472
2,0,7956468
3,0,7974472
1,0,7992468
2,0,8010472
3,0,8028476
1,0,8046472
2,0,8064472
3,0,8082472
1,0,8100468
2,0,8118472
3,0,8136468
1,0,8154468
2,0,8172472
3,0,8190472
1,0,8208472
2,0,8226472
3,0,8244468
1,0,8262472
2,0,8280468
3,0,8298472
1,0,8316468
2,0,8334472
3,0,8352476
1,0,8370468
2,0,8388472
3,0,8406472
1,0,8424468
2,0,8442472
3,0,8460472
1,0,8478468
2,0,8496468
3,0,8514468
1,0,8532472
2,0,8550468
3,0,8568468
1,0,8586472
2,0,8604468
3,0,8622468
1,0,8640472
2,0,8658472
3,0,8676472
1,0,8694472
2,0,8712468
3,0,8730472
1,0,8748468
2,0,8766480
3,0,8784472
1,0,8802472
2,0,8820468
3,0,8838472
1,0,8856468
2,0,8874472
3,0,8892476
1,0,8910472
2,0,8928468
3,0,8946472
1,0,8964472
2,0,8982472
3,0,9000472
1,0,9018468
2,0,9036472
3,0,9054468
1,0,9072472
2,0,9090468
3,0,9108472
1,0,9126468
2,0,9144472
3,0,9162468
1,0,9180472
2,0,9198468
3,0,9216468
1,0,9234472
2,0,9252468
3,0,9270472
1,0,9288468
2,0,9306472
3,0,9324476
1,0,9342468
2,0,9360468
3,0,9378468
1,0,9396468
2,0,9414472
3,0,9432472
1,0,9450468
2,0,9468468
3,0,9486476
1,0,9504468
2,0,9522468
3,0,9540476
1,0,9558472
2,0,9576472
3,0,9594476
1,0,9612468
2,0,9630472
3,0,9648476
1,0,9666472
2,0,9684472
3,0,9702472
1,0,9720468
2,0,9738472
3,0,9756476
1,0,9774472
2,0,9792468
3,0,9810468
1,0,9828472
2,0,9846468
3,0,9864472
1,0,9882468
2,0,9900468
3,0,9918480
1,0,9936472
2,0,9954468
3,0,9972472
1,0,9990472
2,0,10008472
3,0,10026476
1,0,10044468
2,0,10062472
3,0,10080472
1,0,10098472
2,0,10116472
3,0,10134472
1,0,10152472
2,0,10170468
3,0,10188468
1,0,10206468
2,0,10224468
3,0,10242476
1,0,10260468
2,0,10278468
3,0,10296476
1,0,10314468
2,0,10332472
3,0,10350472
1,0,10368472
2,0,10386472
3,0,10404472
1,0,10422468
2,0,10440468
3,0,10458476
1,0,10476468
2,0,10494468
3,0,10512468
1,0,10530468
2,0,10548468
3,0,10566468
1,0,10584468
2,0,10602468
3,0,10620472
1,0,10638472
2,0,10656472
3,0,10674472
1,0,10692472
2,0,10710472
3,0,10728472
1,0,10746472
2,0,10764472
3,0,10782472
1,0,10800468
2,0,10818468
3,0,10836472
1,0,10854472
2,0,10872472
3,0,10890472
1,0,10908472
2,0,10926468
3,0,10944468
1,0,10962468
2,0,10980468
3,0,10998468
1,0,11016472
2,0,11034472
3,0,11052468
1,0,11070480
2,0,11088472
3,0,11106472
1,0,11124468
2,0,11142472
3,0,11160468
1,0,11178472
2,0,11196468
3,0,11214468
1,0,11232472
2,0,11250472
3,0,11268468
1,0,11286472
2,0,11304468
3,0,11322468
1,0,11340468
2,0,11358472
3,0,11376472
1,0,11394468
2,0,11412468
3,0,11430472
1,0,11448472
2,0,11466472
3,0,11484472
1,0,11502468
2,0,11520472
3,0,11538472
1,0,11556472
2,0,11574468
3,0,11592468
1,0,11610468
2,0,11628468
3,0,11646472
1,0,11664468
2,0,11682468
3,0,11700468
1,0,11718472
2,0,11736468
3,0,11754468
1,0,11772468
2,0,11790472
3,0,11808472
1,0,11826468
2,0,11844468
3,0,11862472
1,0,11880468
2,0,11898468
3,0,11916468
1,0,11934472
2,0,11952468
3,0,11970468
1,0,11988472
2,0,12006468
3,0,12024472
1,0,12042468
2,0,12060468
3,0,12078468
1,0,12096472
2,0,12114468
3,0,12132468
1,0,12150472
2,0,12168468
3,0,12186472
1,0,12204468
2,0,12222480
3,7811,12240472
1,0,12258468
2,2188,12276468
3,8012,12294472
1,0,12312472
2,2838,12330472
3,0,12348468
1,4406,12366472
2,3485,12384472
3,4848,12402468
1,4602,12420468
2,4012,12438472
3,4687,12456476
1,4784,12474468
2,4501,12492472
3,4678,12510472
1,4909,12528472
2,4866,12546468
3,4381,12564468
1,5002,12582468
2,5172,12600472
3,4062,12618472
1,4960,12636472
2,5480,12654468
3,0,12672468
1,5020,12690472
2,0,12708468
3,9537,12726468
1,0,12744468
2,0,12762468
3,0,12780472
