# fw=05,slot_ms=18,timeout_us=12500
1,0,476
2,0,18468
3,0,36472
1,0,54472
2,0,72472
3,0,90472
1,0,108472
2,0,126472
3,0,144468
1,0,162472
2,0,180468
3,0,198472
1,0,216472
2,0,234468
3,0,252468
1,0,270472
2,0,288468
3,0,306472
1,0,324472
2,0,342472
3,0,360476
1,0,378468
2,0,396472
3,0,414468
1,0,432472
2,0,450468
3,0,468468
1,0,486468
2,0,504472
3,0,522468
1,0,540468
2,0,558468
3,7586,576472
1,0,594472
2,0,612468
3,7605,630472
1,0,648468
2,0,666472
3,7517,684472
1,0,702480
2,0,720468
3,0,738472
1,0,756472
2,0,774472
3,7591,792476
1,0,810472
2,0,828472
3,0,846468
1,0,864472
2,0,882468
3,0,900468
1,0,918468
2,0,936468
3,0,954476
1,0,972468
2,0,990472
3,0,1008472
1,0,1026472
2,0,1044472
3,0,1062476
1,0,1080468
2,0,1098468
3,0,1116472
1,0,1134468
2,0,1152468
3,0,1170468
1,0,1188472
2,0,1206468
3,0,1224468
1,0,1242472
2,0,1260472
3,0,1278472
1,2276,1296472
2,0,1314472
3,0,1332472
1,2819,1350468
2,0,1368468
3,0,1386476
1,3322,1404472
2,5139,1422468
3,0,1440468
1,3631,1458468
2,5413,1476472
3,0,1494476
1,3965,1512472
2,0,1530472
3,0,1548468
1,4207,1566472
2,5866,1584468
3,0,1602468
1,4382,1620468
2,0,1638472
3,0,1656472
1,0,1674472
2,0,1692472
3,0,1710468
1,0,1728468
2,0,1746472
3,0,1764472
1,0,1782468
2,0,1800472
3,0,1818472
1,0,1836468
2,0,1854480
3,0,1872476
1,0,1890468
2,0,1908472
3,0,1926476
1,0,1944468
2,0,1962468
3,0,1980472
1,0,1998468
2,0,2016472
3,0,2034472
1,0,2052468
2,0,2070468
3,0,2088472
1,0,2106472
2,0,2124472
3,0,2142468
1,0,2160472
2,0,2178472
3,0,2196472
1,0,2214472
2,0,2232472
3,0,2250468
1,0,2268472
2,0,2286468
3,0,2304476
1,0,2322468
2,0,2340472
3,0,2358468
1,0,2376472
2,0,2394468
3,0,2412472
1,0,2430468
2,0,2448472
3,0,2466476
1,0,2484472
2,0,2502468
3,0,2520472
1,0,2538468
2,0,2556468
3,0,2574472
1,0,2592468
2,0,2610472
3,0,2628476
1,0,2646472
2,0,2664472
3,0,2682472
1,0,2700468
2,0,2718468
3,0,2736472
1,0,2754468
2,0,2772468
3,0,2790472
1,0,2808472
2,0,2826468
3,0,2844468
1,0,2862472
2,0,2880472
3,0,2898472
1,0,2916468
2,0,2934472
3,0,2952472
1,0,2970472
2,0,2988468
3,0,3006480
1,0,3024468
2,0,3042472
3,0,3060476
1,0,3078472
2,0,3096468
3,0,3114472
1,0,3132472
2,0,3150468
3,0,3168472
1,0,3186468
2,0,3204468
3,0,3222472
1,0,3240468
2,0,3258472
3,0,3276472
1,0,3294472
2,0,3312472
3,0,3330472
1,0,3348468
2,0,3366472
3,0,3384472
1,0,3402468
2,0,3420472
3,0,3438472
1,0,3456472
2,0,3474472
3,0,3492468
1,0,3510468
2,0,3528472
3,0,3546476
1,0,3564472
2,0,3582472
3,0,3600476
1,0,3618472
2,0,3636468
3,0,3654468
1,0,3672468
2,0,3690472
3,0,3708472
1,0,3726468
2,0,3744472
3,0,3762476
1,0,3780472
2,0,3798472
3,0,3816476
1,0,3834468
2,0,3852472
3,0,3870476
1,0,3888472
2,0,3906468
3,0,3924468
1,0,3942472
2,0,3960468
3,0,3978472
1,0,3996468
2,0,4014468
3,0,4032472
1,0,4050468
2,0,4068472
3,0,4086472
1,0,4104472
2,0,4122472
3,0,4140472
1,0,4158476
2,0,4176472
3,0,4194472
1,0,4212468
2,0,4230472
3,0,4248476
1,0,4266472
2,0,4284468
3,0,4302468
1,0,4320468
2,0,4338472
3,0,4356472
1,0,4374468
2,0,4392468
3,0,4410468
1,0,4428472
2,0,4446472
3,0,4464472
1,0,4482468
2,0,4500472
3,0,4518472
1,0,4536472
2,0,4554472
3,0,4572468
1,0,4590472
2,0,4608472
3,0,4626472
1,0,4644472
2,0,4662468
3,0,4680468
1,0,4698468
2,0,4716472
3,0,4734472
1,0,4752468
2,0,4770472
3,0,4788468
1,0,4806468
2,0,4824468
3,0,4842468
1,0,4860472
2,0,4878472
3,0,4896472
1,0,4914472
2,0,4932468
3,0,4950468
1,0,4968472
2,0,4986468
3,0,5004472
1,0,5022468
2,0,5040472
3,0,5058476
1,0,5076472
2,0,5094468
3,0,5112472
1,0,5130468
2,0,5148472
3,0,5166468
1,0,5184472
2,0,5202472
3,0,5220476
1,0,5238472
2,0,5256468
3,0,5274468
1,0,5292468
2,0,5310480
3,0,5328472
1,0,5346468
2,0,5364472
3,0,5382476
1,0,5400472
2,0,5418468
3,0,5436472
1,0,5454472
2,0,5472472
3,0,5490476
1,0,5508472
2,0,5526468
3,0,5544468
1,0,5562472
2,0,5580468
3,0,5598472
1,0,5616472
2,0,5634472
3,0,5652472
1,0,5670472
2,0,5688472
3,0,5706468
1,0,5724472
2,0,5742468
3,0,5760476
1,0,5778472
2,0,5796468
3,0,5814468
1,0,5832468
2,0,5850472
3,0,5868472
1,0,5886472
2,0,5904468
3,0,5922468
1,0,5940472
2,0,5958468
3,0,5976476
1,0,5994472
2,0,6012472
3,0,6030468
1,0,6048472
2,0,6066468
3,0,6084472
1,0,6102468
2,0,6120472
3,0,6138468
1,0,6156468
2,0,6174468
3,0,6192472
1,0,6210472
2,0,6228468
3,0,6246472
1,0,6264468
2,0,6282468
3,0,6300468
1,0,6318468
2,0,6336472
3,0,6354472
1,0,6372468
2,0,6390468
3,0,6408472
1,0,6426468
2,0,6444468
3,0,6462476
1,0,6480468
2,0,6498468
3,0,6516472
1,0,6534472
2,0,6552472
3,0,6570472
1,0,6588472
2,0,6606472
3,0,6624468
1,0,6642472
2,0,6660472
3,0,6678472
1,0,6696468
2,0,6714472
3,0,6732476
1,0,6750472
2,0,6768472
3,0,6786472
1,0,6804468
2,0,6822472
3,0,6840472
1,0,6858468
2,0,6876472
3,0,6894468
1,0,6912472
2,0,6930472
3,0,6948468
1,0,6966468
2,0,6984468
3,0,7002472
1,0,7020468
2,0,7038468
3,0,7056472
1,0,7074472
2,0,7092468
3,0,7110472
1,0,7128468
2,0,7146472
3,0,7164472
1,0,7182472
2,0,7200468
3,0,7218468
1,0,7236468
2,0,7254468
3,0,7272468
1,0,7290468
2,0,7308472
3,0,7326468
1,0,7344468
2,0,7362472
3,0,7380468
1,0,7398468
2,0,7416472
3,0,7434472
1,0,7452472
2,0,7470472
3,0,7488472
1,0,7506472
2,0,7524468
3,0,7542468
1,0,7560472
2,0,7578468
3,0,7596468
1,0,7614480
2,0,7632468
3,0,7650472
1,0,7668472
2,0,7686468
3,0,7704472
1,0,7722468
2,0,7740468
3,0,7758472
1,0,7776472
2,0,7794468
3,0,7812468
1,0,7830468
2,0,7848468
3,0,7866472
1,3061,7884468
2,0,7902468
3,0,7920468
1,3222,7938472
2,0,7956468
3,0,7974472
1,3339,7992468
2,0,8010472
3,0,8028468
1,3431,8046472
2,4815,8064468
3,0,8082472
1,3423,8100468
2,4547,8118468
3,0,8136472
1,3354,8154468
2,4013,8172472
3,0,8190472
1,0,8208472
2,0,8226468
3,0,8244468
1,0,8262472
2,0,8280472
3,0,8298476
1,0,8316472
2,0,8334468
3,0,8352468
1,0,8370472
2,0,8388468
3,0,8406468
1,0,8424472
2,0,8442468
3,0,8460472
1,0,8478468
2,0,8496472
3,0,8514468
1,0,8532472
2,0,8550468
3,0,8568468
1,0,8586472
2,0,8604468
3,0,8622476
1,0,8640472
2,0,8658468
3,0,8676472
1,0,8694472
2,0,8712468
3,0,8730468
1,0,8748472
2,0,8766476
3,0,8784472
1,0,8802468
2,0,8820472
3,0,8838468
1,0,8856472
2,0,8874472
3,0,8892468
1,0,8910472
2,0,8928472
3,0,8946472
1,0,8964472
2,0,8982468
3,0,9000468
1,0,9018472
2,0,9036468
3,0,9054472
1,0,9072472
2,0,9090472
3,0,9108468
1,0,9126468
2,0,9144472
3,0,9162472
1,0,9180472
2,0,9198468
3,0,9216468
1,0,9234472
2,0,9252468
3,0,9270472
1,0,9288468
2,0,9306472
3,0,9324468
1,0,9342472
2,0,9360472
3,0,9378472
1,0,9396468
2,0,9414472
3,0,9432472
1,0,9450472
2,0,9468472
3,0,9486468
1,0,9504472
2,0,9522472
3,0,9540468
1,0,9558472
2,0,9576468
3,0,9594472
1,0,9612472
2,0,9630468
3,0,9648472
1,0,9666468
2,0,9684468
3,0,9702476
1,0,9720472
2,0,9738468
3,0,9756472
1,0,9774472
2,0,9792468
3,0,9810472
1,0,9828472
2,0,9846472
3,0,9864472
1,0,9882472
2,0,9900472
3,0,9918476
1,0,9936468
2,0,9954468
3,0,9972472
1,0,9990472
2,0,10008468
3,0,10026472
1,0,10044468
2,0,10062468
3,0,10080468
1,0,10098472
2,0,10116468
3,0,10134472
1,0,10152468
2,0,10170468
3,0,10188468
1,0,10206472
2,0,10224472
3,0,10242472
1,0,10260472
2,0,10278472
3,0,10296472
1,0,10314468
2,0,10332468
3,0,10350476
1,0,10368468
2,0,10386468
3,0,10404472
1,0,10422468
2,0,10440468
3,0,10458468
1,0,10476468
2,0,10494468
3,0,10512468
1,0,10530468
2,0,10548468
3,0,10566468
1,0,10584468
2,0,10602468
3,0,10620472
1,0,10638472
2,0,10656468
3,0,10674472
1,0,10692468
2,0,10710468
3,0,10728472
1,0,10746468
2,0,10764468
3,0,10782468
1,0,10800472
2,0,10818472
3,0,10836476
1,0,10854472
2,0,10872468
3,0,10890468
1,0,10908472
2,0,10926468
3,0,10944472
1,0,10962468
2,0,10980468
3,0,10998468
1,0,11016468
2,0,11034468
3,0,11052472
1,0,11070476
2,0,11088468
3,0,11106468
1,0,11124468
2,0,11142472
3,0,11160472
1,0,11178472
2,0,11196472
3,0,11214476
1,0,11232468
2,0,11250468
3,0,11268472
1,0,11286468
2,0,11304472
3,0,11322472
1,0,11340468
2,0,11358468
3,0,11376468
1,0,11394472
2,0,11412472
3,0,11430468
1,0,11448472
2,0,11466472
3,0,11484472
1,0,11502468
2,0,11520468
3,0,11538472
1,0,11556468
2,0,11574468
3,0,11592468
1,0,11610468
2,0,11628472
3,0,11646476
1,0,11664472
2,0,11682472
3,0,11700472
1,0,11718468
2,0,11736472
3,0,11754472
1,0,11772468
2,0,11790472
3,0,11808472
1,0,11826472
2,0,11844472
3,0,11862468
1,0,11880472
2,0,11898472
3,0,11916472
1,0,11934468
2,0,11952472
3,0,11970472
1,0,11988472
2,0,12006472
3,0,12024472
1,0,12042468
2,0,12060468
3,0,12078472
1,0,12096468
2,0,12114472
3,0,12132472
1,0,12150468
2,0,12168468
3,0,12186468
1,0,12204472
2,0,12222480
3,0,12240476
1,0,12258468
2,0,12276472
3,0,12294472
1,0,12312468
2,0,12330472
3,0,12348472
1,0,12366472
2,0,12384468
3,0,12402476
1,0,12420468
2,0,12438472
3,0,12456468
1,0,12474468
2,0,12492468
3,0,12510468
1,0,12528472
2,0,12546468
3,0,12564468
1,0,12582472
2,0,12600468
3,0,12618472
1,0,12636472
2,0,12654468
3,0,12672472
1,0,12690468
2,0,12708468
3,0,12726472
1,0,12744472
2,0,12762468
3,0,12780468
1,0,12798472
2,0,12816468
3,0,12834472
1,0,12852468
2,0,12870468
3,0,12888472
1,0,12906472
2,0,12924468
3,0,12942468
1,0,12960472
2,0,12978472
3,0,12996472
1,0,13014468
2,0,13032468
3,0,13050468
1,0,13068472
2,0,13086468
3,0,13104468
1,0,13122472
2,0,13140468
3,0,13158468
1,0,13176468
2,0,13194468
3,0,13212472
1,0,13230468
2,0,13248468
3,0,13266472
1,0,13284472
2,0,13302472
3,0,13320472
1,0,13338472
2,0,13356468
3,0,13374476
1,0,13392472
2,0,13410472
3,0,13428472
1,0,13446472
2,0,13464472
3,0,13482476
1,0,13500468
2,0,13518468
3,7490,13536468
1,0,13554468
2,0,13572472
3,0,13590472
1,0,13608472
2,0,13626472
3,0,13644472
1,0,13662472
2,0,13680472
3,0,13698468
1,0,13716468
2,0,13734472
3,0,13752472
1,0,13770472
2,0,13788468
3,0,13806472
1,0,13824472
2,3494,13842472
3,0,13860472
1,0,13878468
2,3972,13896468
3,8213,13914472
1,3873,13932468
2,4632,13950468
3,0,13968472
1,4409,13986468
2,5251,14004468
3,5492,14022472
1,4952,14040468
2,5752,14058468
3,5521,14076468
1,5313,14094468
2,6163,14112468
3,5584,14130468
1,5620,14148472
2,6427,14166472
3,5492,14184476
1,0,14202468
2,6644,14220472
3,0,14238468
1,5900,14256472
2,6802,14274472
3,0,14292476
1,5862,14310472
2,0,14328468
3,0,14346472
