# fw=05,slot_ms=18,timeout_us=12500
1,0,476
2,0,18468
3,0,36472
1,0,54468
2,0,72468
3,0,90472
1,0,108472
2,0,126472
3,0,144468
1,0,162468
2,0,180472
3,0,198472
1,0,216468
2,0,234472
3,0,252472
1,0,270472
2,0,288472
3,0,306468
1,0,324468
2,0,342472
3,0,360476
1,0,378472
2,0,396468
3,0,414472
1,0,432472
2,0,450468
3,0,468468
1,0,486468
2,0,504472
3,0,522468
1,0,540472
2,0,558468
3,0,576472
1,0,594468
2,0,612472
3,8913,630472
1,0,648472
2,0,666468
3,8804,684468
1,0,702476
2,0,720468
3,9520,738472
1,0,756468
2,0,774472
3,0,792468
1,0,810472
2,0,828472
3,0,846476
1,0,864472
2,0,882468
3,0,900472
1,0,918468
2,0,936472
3,8809,954468
1,0,972468
2,0,990472
3,8879,1008468
1,0,1026468
2,0,1044468
3,8741,1062468
1,0,1080472
2,0,1098472
3,8693,1116468
1,0,1134472
2,0,1152468
3,8699,1170468
1,0,1188468
2,0,1206472
3,8646,1224472
1,0,1242472
2,0,1260472
3,0,1278472
1,0,1296468
2,0,1314472
3,0,1332472
1,0,1350472
2,0,1368472
3,0,1386472
1,0,1404468
2,0,1422472
3,0,1440472
1,0,1458472
2,0,1476468
3,0,1494472
1,0,1512468
2,0,1530472
3,8390,1548476
1,0,1566468
2,0,1584472
3,8155,1602472
1,0,1620468
2,0,1638472
3,0,1656468
1,0,1674468
2,0,1692468
3,0,1710476
1,0,1728468
2,0,1746472
3,0,1764476
1,0,1782472
2,0,1800472
3,0,1818476
1,0,1836468
2,0,1854476
3,0,1872472
1,0,1890468
2,0,1908472
3,0,1926472
1,0,1944468
2,0,1962468
3,0,1980468
1,0,1998472
2,0,2016468
3,0,2034468
1,0,2052468
2,0,2070468
3,0,2088472
1,0,2106468
2,0,2124468
3,8590,2142472
1,0,2160472
2,0,2178472
3,0,2196472
1,0,2214468
2,0,2232472
3,0,2250472
1,0,2268468
2,0,2286472
3,0,2304468
1,0,2322472
2,0,2340472
3,0,2358468
1,0,2376472
2,0,2394472
3,8100,2412468
1,0,2430468
2,0,2448472
3,7916,2466476
1,0,2484472
2,0,2502472
3,7884,2520468
1,0,2538472
2,0,2556468
3,7902,2574476
1,0,2592472
2,0,2610472
3,8762,2628476
1,0,2646468
2,0,2664468
3,0,2682468
1,0,2700468
2,0,2718472
3,0,2736472
1,0,2754468
2,0,2772468
3,0,2790472
1,0,2808472
2,0,2826468
3,0,2844468
1,0,2862472
2,0,2880472
3,0,2898468
1,0,2916472
2,0,2934468
3,0,2952468
1,3002,2970472
2,3270,2988472
3,7833,3006476
1,3175,3024468
2,3389,3042472
3,0,3060472
1,3484,3078472
2,3732,3096472
3,4037,3114472
1,3918,3132468
2,4139,3150472
3,3773,3168476
1,4313,3186472
2,4514,3204472
3,3509,3222472
1,4640,3240472
2,4812,3258472
3,3195,3276472
1,4725,3294472
2,5062,3312472
3,0,3330468
1,4618,3348472
2,5059,3366472
3,7972,3384476
1,4434,3402472
2,5046,3420468
3,0,3438472
1,4086,3456468
2,4769,3474472
3,8625,3492468
1,5369,3510468
2,0,3528472
3,8007,3546468
1,3391,3564472
2,3875,3582468
3,7920,3600472
1,0,3618468
2,3455,3636468
3,8071,3654472
1,0,3672472
2,0,3690472
3,7901,3708472
1,0,3726468
2,0,3744468
3,8100,3762472
