# fw=05,slot_ms=18,timeout_us=12500
1,0,476
2,9096,18468
3,0,36472
1,0,54472
2,9096,72472
3,0,90468
1,0,108468
2,9119,126472
3,0,144472
1,0,162472
2,9120,180468
3,0,198468
1,0,216468
2,9094,234472
3,0,252472
1,0,270472
2,9118,288472
3,0,306472
1,0,324472
2,9118,342472
3,0,360472
1,0,378472
2,9144,396468
3,0,414472
1,0,432472
2,9148,450468
3,0,468468
1,0,486468
2,9148,504472
3,0,522468
1,0,540472
2,9148,558472
3,0,576472
1,0,594468
2,9120,612468
3,0,630472
1,0,648472
2,9121,666468
3,0,684472
1,0,702480
2,9147,720468
3,0,738468
1,0,756468
2,9122,774472
3,0,792472
1,0,810472
2,9146,828468
3,0,846468
1,0,864472
2,9145,882468
3,0,900468
1,0,918468
2,9143,936472
3,0,954468
1,0,972468
2,9122,990468
3,0,1008472
1,0,1026468
2,9122,1044468
3,0,1062472
1,0,1080472
2,9150,1098468
3,0,1116468
1,0,1134472
2,9120,1152468
3,0,1170476
1,0,1188472
2,9122,1206472
3,0,1224468
1,0,1242472
2,9122,1260468
3,0,1278472
1,0,1296472
2,9120,1314472
3,0,1332472
1,0,1350468
2,9095,1368468
3,0,1386476
1,0,1404472
2,9120,1422472
3,0,1440472
1,0,1458468
2,9121,1476472
3,0,1494472
1,0,1512472
2,9120,1530472
3,0,1548468
1,0,1566472
2,9099,1584468
3,0,1602472
1,0,1620468
2,9123,1638472
3,0,1656472
1,0,1674468
2,9124,1692468
3,0,1710472
1,0,1728468
2,9120,1746468
3,0,1764472
1,0,1782468
2,9098,1800468
3,0,1818472
1,0,1836468
2,9122,1854480
3,0,1872476
1,0,1890472
2,9121,1908472
3,0,1926468
1,0,1944472
2,9126,1962468
3,0,1980468
1,0,1998472
2,9146,2016468
3,0,2034472
1,0,2052468
2,9147,2070468
3,0,2088472
1,0,2106468
2,9121,2124472
3,0,2142476
1,0,2160472
2,9124,2178472
3,0,2196472
1,0,2214468
2,9145,2232468
3,0,2250472
1,0,2268472
2,9121,2286472
3,0,2304476
1,0,2322472
2,9146,2340472
3,0,2358472
1,0,2376468
2,9123,2394468
3,0,2412476
1,0,2430472
2,9121,2448468
3,0,2466468
1,0,2484468
2,9122,2502468
3,0,2520472
1,0,2538468
2,9122,2556468
3,0,2574468
1,0,2592472
2,9147,2610472
3,0,2628472
1,0,2646468
2,9122,2664476
3,0,2682468
1,0,2700472
2,9148,2718468
3,0,2736468
1,0,2754472
2,9146,2772472
3,0,2790472
1,0,2808468
2,9122,2826472
3,0,2844472
1,0,2862468
2,9148,2880472
3,0,2898472
1,0,2916468
2,9146,2934468
3,0,2952472
1,0,2970468
2,9122,2988472
3,0,3006476
1,0,3024468
2,9122,3042468
3,0,3060472
1,0,3078472
2,9125,3096472
3,0,3114472
1,0,3132468
2,9122,3150472
3,0,3168468
1,0,3186468
2,9123,3204468
3,0,3222472
1,0,3240472
2,9123,3258472
3,0,3276468
1,0,3294468
2,9147,3312468
3,0,3330468
1,0,3348472
2,9120,3366472
3,0,3384476
1,0,3402472
2,9147,3420472
3,0,3438472
1,0,3456468
2,9120,3474468
3,0,3492468
1,0,3510468
2,9148,3528468
3,0,3546468
1,0,3564472
2,9121,3582468
3,0,3600472
1,0,3618472
2,9123,3636468
3,0,3654472
1,0,3672472
2,9148,3690472
3,0,3708472
1,0,3726468
2,9147,3744472
3,0,3762472
1,0,3780468
2,9123,3798472
3,0,3816472
1,0,3834468
2,9170,3852472
3,0,3870468
1,0,3888468
2,9146,3906472
3,0,3924468
1,0,3942472
2,9145,3960468
3,0,3978472
1,0,3996468
2,9170,4014468
3,0,4032476
1,0,4050472
2,9121,4068468
3,0,4086472
1,0,4104468
2,9122,4122468
3,0,4140472
1,0,4158476
2,9145,4176468
3,0,4194476
1,0,4212472
2,9148,4230472
3,0,4248472
1,0,4266472
2,9121,4284472
3,0,4302476
1,0,4320472
2,9170,4338472
3,0,4356472
1,0,4374468
2,9195,4392468
3,0,4410472
1,0,4428468
2,9170,4446472
3,0,4464472
1,0,4482468
2,9121,4500468
3,0,4518472
1,0,4536472
2,9121,4554472
3,0,4572468
1,0,4590472
2,9120,4608468
3,0,4626468
1,0,4644472
2,9095,4662468
3,0,4680468
1,0,4698472
2,9143,4716468
3,0,4734468
1,0,4752468
2,9094,4770468
3,0,4788472
1,0,4806468
2,9121,4824472
3,0,4842472
1,0,4860472
2,9096,4878468
3,0,4896476
1,0,4914472
2,9119,4932468
3,0,4950468
1,0,4968476
2,9118,4986468
3,0,5004468
1,0,5022468
2,9143,5040472
3,0,5058472
1,0,5076472
2,9121,5094468
3,0,5112472
1,0,5130468
2,9122,5148472
3,0,5166472
1,0,5184468
2,9094,5202472
3,0,5220468
1,0,5238468
2,9119,5256472
3,0,5274472
1,0,5292468
2,9118,5310476
3,0,5328468
1,0,5346472
2,9120,5364468
3,0,5382468
1,0,5400472
2,9118,5418472
3,0,5436472
1,0,5454472
2,9095,5472472
3,0,5490472
1,0,5508472
2,9143,5526468
3,0,5544468
1,0,5562468
2,9144,5580468
3,0,5598472
1,0,5616472
2,9118,5634468
3,0,5652472
1,0,5670472
2,9093,5688468
3,0,5706472
1,0,5724468
2,9117,5742472
3,0,5760472
1,0,5778468
2,9118,5796468
3,0,5814468
1,0,5832472
2,9095,5850468
3,0,5868468
1,0,5886468
2,9093,5904472
3,0,5922468
1,0,5940472
2,9141,5958468
3,0,5976476
1,0,5994472
2,9119,6012468
3,0,6030472
1,0,6048468
2,9143,6066472
3,0,6084476
1,0,6102472
2,9121,6120468
3,0,6138472
1,0,6156472
2,9118,6174468
3,0,6192468
1,0,6210472
2,9119,6228468
3,0,6246472
1,0,6264472
2,9120,6282468
3,0,6300468
1,0,6318468
2,9119,6336472
3,0,6354472
1,0,6372472
2,9119,6390468
3,0,6408468
1,0,6426472
2,9118,6444468
3,0,6462484
1,0,6480472
2,9117,6498468
3,0,6516472
1,0,6534472
2,9117,6552472
3,0,6570472
1,0,6588468
2,9118,6606472
3,0,6624468
1,0,6642472
2,9148,6660468
3,0,6678468
1,0,6696472
2,9119,6714472
3,0,6732476
1,0,6750472
2,9122,6768468
3,0,6786472
1,0,6804468
2,9119,6822468
3,0,6840468
1,0,6858472
2,9120,6876468
3,0,6894472
1,0,6912468
2,9119,6930468
3,0,6948472
1,0,6966468
2,9117,6984468
3,0,7002468
1,0,7020472
2,9169,7038468
3,0,7056468
1,0,7074472
2,9168,7092468
3,0,7110472
1,0,7128472
2,9147,7146472
3,0,7164472
1,0,7182472
2,9168,7200468
3,0,7218472
1,0,7236468
2,9096,7254472
3,0,7272472
1,0,7290468
2,9122,7308472
3,0,7326468
1,0,7344468
2,9142,7362472
3,0,7380472
1,0,7398472
2,9146,7416472
3,0,7434468
1,0,7452472
2,9168,7470468
3,0,7488472
1,0,7506468
2,9120,7524472
3,0,7542468
1,0,7560472
2,9144,7578468
3,0,7596472
1,0,7614480
2,9140,7632468
3,0,7650472
1,0,7668472
2,9119,7686468
3,0,7704472
1,0,7722468
2,9145,7740472
3,0,7758468
1,0,7776468
2,9129,7794468
3,0,7812472
1,0,7830472
2,9119,7848468
3,0,7866472
1,0,7884468
2,9120,7902472
3,0,7920472
1,0,7938472
2,9123,7956468
3,0,7974468
1,0,7992468
2,9145,8010468
3,0,8028472
1,0,8046468
2,9120,8064472
3,0,8082472
1,0,8100468
2,9093,8118472
3,0,8136472
1,0,8154468
2,9121,8172472
3,0,8190468
1,0,8208468
2,9147,8226468
3,0,8244476
1,0,8262472
2,9119,8280472
3,0,8298472
1,0,8316472
2,9120,8334468
3,0,8352472
1,0,8370472
2,9120,8388472
3,0,8406476
1,0,8424472
2,9123,8442472
3,0,8460472
1,0,8478468
2,9146,8496472
3,0,8514468
1,0,8532468
2,9121,8550472
3,0,8568472
1,0,8586468
2,9121,8604472
3,0,8622476
1,0,8640472
2,9119,8658472
3,0,8676468
1,0,8694472
2,9122,8712468
3,0,8730472
1,0,8748468
2,9120,8766480
3,0,8784476
1,0,8802472
2,9122,8820468
3,0,8838472
1,0,8856468
2,9147,8874472
3,0,8892472
1,0,8910468
2,9123,8928472
3,0,8946472
1,0,8964468
2,9124,8982472
3,0,9000472
1,0,9018468
2,9124,9036472
3,0,9054472
1,0,9072468
2,9148,9090472
3,0,9108476
1,0,9126472
2,9123,9144468
3,0,9162468
1,0,9180472
2,9149,9198468
3,0,9216472
1,0,9234468
2,9124,9252468
3,0,9270468
1,0,9288472
2,9124,9306468
3,0,9324476
1,0,9342472
2,9147,9360468
3,0,9378476
1,0,9396472
2,9122,9414468
3,0,9432476
1,0,9450472
2,9148,9468468
3,0,9486468
1,0,9504468
2,9147,9522472
3,0,9540468
1,0,9558468
2,9097,9576472
3,0,9594468
1,0,9612468
2,9101,9630472
3,0,9648472
1,0,9666468
2,9125,9684472
3,0,9702472
1,0,9720468
2,9149,9738472
3,0,9756476
1,0,9774472
2,9126,9792468
3,0,9810468
1,0,9828468
2,9149,9846472
3,0,9864472
1,0,9882468
2,9125,9900472
3,0,9918480
1,0,9936468
2,9124,9954472
3,0,9972468
1,0,9990468
2,9148,10008472
3,0,10026476
1,0,10044472
2,9122,10062472
3,0,10080472
1,0,10098472
2,9099,10116468
3,0,10134468
1,0,10152472
2,9125,10170468
3,0,10188472
1,0,10206468
2,9125,10224468
3,0,10242472
1,0,10260472
2,9124,10278472
3,0,10296468
1,0,10314468
2,9102,10332468
3,0,10350472
1,0,10368468
2,9127,10386472
3,0,10404472
1,0,10422468
2,9125,10440468
3,0,10458472
1,0,10476472
2,9126,10494468
3,0,10512472
1,0,10530472
2,9127,10548472
3,0,10566468
1,0,10584468
2,9098,10602468
3,0,10620468
1,0,10638472
2,9146,10656472
3,0,10674472
1,0,10692472
2,9098,10710472
3,0,10728472
1,0,10746472
2,9125,10764472
3,0,10782472
