# fw=05,slot_ms=18,timeout_us=12500
1,0,476
2,0,18468
3,0,36472
1,0,54472
2,0,72468
3,0,90468
1,0,108468
2,0,126468
3,0,144472
1,0,162472
2,0,180468
3,0,198472
1,0,216468
2,0,234472
3,0,252472
1,0,270472
2,0,288468
3,0,306472
1,0,324472
2,0,342472
3,0,360468
1,0,378468
2,0,396472
3,0,414472
1,0,432468
2,0,450468
3,0,468468
1,0,486468
2,0,504472
3,0,522468
1,0,540468
2,0,558472
3,0,576468
1,0,594468
2,0,612472
3,0,630472
1,0,648472
2,0,666468
3,0,684468
1,0,702476
2,0,720468
3,0,738472
1,0,756472
2,0,774472
3,0,792468
1,0,810468
2,0,828468
3,0,846472
1,0,864468
2,0,882472
3,0,900472
1,0,918472
2,0,936468
3,0,954472
1,0,972472
2,0,990472
3,0,1008468
1,0,1026472
2,0,1044472
3,0,1062476
1,0,1080472
2,0,1098472
3,0,1116476
1,0,1134472
2,0,1152468
3,0,1170472
1,0,1188468
2,0,1206472
3,0,1224472
1,0,1242472
2,0,1260472
3,0,1278472
1,0,1296472
2,0,1314472
3,0,1332468
1,0,1350472
2,0,1368472
3,0,1386472
1,0,1404468
2,0,1422472
3,0,1440476
1,0,1458472
2,0,1476472
3,0,1494472
1,0,1512468
2,0,1530472
3,0,1548468
1,0,1566472
2,0,1584468
3,0,1602472
1,0,1620468
2,0,1638472
3,0,1656472
1,0,1674472
2,0,1692468
3,0,1710472
1,0,1728468
2,0,1746472
3,0,1764468
1,0,1782472
2,0,1800468
3,0,1818468
1,0,1836472
2,0,1854476
3,0,1872468
1,0,1890472
2,0,1908468
3,0,1926472
1,0,1944468
2,4619,1962468
3,0,1980472
1,5753,1998468
2,4430,2016472
3,4417,2034472
1,5293,2052468
2,4184,2070468
3,4559,2088472
1,4846,2106468
2,3867,2124472
3,4593,2142468
1,4270,2160468
2,3516,2178472
3,4606,2196468
1,3604,2214468
2,3324,2232468
3,0,2250476
1,0,2268468
2,0,2286472
3,0,2304472
1,0,2322468
2,0,2340472
3,0,2358476
