# fw=05,slot_ms=18,timeout_us=12500
1,0,476
2,0,18468
3,0,36472
1,0,54472
2,0,72468
3,0,90468
1,0,108468
2,0,126468
3,0,144472
1,0,162472
2,0,180468
3,0,198472
1,0,216468
2,0,234472
3,0,252472
1,0,270472
2,0,288468
3,0,306472
1,0,324472
2,0,342468
3,0,360472
1,0,378468
2,0,396472
3,0,414472
1,0,432468
2,0,450472
3,0,468472
1,0,486472
2,0,504468
3,0,522472
1,0,540472
2,0,558472
3,0,576468
1,0,594468
2,0,612472
3,0,630468
1,0,648468
2,0,666472
3,0,684468
1,0,702476
2,0,720472
3,0,738472
1,0,756468
2,0,774468
3,0,792472
1,0,810468
2,0,828472
3,0,846468
1,0,864472
2,0,882468
3,0,900472
1,0,918468
2,0,936472
3,0,954468
1,0,972468
2,0,990468
3,0,1008472
1,0,1026472
2,0,1044468
3,0,1062468
1,0,1080472
2,0,1098472
3,0,1116472
1,0,1134472
2,0,1152468
3,0,1170468
1,0,1188468
2,0,1206468
3,0,1224472
1,0,1242468
2,0,1260468
3,0,1278468
1,0,1296472
2,0,1314472
3,0,1332468
1,0,1350472
2,0,1368468
3,0,1386468
1,0,1404472
2,0,1422468
3,0,1440472
1,0,1458468
2,0,1476468
3,0,1494468
1,0,1512472
2,0,1530468
3,0,1548472
1,0,1566468
2,0,1584472
3,0,1602472
1,0,1620468
2,0,1638472
3,0,1656472
1,0,1674472
2,0,1692468
3,0,1710472
1,0,1728468
2,0,1746472
3,0,1764476
1,0,1782468
2,0,1800472
3,0,1818472
1,0,1836468
2,0,1854476
3,0,1872472
1,0,1890468
2,0,1908472
3,0,1926476
1,0,1944468
2,0,1962468
3,0,1980472
1,0,1998468
2,0,2016472
3,0,2034472
1,0,2052468
2,0,2070472
3,0,2088468
1,0,2106472
2,0,2124468
3,0,2142468
1,0,2160472
2,0,2178472
3,0,2196472
1,0,2214472
2,0,2232472
3,0,2250476
1,0,2268472
2,0,2286472
3,0,2304472
1,0,2322468
2,0,2340472
3,0,2358472
1,0,2376468
2,0,2394472
3,0,2412468
1,0,2430472
2,0,2448468
3,0,2466472
1,0,2484472
2,0,2502468
3,0,2520472
1,0,2538468
2,0,2556468
3,0,2574476
1,0,2592468
2,0,2610472
3,0,2628468
1,0,2646468
2,0,2664468
3,0,2682472
1,0,2700468
2,0,2718472
3,8775,2736472
1,3330,2754472
2,4135,2772468
3,0,2790472
1,3780,2808468
2,4214,2826468
3,5056,2844472
1,4236,2862472
2,4337,2880472
3,4869,2898472
1,4613,2916468
2,4397,2934472
3,4526,2952472
1,4931,2970472
2,4455,2988468
3,4070,3006480
1,5156,3024472
2,4397,3042472
3,0,3060468
1,0,3078472
2,4386,3096468
3,0,3114468
1,0,3132468
2,0,3150472
3,0,3168468
