# fw=05,slot_ms=18,timeout_us=12500
1,0,476
2,0,18468
3,0,36472
1,0,54472
2,0,72468
3,0,90468
1,0,108468
2,0,126468
3,0,144472
1,0,162472
2,0,180468
3,0,198472
1,0,216468
2,0,234472
3,0,252472
1,0,270472
2,0,288468
3,0,306472
1,0,324472
2,0,342472
3,0,360476
1,0,378468
2,0,396472
3,0,414468
1,0,432468
2,0,450472
3,0,468472
1,0,486472
2,0,504468
3,0,522472
1,0,540472
2,0,558472
3,0,576468
1,0,594468
2,0,612472
3,0,630472
1,0,648472
2,8409,666468
3,0,684472
1,0,702480
2,8466,720472
3,0,738472
1,0,756472
2,0,774472
3,0,792476
1,0,810468
2,0,828472
3,0,846468
1,0,864472
2,0,882468
3,0,900468
1,0,918468
2,0,936472
3,0,954468
1,0,972468
2,0,990468
3,0,1008472
1,0,1026472
2,0,1044472
3,0,1062468
1,0,1080472
2,0,1098472
3,0,1116476
1,0,1134472
2,0,1152468
3,0,1170472
1,0,1188468
2,0,1206468
3,0,1224472
1,0,1242468
2,0,1260472
3,0,1278468
1,0,1296472
2,0,1314468
3,0,1332468
1,0,1350472
2,0,1368468
3,0,1386472
1,0,1404468
2,0,1422468
3,0,1440472
1,0,1458472
2,0,1476468
3,0,1494476
1,0,1512472
2,0,1530468
3,0,1548472
1,0,1566468
2,0,1584472
3,0,1602472
1,0,1620468
2,0,1638472
3,0,1656472
1,0,1674472
2,0,1692472
3,0,1710472
1,0,1728468
2,0,1746472
3,0,1764472
1,0,1782468
2,0,1800472
3,0,1818472
1,0,1836468
2,0,1854480
3,0,1872472
1,0,1890468
2,0,1908472
3,0,1926476
1,0,1944468
2,0,1962468
3,0,1980472
1,0,1998468
2,0,2016472
3,0,2034472
1,0,2052472
2,0,2070472
3,0,2088468
1,0,2106472
2,0,2124468
3,0,2142468
1,0,2160468
2,0,2178468
3,0,2196468
1,0,2214472
2,0,2232468
3,0,2250468
1,0,2268468
2,0,2286468
3,10641,2304468
1,0,2322468
2,0,2340468
3,0,2358472
1,0,2376468
2,0,2394472
3,0,2412468
1,0,2430472
2,0,2448468
3,0,2466472
1,0,2484468
2,0,2502472
3,0,2520468
1,0,2538468
2,0,2556468
3,0,2574472
1,0,2592468
2,0,2610468
3,0,2628472
1,0,2646468
2,0,2664468
3,0,2682468
1,0,2700472
2,0,2718468
3,0,2736472
1,0,2754468
2,0,2772468
3,0,2790468
1,0,2808472
2,0,2826468
3,0,2844468
1,0,2862472
2,0,2880472
3,0,2898472
1,0,2916468
2,0,2934472
3,0,2952476
1,0,2970468
2,0,2988468
3,0,3006480
1,0,3024468
2,0,3042472
3,0,3060468
1,0,3078468
2,0,3096468
3,0,3114468
1,0,3132472
2,0,3150468
3,0,3168472
1,0,3186472
2,0,3204472
3,0,3222472
1,0,3240468
2,0,3258472
3,0,3276468
1,0,3294472
2,0,3312468
3,0,3330476
1,0,3348472
2,0,3366468
3,0,3384468
1,0,3402472
2,0,3420472
3,0,3438476
1,0,3456472
2,0,3474468
3,0,3492468
1,0,3510472
2,0,3528468
3,0,3546468
1,0,3564472
2,0,3582472
3,0,3600468
1,0,3618472
2,0,3636468
3,0,3654468
1,0,3672468
2,0,3690472
3,0,3708472
1,0,3726468
2,0,3744472
3,0,3762472
1,0,3780472
2,0,3798472
3,0,3816472
1,0,3834472
2,0,3852468
3,0,3870472
1,0,3888468
2,0,3906472
3,0,3924472
1,0,3942468
2,0,3960472
3,0,3978476
1,0,3996472
2,0,4014472
3,0,4032472
1,0,4050468
2,0,4068472
3,0,4086472
1,0,4104472
2,0,4122472
3,0,4140468
1,0,4158476
2,0,4176472
3,0,4194472
1,0,4212468
2,0,4230472
3,0,4248472
1,0,4266468
2,0,4284472
3,0,4302468
1,0,4320468
2,0,4338472
3,0,4356472
1,0,4374468
2,0,4392468
3,0,4410468
1,0,4428472
2,0,4446468
3,0,4464472
1,0,4482468
2,0,4500472
3,0,4518476
1,0,4536472
2,0,4554472
3,0,4572468
1,0,4590468
2,0,4608472
3,0,4626468
1,0,4644472
2,0,4662468
3,0,4680468
1,0,4698468
2,0,4716472
3,0,4734468
1,0,4752468
2,3999,4770472
3,0,4788468
1,3914,4806468
2,3847,4824468
3,0,4842472
1,4235,4860472
2,3654,4878468
3,0,4896472
1,4518,4914472
2,3403,4932468
3,0,4950472
1,0,4968472
2,3197,4986468
3,0,5004468
1,0,5022472
2,2923,5040472
3,0,5058472
1,0,5076472
2,0,5094472
3,0,5112476
1,0,5130468
2,0,5148468
3,0,5166476
1,0,5184472
2,0,5202468
3,0,5220472
1,0,5238472
2,0,5256468
3,0,5274476
1,0,5292472
2,0,5310476
3,0,5328472
1,0,5346468
2,0,5364468
3,0,5382472
1,0,5400468
2,0,5418468
3,0,5436472
1,0,5454468
2,0,5472472
3,0,5490472
1,0,5508468
2,0,5526472
3,0,5544472
1,0,5562468
2,0,5580472
3,0,5598468
1,0,5616472
2,0,5634472
3,0,5652468
1,0,5670472
2,0,5688468
3,0,5706472
1,0,5724472
2,0,5742468
3,0,5760476
1,0,5778472
2,0,5796472
3,0,5814468
1,0,5832468
2,0,5850468
3,0,5868472
1,0,5886468
2,0,5904472
3,0,5922468
1,0,5940472
2,0,5958468
3,0,5976476
1,0,5994472
2,0,6012472
3,0,6030468
1,0,6048468
2,0,6066472
3,0,6084468
1,0,6102472
2,0,6120472
3,0,6138472
1,0,6156472
2,0,6174468
3,0,6192472
1,0,6210472
2,0,6228472
3,0,6246468
1,0,6264472
2,0,6282468
3,0,6300472
1,0,6318468
2,0,6336472
3,0,6354472
1,0,6372468
2,0,6390472
3,0,6408468
1,0,6426472
2,0,6444472
3,0,6462484
1,0,6480472
2,0,6498468
3,0,6516472
1,0,6534472
2,0,6552468
3,0,6570468
1,0,6588472
2,0,6606468
3,0,6624468
1,0,6642472
2,0,6660472
3,0,6678476
1,0,6696468
2,0,6714472
3,0,6732472
1,0,6750472
2,0,6768468
3,0,6786472
1,0,6804468
2,0,6822472
3,0,6840472
1,0,6858472
2,0,6876468
3,0,6894468
1,0,6912472
2,0,6930468
3,0,6948472
1,0,6966468
2,0,6984472
3,0,7002472
1,0,7020472
2,0,7038472
3,0,7056468
1,0,7074472
2,0,7092468
3,0,7110472
1,0,7128468
2,0,7146472
3,0,7164472
1,0,7182468
2,0,7200472
3,0,7218472
1,0,7236472
2,0,7254472
3,0,7272472
1,0,7290468
2,0,7308468
3,0,7326468
1,0,7344472
2,0,7362468
3,0,7380468
1,0,7398472
2,0,7416468
3,0,7434472
1,0,7452468
2,0,7470468
3,0,7488472
1,0,7506472
2,0,7524472
3,0,7542476
1,0,7560472
2,0,7578468
3,0,7596468
1,0,7614476
2,0,7632472
3,0,7650468
1,0,7668468
2,0,7686472
3,0,7704476
1,0,7722472
2,0,7740468
3,0,7758472
1,0,7776472
2,0,7794468
3,0,7812476
1,0,7830472
2,0,7848472
3,0,7866468
1,0,7884472
2,0,7902472
3,0,7920476
1,0,7938472
2,0,7956468
3,0,7974472
1,0,7992468
2,0,8010472
3,0,8028472
1,0,8046472
2,0,8064472
3,0,8082472
1,0,8100468
2,0,8118472
3,0,8136468
1,0,8154472
2,0,8172468
3,0,8190468
1,0,8208468
2,0,8226468
3,0,8244472
1,0,8262468
2,0,8280472
3,11896,8298468
1,0,8316472
2,0,8334468
3,0,8352468
1,0,8370472
2,0,8388472
3,0,8406472
1,0,8424472
2,0,8442472
3,0,8460468
1,0,8478468
2,0,8496472
3,12035,8514472
1,0,8532472
2,0,8550472
3,0,8568472
1,0,8586468
2,0,8604468
3,0,8622468
1,0,8640472
2,0,8658472
3,0,8676472
1,0,8694472
2,0,8712468
3,0,8730468
1,0,8748472
2,0,8766476
3,0,8784472
1,0,8802468
2,0,8820472
3,0,8838468
1,0,8856472
2,0,8874472
3,0,8892476
1,0,8910468
2,0,8928468
3,0,8946472
1,0,8964472
2,0,8982468
3,0,9000472
1,0,9018472
2,0,9036468
3,0,9054472
1,0,9072468
2,0,9090468
3,0,9108472
1,0,9126472
2,0,9144468
3,0,9162468
1,0,9180468
2,0,9198472
3,0,9216472
1,0,9234468
2,0,9252472
3,0,9270476
1,0,9288472
2,0,9306468
3,0,9324472
1,0,9342468
2,0,9360468
3,0,9378468
1,0,9396472
2,0,9414468
3,0,9432468
1,0,9450468
2,0,9468468
3,0,9486472
1,5733,9504472
2,5386,9522472
3,0,9540468
1,0,9558472
2,5769,9576472
3,0,9594476
1,6196,9612472
2,6118,9630468
3,5859,9648472
1,0,9666472
2,0,9684472
3,6172,9702468
1,0,9720472
2,6567,9738472
3,6701,9756472
1,6425,9774472
2,0,9792472
3,6925,9810472
1,6383,9828468
2,0,9846468
3,6922,9864472
1,0,9882468
2,6487,9900468
3,7017,9918484
1,0,9936472
2,0,9954468
3,0,9972472
1,0,9990468
2,5789,10008472
3,6654,10026468
1,0,10044468
2,0,10062468
3,0,10080472
1,3765,10098472
2,0,10116472
3,0,10134472
1,0,10152472
2,0,10170472
3,0,10188476
1,0,10206472
2,0,10224472
3,0,10242472
1,0,10260472
2,0,10278472
3,0,10296472
1,0,10314468
2,0,10332468
3,0,10350476
1,0,10368468
2,0,10386468
3,0,10404468
1,0,10422472
2,0,10440472
3,0,10458472
1,0,10476468
2,0,10494472
3,0,10512472
1,0,10530472
2,0,10548472
3,0,10566472
1,0,10584472
2,0,10602472
3,0,10620468
1,0,10638468
2,0,10656468
3,0,10674468
1,0,10692472
2,0,10710468
3,0,10728476
1,0,10746468
2,0,10764468
3,0,10782468
1,0,10800468
2,0,10818468
3,0,10836472
1,0,10854472
2,0,10872472
3,0,10890472
1,0,10908468
2,0,10926472
3,0,10944472
1,0,10962472
2,0,10980472
3,0,10998472
1,0,11016472
2,0,11034468
3,0,11052472
1,0,11070476
2,0,11088468
3,0,11106468
1,0,11124472
2,0,11142468
3,0,11160472
1,0,11178468
2,0,11196472
3,0,11214472
1,0,11232472
2,0,11250472
3,0,11268472
1,0,11286472
2,0,11304468
3,0,11322472
1,0,11340472
2,0,11358468
3,0,11376476
1,0,11394472
2,0,11412472
3,0,11430472
1,0,11448472
2,0,11466472
3,0,11484468
1,0,11502468
2,0,11520468
3,0,11538472
1,0,11556468
2,0,11574468
3,11535,11592476
1,0,11610468
2,0,11628468
3,10949,11646476
1,0,11664468
2,0,11682468
3,0,11700468
1,0,11718472
2,0,11736468
3,0,11754468
1,0,11772472
2,0,11790468
3,0,11808468
1,0,11826472
2,0,11844472
3,0,11862468
1,0,11880472
2,0,11898472
3,0,11916472
1,0,11934468
2,0,11952472
3,0,11970472
1,0,11988468
2,0,12006468
3,0,12024468
1,0,12042468
2,0,12060468
3,0,12078472
1,0,12096468
2,0,12114472
3,0,12132476
1,0,12150468
2,0,12168472
3,0,12186472
1,0,12204472
2,0,12222476
3,0,12240468
1,0,12258472
2,0,12276468
3,0,12294468
1,0,12312468
2,0,12330468
3,0,12348468
1,0,12366472
2,0,12384472
3,0,12402472
1,0,12420468
2,0,12438468
3,0,12456476
1,0,12474468
2,0,12492472
3,0,12510472
1,0,12528468
2,0,12546468
3,0,12564476
1,0,12582468
2,0,12600472
3,0,12618472
1,0,12636468
2,0,12654468
3,0,12672476
1,0,12690472
2,0,12708472
3,0,12726468
1,0,12744472
2,0,12762468
3,0,12780468
1,0,12798472
2,0,12816468
3,0,12834472
1,0,12852472
2,0,12870472
3,0,12888472
1,0,12906472
2,0,12924468
3,0,12942468
1,0,12960472
2,0,12978472
3,0,12996472
1,0,13014472
2,0,13032476
3,0,13050468
1,0,13068472
2,0,13086468
3,0,13104468
1,0,13122472
2,0,13140468
3,0,13158476
1,0,13176468
2,0,13194468
3,0,13212468
1,3471,13230468
2,4459,13248468
3,5475,13266472
1,4014,13284472
2,4616,13302472
3,5180,13320472
1,4415,13338472
2,4570,13356468
3,5089,13374484
1,4689,13392468
2,4550,13410468
3,4745,13428472
1,4947,13446468
2,4449,13464468
3,4362,13482468
1,5081,13500468
2,4313,13518472
3,4045,13536468
1,5194,13554472
2,4072,13572468
3,0,13590472
1,5342,13608472
2,3887,13626468
3,0,13644476
1,0,13662468
2,0,13680468
3,0,13698472
