# fw=05,slot_ms=18,timeout_us=12500
1,6820,476
2,0,18472
3,0,36468
1,6866,54468
2,0,72468
3,0,90476
1,6874,108468
2,0,126472
3,0,144468
1,6893,162472
2,0,180468
3,0,198472
1,6893,216468
2,0,234468
3,0,252472
1,6896,270472
2,0,288468
3,0,306472
1,6903,324472
2,0,342468
3,0,360472
1,6892,378472
2,0,396472
3,0,414472
1,6916,432468
2,0,450472
3,0,468468
1,6894,486468
2,0,504468
3,0,522468
1,6905,540472
2,0,558472
3,0,576468
1,6941,594468
2,0,612472
3,0,630472
1,6895,648472
2,0,666468
3,0,684472
1,6920,702480
2,0,720468
3,0,738476
1,6920,756472
2,0,774472
3,0,792468
1,6921,810468
2,0,828468
3,0,846472
1,6894,864472
2,0,882468
3,0,900472
1,6928,918472
2,0,936468
3,0,954468
1,6895,972468
2,0,990472
3,0,1008472
1,6894,1026468
2,0,1044472
3,0,1062468
1,6894,1080472
2,0,1098472
3,0,1116472
1,6901,1134468
2,0,1152468
3,0,1170472
1,6894,1188468
2,0,1206468
3,0,1224472
1,6891,1242468
2,0,1260472
3,0,1278468
1,6891,1296472
2,0,1314468
3,0,1332472
1,6900,1350468
2,0,1368472
3,0,1386472
1,6892,1404468
2,0,1422468
3,0,1440472
1,6894,1458472
2,0,1476472
3,0,1494468
1,6894,1512472
2,0,1530472
3,0,1548468
1,6894,1566472
2,0,1584468
3,0,1602468
1,6893,1620472
2,0,1638472
3,0,1656472
1,6893,1674468
2,0,1692468
3,0,1710468
1,6901,1728472
2,0,1746472
3,0,1764476
1,6868,1782472
2,0,1800468
3,0,1818472
1,6868,1836468
2,0,1854480
3,0,1872468
1,6894,1890472
2,0,1908472
3,0,1926472
1,6877,1944472
2,0,1962472
3,0,1980468
1,6890,1998472
2,0,2016468
3,0,2034472
1,6867,2052468
2,0,2070472
3,0,2088476
1,6867,2106472
2,0,2124468
3,0,2142472
1,6875,2160468
2,0,2178472
3,0,2196472
1,6889,2214472
2,0,2232468
3,0,2250468
1,6890,2268468
2,0,2286472
3,0,2304476
1,6887,2322472
2,0,2340472
3,0,2358476
1,6864,2376472
2,0,2394472
3,0,2412468
1,6889,2430472
2,0,2448468
3,0,2466472
1,6888,2484468
2,0,2502472
3,0,2520476
1,6896,2538472
2,0,2556472
3,0,2574472
1,6889,2592468
2,0,2610468
3,0,2628472
1,6887,2646468
2,0,2664468
3,0,2682468
1,6863,2700472
2,0,2718468
3,0,2736472
1,6895,2754468
2,0,2772468
3,0,2790472
1,6886,2808468
2,0,2826468
3,0,2844468
1,6860,2862468
2,0,2880472
3,0,2898472
1,6861,2916468
2,0,2934468
3,0,2952472
1,6896,2970468
2,0,2988468
3,0,3006480
1,6861,3024468
2,0,3042468
3,0,3060472
1,6862,3078472
2,0,3096468
3,0,3114472
1,6888,3132472
2,0,3150472
3,0,3168468
1,6867,3186468
2,0,3204468
3,0,3222468
1,6887,3240472
2,0,3258468
3,0,3276472
1,6887,3294468
2,0,3312468
3,0,3330472
1,6871,3348468
2,0,3366468
3,0,3384472
1,6862,3402468
2,0,3420468
3,0,3438468
1,6887,3456472
2,0,3474468
3,0,3492468
1,6887,3510468
2,0,3528468
3,0,3546472
1,6896,3564468
2,0,3582468
3,0,3600476
1,6889,3618472
2,0,3636468
3,0,3654468
1,6888,3672468
2,0,3690468
3,0,3708472
1,6863,3726472
2,0,3744468
3,0,3762472
1,6872,3780472
2,0,3798468
3,0,3816472
1,6865,3834468
2,0,3852472
3,0,3870468
1,6888,3888468
2,0,3906468
3,0,3924472
1,6866,3942472
2,0,3960472
3,0,3978468
1,6873,3996472
2,0,4014468
3,0,4032472
1,6864,4050468
2,0,4068468
3,0,4086472
1,6866,4104468
2,0,4122472
3,0,4140472
1,6888,4158476
2,0,4176472
3,0,4194476
1,6862,4212472
2,0,4230472
3,0,4248472
1,6889,4266468
2,0,4284472
3,0,4302476
1,6889,4320472
2,0,4338468
3,0,4356472
1,6896,4374468
2,0,4392468
3,0,4410472
1,6888,4428472
2,0,4446472
3,0,4464468
1,6887,4482468
2,0,4500468
3,0,4518472
1,6887,4536468
2,0,4554468
3,0,4572472
1,6896,4590472
2,0,4608468
3,0,4626468
1,6864,4644472
2,0,4662468
3,0,4680472
1,6891,4698468
2,0,4716472
3,0,4734468
1,6888,4752468
2,0,4770468
3,0,4788472
1,6897,4806472
2,0,4824468
3,0,4842472
1,6890,4860468
2,0,4878468
3,0,4896472
1,6889,4914468
2,0,4932468
3,0,4950472
1,6889,4968468
2,0,4986468
3,0,5004472
1,6894,5022472
2,0,5040472
3,0,5058468
1,6893,5076468
2,0,5094468
3,0,5112472
1,6893,5130472
2,0,5148468
3,0,5166472
1,6873,5184468
2,0,5202468
3,0,5220472
1,6866,5238468
2,0,5256468
3,0,5274468
1,6867,5292472
2,0,5310476
3,0,5328472
1,6893,5346468
2,0,5364468
3,0,5382472
1,6924,5400468
2,0,5418468
3,0,5436472
1,6917,5454468
2,0,5472468
3,0,5490472
1,6895,5508468
2,0,5526472
3,0,5544468
1,6915,5562468
2,0,5580472
3,0,5598472
1,6925,5616468
2,0,5634472
3,0,5652476
1,6891,5670472
2,0,5688472
3,0,5706472
1,6918,5724472
2,0,5742472
3,0,5760468
1,6894,5778472
2,0,5796472
3,0,5814468
1,6917,5832468
2,0,5850468
3,0,5868472
1,6896,5886468
2,0,5904468
3,0,5922468
1,6894,5940468
2,0,5958468
3,0,5976472
1,6904,5994468
2,0,6012468
3,0,6030472
1,6896,6048468
2,0,6066472
3,0,6084472
1,6895,6102468
2,0,6120472
3,0,6138468
1,6893,6156468
2,0,6174468
3,0,6192472
1,6901,6210468
2,0,6228472
3,0,6246476
1,6891,6264472
2,0,6282468
3,0,6300472
1,6895,6318472
2,0,6336472
3,0,6354472
1,6895,6372468
2,0,6390472
3,0,6408472
1,6924,6426472
2,0,6444472
3,0,6462476
1,6891,6480472
2,0,6498472
3,0,6516468
1,6893,6534468
2,0,6552472
3,0,6570472
1,6919,6588468
2,0,6606468
3,0,6624472
1,6900,6642468
2,0,6660468
3,0,6678468
1,6893,6696472
2,0,6714472
3,0,6732468
1,6893,6750468
2,0,6768472
3,0,6786468
1,6892,6804472
2,0,6822472
3,0,6840476
1,6894,6858472
2,0,6876472
3,0,6894468
1,6892,6912472
2,0,6930472
3,0,6948476
1,6893,6966472
2,0,6984472
3,0,7002476
1,6902,7020472
2,0,7038468
3,0,7056472
1,6867,7074468
2,0,7092468
3,0,7110472
1,6893,7128472
2,0,7146472
3,0,7164468
1,6894,7182468
2,0,7200468
3,0,7218472
1,6877,7236468
2,0,7254468
3,0,7272472
1,6893,7290468
2,0,7308468
3,0,7326472
1,6869,7344472
2,0,7362472
3,0,7380468
1,6893,7398472
2,0,7416472
3,0,7434468
1,6900,7452472
2,0,7470472
3,0,7488468
1,6893,7506468
2,0,7524468
3,0,7542472
1,6867,7560472
2,0,7578468
3,0,7596472
1,6892,7614480
2,0,7632472
3,0,7650468
1,6865,7668472
2,0,7686472
3,0,7704472
1,6867,7722472
2,0,7740468
3,0,7758472
1,6868,7776472
2,0,7794472
3,0,7812468
1,6876,7830472
2,0,7848472
3,0,7866468
1,6892,7884472
2,0,7902472
3,0,7920472
1,6914,7938468
2,0,7956468
3,0,7974472
1,6915,7992468
2,0,8010468
3,0,8028472
1,6900,8046468
2,0,8064468
3,0,8082468
1,6892,8100468
2,0,8118472
3,0,8136468
1,6891,8154468
2,0,8172472
3,0,8190472
1,6894,8208472
2,0,8226472
3,0,8244476
1,6902,8262472
2,0,8280472
3,0,8298472
1,6915,8316472
2,0,8334472
3,0,8352472
1,6915,8370472
2,0,8388468
3,0,8406472
1,6894,8424472
2,0,8442472
3,0,8460468
1,6890,8478472
2,0,8496468
3,0,8514472
1,6915,8532472
2,0,8550472
3,0,8568472
1,6894,8586472
2,0,8604472
3,0,8622468
1,6899,8640472
2,0,8658472
3,0,8676468
1,6890,8694472
2,0,8712472
3,0,8730472
1,6889,8748472
2,0,8766476
3,0,8784472
1,6917,8802472
2,0,8820472
3,0,8838472
1,6899,8856468
2,0,8874468
3,0,8892472
1,6890,8910468
2,0,8928468
3,0,8946468
1,6915,8964468
2,0,8982468
3,0,9000472
1,6915,9018468
2,0,9036468
3,0,9054472
1,6895,9072472
2,0,9090468
3,0,9108472
1,6913,9126468
2,0,9144472
3,0,9162468
1,6891,9180468
2,0,9198468
3,0,9216472
1,6914,9234468
2,0,9252472
3,0,9270468
1,6892,9288468
2,0,9306472
3,0,9324468
1,6893,9342468
2,0,9360468
3,0,9378472
1,6913,9396472
2,0,9414468
3,0,9432472
1,6916,9450472
2,0,9468472
3,0,9486472
1,6916,9504468
2,0,9522468
3,0,9540472
1,6914,9558472
2,0,9576472
3,0,9594468
1,6916,9612468
2,0,9630468
3,0,9648472
1,6926,9666472
2,0,9684472
3,0,9702472
1,6916,9720468
2,0,9738468
3,0,9756472
1,6914,9774472
2,0,9792472
3,0,9810468
1,6913,9828468
2,0,9846472
3,0,9864468
1,6921,9882472
2,0,9900468
3,0,9918480
1,6914,9936472
2,0,9954472
3,0,9972476
1,6917,9990468
2,0,10008468
3,0,10026468
1,6917,10044472
2,0,10062468
3,0,10080472
1,6923,10098472
2,0,10116472
3,0,10134472
1,6916,10152468
2,0,10170472
3,0,10188476
1,6894,10206472
2,0,10224472
3,0,10242468
1,6896,10260468
2,0,10278468
3,0,10296468
1,6894,10314468
2,0,10332468
3,0,10350476
1,6894,10368468
2,0,10386468
3,0,10404468
1,6941,10422468
2,0,10440468
3,0,10458468
1,6925,10476472
2,0,10494468
3,0,10512472
1,6915,10530472
2,0,10548468
3,0,10566468
1,6915,10584468
2,0,10602472
3,0,10620472
1,6917,10638468
2,0,10656472
3,0,10674472
1,6924,10692468
2,0,10710472
3,0,10728472
1,6914,10746468
2,0,10764468
3,0,10782472
