# fw=05,slot_ms=18,timeout_us=12500
1,0,476
2,0,18468
3,0,36472
1,0,54472
2,0,72472
3,0,90472
1,0,108472
2,0,126472
3,0,144468
1,0,162472
2,0,180472
3,0,198472
1,0,216472
2,0,234468
3,0,252468
1,0,270472
2,0,288468
3,0,306472
1,0,324468
2,0,342472
3,0,360472
1,0,378472
2,0,396468
3,0,414472
1,0,432468
2,0,450472
3,0,468472
1,0,486472
2,0,504468
3,0,522472
1,0,540472
2,0,558472
3,0,576476
1,0,594472
2,0,612468
3,0,630472
1,0,648472
2,0,666468
3,0,684468
1,0,702476
2,0,720472
3,0,738468
1,0,756468
2,0,774468
3,0,792468
1,0,810468
2,0,828468
3,0,846472
1,0,864468
2,0,882472
3,0,900472
1,0,918472
2,0,936468
3,0,954472
1,0,972472
2,0,990472
3,0,1008468
1,0,1026472
2,0,1044472
3,0,1062472
1,0,1080472
2,0,1098468
3,0,1116468
1,0,1134472
2,0,1152472
3,0,1170472
1,0,1188468
2,0,1206472
3,0,1224472
1,0,1242472
2,0,1260468
3,0,1278472
1,0,1296472
2,0,1314472
3,0,1332472
1,0,1350468
2,0,1368472
3,0,1386472
1,0,1404472
2,0,1422468
3,0,1440468
1,0,1458472
2,0,1476472
3,0,1494472
1,0,1512476
2,0,1530472
3,0,1548472
1,0,1566472
2,0,1584472
3,0,1602468
1,0,1620472
2,0,1638468
3,0,1656472
1,0,1674468
2,0,1692468
3,0,1710472
1,0,1728468
2,0,1746468
3,0,1764468
1,0,1782472
2,0,1800472
3,0,1818476
1,0,1836472
2,0,1854476
3,0,1872468
1,0,1890472
2,0,1908472
3,0,1926468
1,0,1944472
2,0,1962468
3,0,1980472
1,0,1998468
2,0,2016472
3,0,2034472
1,0,2052472
2,0,2070468
3,0,2088472
1,0,2106468
2,0,2124468
3,0,2142472
1,0,2160468
2,0,2178472
3,0,2196472
1,0,2214472
2,0,2232472
3,0,2250476
1,0,2268472
2,0,2286472
3,0,2304472
1,0,2322468
2,0,2340468
3,0,2358472
1,0,2376468
2,0,2394468
3,0,2412472
1,0,2430468
2,0,2448472
3,0,2466468
1,0,2484472
2,0,2502468
3,0,2520472
1,0,2538468
2,0,2556468
3,0,2574472
1,0,2592468
2,0,2610468
3,0,2628472
1,0,2646468
2,0,2664468
3,0,2682468
1,0,2700468
2,0,2718472
3,0,2736472
1,0,2754468
2,0,2772468
3,0,2790472
1,0,2808472
2,0,2826468
3,0,2844468
1,0,2862472
2,0,2880472
3,0,2898468
1,0,2916472
2,0,2934468
3,0,2952472
1,0,2970472
2,0,2988472
3,0,3006476
1,0,3024468
2,0,3042468
3,0,3060472
1,0,3078472
2,0,3096472
3,0,3114472
1,0,3132468
2,0,3150472
3,0,3168472
1,0,3186472
2,0,3204472
3,0,3222472
1,0,3240468
2,0,3258472
3,0,3276468
1,0,3294468
2,0,3312468
3,0,3330472
1,0,3348468
2,0,3366472
3,0,3384472
1,0,3402468
2,0,3420472
3,0,3438472
1,0,3456472
2,0,3474472
3,0,3492468
1,0,3510468
2,0,3528472
3,0,3546472
1,0,3564468
2,0,3582468
3,0,3600472
1,0,3618468
2,0,3636472
3,0,3654468
1,0,3672468
2,0,3690472
3,0,3708468
1,0,3726472
2,0,3744468
3,0,3762472
1,0,3780468
2,0,3798468
3,0,3816468
1,0,3834468
2,0,3852472
3,0,3870476
1,0,3888472
2,0,3906468
3,0,3924476
1,0,3942472
2,0,3960472
3,0,3978468
1,0,3996472
2,0,4014472
3,0,4032472
1,0,4050468
2,0,4068472
3,0,4086468
1,0,4104472
2,0,4122468
3,0,4140472
1,0,4158476
2,0,4176468
3,0,4194472
1,0,4212468
2,0,4230472
3,0,4248472
1,0,4266468
2,0,4284472
3,0,4302472
1,0,4320468
2,0,4338468
3,0,4356476
1,0,4374472
2,0,4392468
3,0,4410472
1,0,4428468
2,0,4446472
3,0,4464468
1,0,4482472
2,0,4500468
3,0,4518468
1,0,4536468
2,0,4554468
3,0,4572472
1,0,4590468
2,0,4608468
3,0,4626468
1,0,4644468
2,0,4662472
3,0,4680472
1,0,4698468
2,0,4716472
3,0,4734472
1,0,4752472
2,0,4770472
3,0,4788468
1,0,4806468
2,0,4824468
3,0,4842468
1,0,4860468
2,0,4878472
3,0,4896472
1,0,4914472
2,0,4932468
3,0,4950468
1,0,4968472
2,0,4986468
3,0,5004472
1,0,5022468
2,0,5040472
3,0,5058476
1,0,5076472
2,0,5094468
3,0,5112472
1,0,5130468
2,0,5148468
3,0,5166468
1,0,5184472
2,0,5202472
3,0,5220472
1,0,5238472
2,0,5256468
3,0,5274468
1,0,5292468
2,0,5310480
3,0,5328476
1,0,5346472
2,0,5364472
3,0,5382468
1,0,5400472
2,0,5418472
3,0,5436476
1,0,5454472
2,0,5472468
3,0,5490468
1,0,5508468
2,0,5526472
3,0,5544468
1,0,5562468
2,0,5580472
3,0,5598476
1,0,5616472
2,0,5634472
3,0,5652468
1,0,5670472
2,0,5688468
3,0,5706472
1,0,5724468
2,0,5742472
3,0,5760472
1,0,5778468
2,0,5796468
3,0,5814472
1,0,5832468
2,0,5850472
3,0,5868468
1,0,5886472
2,0,5904472
3,0,5922472
1,0,5940468
2,0,5958468
3,0,5976468
1,0,5994468
2,0,6012472
3,0,6030472
1,0,6048468
2,0,6066472
3,0,6084468
1,0,6102468
2,0,6120476
3,0,6138472
1,0,6156468
2,0,6174472
3,0,6192468
1,0,6210468
2,0,6228468
3,0,6246472
1,0,6264468
2,0,6282472
3,0,6300472
1,0,6318472
2,0,6336468
3,0,6354468
1,0,6372472
2,0,6390472
3,0,6408476
1,0,6426472
2,0,6444472
3,0,6462480
1,0,6480472
2,0,6498472
3,0,6516468
1,0,6534468
2,0,6552472
3,0,6570472
1,0,6588468
2,0,6606472
3,0,6624472
1,0,6642468
2,0,6660468
3,0,6678468
1,0,6696472
2,0,6714468
3,0,6732468
1,0,6750472
2,0,6768472
3,0,6786472
1,0,6804468
2,0,6822472
3,0,6840472
1,0,6858468
2,0,6876472
3,0,6894468
1,0,6912468
2,0,6930472
3,0,6948472
1,0,6966472
2,0,6984472
3,0,7002468
1,0,7020472
2,0,7038472
3,0,7056472
1,0,7074468
2,0,7092472
3,0,7110472
1,0,7128472
2,0,7146468
3,0,7164476
1,0,7182468
2,0,7200472
3,0,7218472
1,0,7236472
2,0,7254472
3,0,7272476
1,0,7290472
2,0,7308468
3,0,7326472
1,0,7344472
2,0,7362468
3,0,7380476
1,0,7398472
2,0,7416468
3,0,7434472
1,0,7452468
2,0,7470468
3,0,7488468
1,0,7506468
2,0,7524472
3,0,7542468
1,0,7560472
2,0,7578468
3,0,7596472
1,0,7614480
2,0,7632468
3,0,7650472
1,0,7668472
2,0,7686468
3,0,7704468
1,0,7722472
2,0,7740468
3,0,7758472
1,0,7776472
2,0,7794468
3,0,7812476
1,0,7830472
2,0,7848472
3,0,7866468
1,0,7884468
2,0,7902472
3,0,7920468
1,0,7938472
2,0,7956468
3,0,7974472
1,0,7992472
2,0,8010468
3,0,8028468
1,0,8046472
2,0,8064472
3,0,8082476
1,0,8100472
2,0,8118468
3,0,8136472
1,0,8154468
2,0,8172472
3,0,8190472
1,0,8208472
2,0,8226468
3,0,8244468
1,0,8262472
2,0,8280472
3,0,8298472
1,0,8316468
2,0,8334472
3,0,8352468
1,0,8370468
2,0,8388472
3,0,8406472
1,0,8424476
2,0,8442468
3,0,8460472
1,0,8478468
2,0,8496472
3,0,8514468
1,0,8532472
2,0,8550468
3,0,8568468
1,0,8586472
2,0,8604468
3,0,8622476
1,0,8640472
2,0,8658468
3,0,8676472
1,0,8694472
2,0,8712468
3,0,8730468
1,0,8748468
2,0,8766476
3,0,8784472
1,0,8802472
2,0,8820468
3,0,8838472
1,0,8856468
2,0,8874468
3,0,8892472
1,0,8910468
2,0,8928472
3,0,8946476
1,0,8964468
2,0,8982468
3,0,9000468
1,0,9018472
2,0,9036468
3,0,9054472
1,0,9072468
2,0,9090468
3,0,9108472
1,0,9126472
2,0,9144472
3,0,9162468
1,0,9180472
2,0,9198468
3,0,9216468
1,0,9234472
2,0,9252468
3,0,9270472
1,0,9288468
2,0,9306472
3,0,9324472
1,0,9342468
2,0,9360472
3,0,9378476
1,0,9396472
2,0,9414468
3,0,9432468
1,0,9450468
2,0,9468468
3,0,9486472
1,0,9504472
2,0,9522468
3,0,9540472
1,0,9558468
2,0,9576476
3,0,9594472
1,0,9612468
2,0,9630472
3,0,9648468
1,0,9666468
2,0,9684468
3,0,9702472
1,0,9720468
2,0,9738472
3,0,9756468
1,0,9774468
2,0,9792472
3,0,9810468
1,0,9828472
2,0,9846472
3,0,9864472
1,0,9882472
2,0,9900472
3,0,9918480
1,0,9936472
2,0,9954468
3,0,9972472
1,0,9990472
2,0,10008472
3,0,10026472
1,0,10044468
2,0,10062468
3,0,10080472
1,0,10098472
2,0,10116468
3,0,10134472
1,0,10152472
2,0,10170472
3,0,10188472
1,0,10206472
2,0,10224472
3,0,10242472
1,0,10260472
2,0,10278472
3,0,10296468
1,0,10314472
2,0,10332472
3,0,10350472
1,0,10368468
2,0,10386468
3,0,10404472
1,0,10422468
2,0,10440468
3,0,10458468
1,0,10476472
2,0,10494468
3,0,10512476
1,0,10530468
2,0,10548468
3,0,10566476
1,0,10584468
2,0,10602468
3,0,10620472
1,0,10638472
2,0,10656472
3,0,10674468
1,0,10692472
2,0,10710468
3,0,10728472
1,0,10746468
2,0,10764468
3,0,10782468
1,0,10800468
2,0,10818468
3,0,10836472
1,0,10854472
2,0,10872472
3,0,10890472
1,0,10908472
2,0,10926468
3,0,10944468
1,0,10962468
2,0,10980468
3,0,10998472
1,0,11016468
2,0,11034468
3,0,11052472
1,0,11070476
2,0,11088468
3,0,11106468
1,0,11124468
2,0,11142468
3,0,11160476
1,0,11178468
2,0,11196472
3,0,11214472
1,0,11232468
2,0,11250468
3,0,11268472
1,0,11286468
2,0,11304472
3,0,11322472
1,0,11340468
2,0,11358468
3,0,11376468
1,0,11394472
2,0,11412472
3,0,11430472
1,0,11448472
2,0,11466472
3,0,11484476
1,0,11502468
2,0,11520468
3,0,11538472
1,0,11556472
2,0,11574468
3,0,11592472
1,0,11610472
2,0,11628472
3,0,11646468
1,0,11664472
2,0,11682472
3,0,11700472
1,0,11718468
2,0,11736472
3,0,11754472
1,0,11772472
2,0,11790468
3,0,11808476
1,0,11826468
2,0,11844468
3,0,11862472
1,0,11880468
2,0,11898468
3,0,11916468
1,0,11934472
2,0,11952468
3,0,11970476
1,0,11988472
2,0,12006472
3,0,12024472
1,0,12042468
2,0,12060468
3,0,12078472
1,0,12096468
2,0,12114472
3,0,12132472
1,0,12150468
2,0,12168472
3,0,12186472
1,0,12204468
2,0,12222476
3,0,12240468
1,0,12258468
2,0,12276472
3,0,12294472
1,0,12312472
2,0,12330472
3,0,12348472
1,0,12366472
2,0,12384468
3,0,12402476
1,0,12420472
2,0,12438468
3,0,12456472
1,0,12474472
2,0,12492468
3,0,12510468
1,0,12528472
2,0,12546468
3,0,12564468
1,0,12582472
2,0,12600472
3,0,12618472
1,0,12636468
2,0,12654468
3,0,12672472
1,0,12690468
2,0,12708468
3,0,12726472
1,0,12744472
2,0,12762468
3,0,12780468
1,0,12798472
2,0,12816468
3,0,12834472
1,0,12852468
2,0,12870468
3,0,12888468
1,0,12906472
2,0,12924468
3,0,12942468
1,0,12960468
2,0,12978468
3,0,12996468
1,0,13014472
2,0,13032472
3,0,13050472
1,0,13068472
2,0,13086472
3,0,13104468
1,0,13122472
2,0,13140472
3,0,13158472
1,0,13176472
2,0,13194472
3,0,13212472
1,0,13230472
2,0,13248468
3,0,13266472
1,0,13284468
2,0,13302472
3,0,13320472
1,0,13338468
2,0,13356468
3,0,13374476
1,0,13392472
2,0,13410472
3,0,13428472
1,0,13446468
2,0,13464468
3,0,13482468
1,0,13500472
2,0,13518472
3,0,13536472
1,0,13554472
2,0,13572472
3,0,13590472
1,0,13608472
2,0,13626472
3,0,13644472
1,0,13662468
2,0,13680468
3,0,13698472
1,0,13716468
2,0,13734468
3,0,13752468
1,0,13770472
2,0,13788472
3,0,13806472
1,0,13824472
2,0,13842472
3,0,13860472
1,0,13878472
2,0,13896472
3,0,13914472
1,0,13932468
2,0,13950472
3,0,13968472
1,0,13986472
2,0,14004468
3,0,14022472
1,0,14040472
2,0,14058472
3,0,14076468
1,0,14094468
2,0,14112472
3,0,14130472
1,0,14148468
2,0,14166468
3,0,14184472
1,0,14202468
2,0,14220468
3,0,14238472
1,0,14256468
2,0,14274468
3,0,14292472
1,0,14310468
2,0,14328468
3,0,14346468
1,0,14364472
2,0,14382468
3,0,14400476
1,0,14418468
2,0,14436468
3,0,14454468
1,0,14472472
2,0,14490468
3,0,14508472
1,0,14526476
2,0,14544472
3,0,14562472
1,0,14580472
2,0,14598468
3,0,14616472
1,0,14634468
2,0,14652472
3,0,14670472
1,0,14688472
2,0,14706472
3,0,14724472
1,0,14742472
2,0,14760472
3,0,14778472
1,0,14796472
2,0,14814468
3,0,14832468
1,0,14850468
2,0,14868468
3,0,14886468
1,0,14904472
2,0,14922472
3,0,14940472
1,0,14958468
2,0,14976472
3,0,14994472
1,0,15012468
2,0,15030472
3,0,15048472
1,0,15066468
2,0,15084468
3,0,15102476
1,0,15120472
2,0,15138472
3,0,15156472
1,0,15174468
2,0,15192468
3,0,15210468
1,0,15228472
2,0,15246472
3,0,15264472
1,0,15282468
2,0,15300472
3,0,15318468
1,0,15336472
2,0,15354468
3,0,15372472
1,0,15390472
2,0,15408468
3,0,15426468
1,0,15444468
2,0,15462472
3,0,15480468
1,0,15498472
2,0,15516472
3,0,15534468
1,0,15552472
2,0,15570468
3,0,15588468
1,0,15606472
2,0,15624472
3,0,15642472
1,0,15660472
2,0,15678476
3,0,15696468
1,0,15714472
2,0,15732468
3,0,15750476
1,0,15768468
2,0,15786468
3,0,15804468
1,0,15822472
2,0,15840472
3,0,15858472
1,0,15876468
2,0,15894468
3,0,15912472
1,0,15930472
2,0,15948472
3,0,15966476
1,0,15984472
2,0,16002472
3,0,16020468
1,0,16038472
2,0,16056472
3,0,16074468
1,0,16092472
2,0,16110472
3,0,16128468
1,0,16146468
2,0,16164468
3,0,16182468
1,0,16200472
2,0,16218472
3,0,16236472
1,0,16254468
2,0,16272468
3,0,16290472
1,0,16308472
2,0,16326472
3,0,16344468
1,0,16362472
2,0,16380472
3,0,16398472
1,0,16416472
2,0,16434472
3,0,16452472
1,0,16470472
2,0,16488472
3,0,16506468
1,0,16524472
2,0,16542472
3,0,16560472
1,0,16578472
2,0,16596468
3,0,16614472
1,0,16632472
2,0,16650468
3,0,16668472
1,0,16686468
2,0,16704472
3,0,16722468
1,0,16740472
2,0,16758472
3,0,16776472
1,0,16794472
2,0,16812468
3,0,16830476
1,0,16848472
2,0,16866472
3,0,16884472
1,0,16902468
2,0,16920472
3,0,16938468
1,0,16956472
2,0,16974468
3,0,16992476
1,0,17010468
2,0,17028472
3,0,17046472
1,0,17064468
2,0,17082468
3,0,17100468
1,0,17118468
2,0,17136468
3,0,17154476
1,0,17172468
2,0,17190468
3,0,17208472
1,0,17226472
2,0,17244472
3,0,17262472
1,0,17280472
2,0,17298472
3,0,17316472
1,0,17334468
2,0,17352468
3,0,17370468
1,0,17388468
2,0,17406468
3,0,17424468
1,0,17442472
2,0,17460472
3,0,17478472
1,0,17496468
2,0,17514468
3,0,17532472
1,0,17550468
2,0,17568468
3,0,17586468
1,0,17604472
2,0,17622472
3,0,17640472
1,0,17658472
2,0,17676468
3,0,17694468
1,0,17712472
2,0,17730472
3,0,17748468
1,0,17766472
2,0,17784472
3,0,17802476
1,0,17820468
2,0,17838468
3,0,17856476
1,0,17874472
2,0,17892472
3,0,17910472
1,0,17928468
2,0,17946468
3,0,17964472
1,0,17982480
2,0,18000468
3,0,18018468
1,0,18036472
2,0,18054472
3,0,18072472
1,0,18090472
2,0,18108472
3,0,18126472
1,0,18144468
2,0,18162468
3,0,18180472
1,0,18198468
2,0,18216472
3,0,18234476
1,0,18252472
2,0,18270468
3,0,18288476
1,0,18306472
2,0,18324472
3,0,18342472
1,0,18360468
2,0,18378468
3,0,18396472
1,0,18414468
2,0,18432472
3,0,18450472
1,0,18468472
2,0,18486468
3,0,18504476
1,0,18522468
2,0,18540472
3,0,18558476
1,0,18576472
2,0,18594472
3,0,18612472
1,0,18630468
2,0,18648472
3,0,18666472
1,0,18684468
2,0,18702468
3,0,18720468
1,0,18738468
2,0,18756468
3,0,18774468
1,0,18792472
2,0,18810472
3,0,18828476
1,0,18846472
2,0,18864472
3,0,18882472
1,0,18900472
2,0,18918468
3,0,18936476
1,0,18954472
2,0,18972472
3,0,18990468
1,0,19008472
2,0,19026468
3,0,19044472
1,0,19062468
2,0,19080468
3,0,19098468
1,0,19116472
2,0,19134476
3,0,19152468
1,0,19170468
2,0,19188468
3,0,19206472
1,0,19224472
2,0,19242468
3,0,19260468
1,0,19278472
2,0,19296468
3,0,19314472
1,0,19332468
2,0,19350472
3,0,19368468
1,0,19386468
2,0,19404468
3,0,19422472
1,0,19440472
2,0,19458472
3,0,19476472
1,0,19494468
2,0,19512468
3,0,19530468
1,0,19548468
2,0,19566472
3,0,19584468
1,0,19602472
2,0,19620472
3,0,19638472
1,0,19656468
2,0,19674472
3,0,19692472
1,0,19710472
2,0,19728472
3,0,19746472
1,0,19764468
2,0,19782468
3,0,19800476
1,0,19818468
2,0,19836468
3,0,19854468
1,0,19872472
2,0,19890472
3,0,19908472
1,0,19926468
2,0,19944472
3,0,19962472
1,0,19980468
2,0,19998472
3,0,20016472
1,0,20034468
2,0,20052472
3,0,20070472
1,0,20088468
2,0,20106468
3,0,20124468
1,0,20142472
2,0,20160472
3,0,20178472
1,0,20196468
2,0,20214472
3,0,20232472
1,0,20250468
2,0,20268472
3,0,20286476
1,0,20304472
2,0,20322468
3,0,20340476
1,0,20358468
2,0,20376468
3,0,20394476
1,0,20412472
2,0,20430472
3,0,20448468
1,0,20466472
2,0,20484472
3,0,20502472
1,0,20520468
2,0,20538468
3,0,20556468
1,0,20574472
2,0,20592472
3,0,20610468
1,0,20628472
2,0,20646472
3,0,20664472
1,0,20682472
2,0,20700472
3,0,20718472
1,0,20736468
2,0,20754468
3,0,20772468
1,0,20790472
2,0,20808472
3,0,20826472
1,0,20844468
2,0,20862472
3,0,20880472
1,0,20898468
2,0,20916468
3,0,20934468
1,0,20952472
2,0,20970472
3,0,20988472
1,0,21006472
2,0,21024468
3,0,21042468
1,0,21060472
2,0,21078468
3,0,21096476
1,0,21114472
2,0,21132472
3,0,21150472
1,0,21168472
2,0,21186472
3,0,21204476
1,0,21222472
2,0,21240468
3,0,21258468
1,0,21276472
2,0,21294468
3,0,21312468
1,0,21330468
2,0,21348468
3,0,21366468
1,0,21384468
2,0,21402468
3,0,21420472
1,0,21438476
2,0,21456472
3,0,21474472
1,0,21492472
2,0,21510468
3,0,21528476
1,0,21546468
2,0,21564472
3,0,21582472
1,0,21600468
2,0,21618468
3,0,21636472
1,0,21654468
2,0,21672472
3,0,21690472
1,0,21708472
2,0,21726468
3,0,21744468
1,0,21762472
2,0,21780472
3,0,21798472
1,0,21816472
2,0,21834472
3,0,21852472
1,0,21870472
2,0,21888472
3,0,21906472
1,0,21924472
2,0,21942468
3,0,21960468
1,0,21978468
2,0,21996468
3,0,22014472
1,0,22032468
2,0,22050468
3,0,22068472
1,0,22086472
2,0,22104472
3,0,22122472
1,0,22140468
2,0,22158472
3,0,22176472
1,0,22194468
2,0,22212468
3,0,22230468
1,0,22248472
2,0,22266472
3,0,22284472
1,0,22302468
2,0,22320472
3,0,22338472
1,0,22356468
2,0,22374468
3,0,22392468
1,0,22410472
2,0,22428472
3,0,22446468
1,0,22464472
2,0,22482468
3,0,22500468
1,0,22518472
2,0,22536468
3,0,22554476
1,0,22572468
2,0,22590476
3,0,22608472
1,0,22626472
2,0,22644472
3,0,22662472
1,0,22680468
2,0,22698472
3,0,22716472
1,0,22734468
2,0,22752468
3,0,22770472
1,0,22788472
2,0,22806472
3,0,22824468
1,0,22842472
2,0,22860472
3,9240,22878468
1,0,22896468
2,0,22914468
3,0,22932468
1,0,22950468
2,0,22968468
3,0,22986476
1,0,23004468
2,0,23022472
3,0,23040468
1,0,23058468
2,0,23076472
3,0,23094472
1,0,23112468
2,0,23130468
3,0,23148476
1,0,23166472
2,0,23184472
3,0,23202472
1,0,23220468
2,0,23238468
3,7989,23256472
1,0,23274472
2,0,23292472
3,7707,23310472
1,0,23328472
2,0,23346472
3,7767,23364476
1,0,23382472
2,0,23400472
3,7718,23418472
1,0,23436472
2,0,23454472
3,7710,23472472
1,0,23490468
2,0,23508468
3,7803,23526472
1,0,23544468
2,0,23562472
3,7836,23580472
1,0,23598468
2,0,23616472
3,7917,23634472
1,0,23652468
2,0,23670472
3,8285,23688472
1,0,23706472
2,0,23724472
3,8154,23742480
1,0,23760468
2,0,23778468
3,8152,23796468
1,0,23814472
2,0,23832472
3,8163,23850468
1,0,23868472
2,0,23886468
3,8390,23904468
1,0,23922468
2,0,23940472
3,8288,23958472
1,0,23976472
2,0,23994472
3,8325,24012476
1,0,24030468
2,0,24048468
3,0,24066476
1,0,24084468
2,0,24102472
3,0,24120472
1,0,24138468
2,0,24156468
3,0,24174472
1,0,24192472
2,0,24210468
3,0,24228468
1,0,24246468
2,0,24264472
3,0,24282472
1,0,24300468
2,0,24318472
3,0,24336468
1,0,24354472
2,0,24372472
3,0,24390472
1,0,24408472
2,0,24426468
3,0,24444472
1,0,24462468
2,0,24480472
3,0,24498472
1,0,24516472
2,0,24534472
3,0,24552476
1,0,24570472
2,0,24588468
3,0,24606476
1,0,24624468
2,0,24642472
3,0,24660472
1,0,24678468
2,0,24696468
3,0,24714468
1,0,24732472
2,0,24750472
3,0,24768472
1,0,24786468
2,0,24804468
3,0,24822468
1,0,24840472
2,0,24858472
3,0,24876472
1,0,24894476
2,0,24912468
3,0,24930472
1,0,24948468
2,0,24966468
3,0,24984468
1,0,25002472
2,0,25020472
3,8595,25038468
1,0,25056472
2,0,25074468
3,8610,25092472
1,0,25110468
2,0,25128472
3,8715,25146476
1,3329,25164468
2,3748,25182468
3,0,25200472
1,3598,25218472
2,4089,25236468
3,4889,25254472
1,4041,25272468
2,4502,25290472
3,4693,25308476
1,4461,25326468
2,4892,25344472
3,4320,25362468
1,4824,25380472
2,5244,25398472
3,4172,25416472
1,5042,25434468
2,5438,25452472
3,0,25470472
1,0,25488472
2,0,25506472
3,0,25524468
1,0,25542472
2,5295,25560472
3,0,25578476
