# fw=05,slot_ms=18,timeout_us=12500
1,0,476
2,0,18468
3,9061,36476
1,0,54472
2,0,72472
3,9111,90472
1,0,108472
2,0,126468
3,9137,144472
1,0,162472
2,0,180468
3,9110,198472
1,0,216468
2,0,234472
3,9185,252472
1,0,270468
2,0,288472
3,9111,306468
1,0,324472
2,0,342468
3,9113,360472
1,0,378468
2,0,396472
3,9114,414472
1,0,432468
2,0,450468
3,9035,468468
1,0,486472
2,0,504472
3,9061,522472
1,0,540468
2,0,558472
3,9057,576468
1,0,594472
2,0,612468
3,9081,630476
1,0,648468
2,0,666472
3,9058,684468
1,0,702480
2,0,720468
3,9034,738476
1,0,756468
2,0,774468
3,9132,792472
1,0,810472
2,0,828468
3,9058,846472
1,0,864472
2,0,882468
3,9082,900472
1,0,918472
2,0,936468
3,9135,954476
1,0,972468
2,0,990468
3,9035,1008472
1,0,1026468
2,0,1044468
3,9044,1062468
1,0,1080468
2,0,1098468
3,9061,1116472
1,0,1134468
2,0,1152472
3,9037,1170472
1,0,1188472
2,0,1206468
3,9087,1224468
1,0,1242468
2,0,1260468
3,9088,1278472
1,0,1296472
2,0,1314472
3,9085,1332476
1,0,1350472
2,0,1368472
3,9037,1386468
1,0,1404468
2,0,1422472
3,9058,1440472
1,0,1458472
2,0,1476472
3,9057,1494468
1,0,1512476
2,0,1530468
3,9085,1548472
1,0,1566472
2,0,1584468
3,9133,1602468
1,0,1620468
2,0,1638468
3,9031,1656468
1,0,1674472
2,0,1692472
3,9081,1710468
1,0,1728472
2,0,1746468
3,9079,1764468
1,0,1782468
2,0,1800472
3,9059,1818472
1,0,1836468
2,0,1854476
3,9081,1872472
1,0,1890472
2,0,1908468
3,9057,1926472
1,0,1944468
2,0,1962472
3,9158,1980476
1,0,1998468
2,0,2016468
3,9132,2034472
1,0,2052468
2,0,2070468
3,9138,2088472
1,0,2106472
2,0,2124472
3,9184,2142472
1,0,2160472
2,0,2178468
3,9137,2196468
1,0,2214468
2,0,2232472
3,9084,2250472
1,0,2268468
2,0,2286472
3,9136,2304476
1,0,2322468
2,0,2340472
3,9108,2358476
1,0,2376472
2,0,2394468
3,9110,2412472
1,0,2430468
2,0,2448472
3,9085,2466472
1,0,2484472
2,0,2502472
3,9033,2520468
1,0,2538472
2,0,2556468
3,9087,2574476
1,0,2592468
2,0,2610468
3,9216,2628472
1,0,2646468
2,0,2664476
3,9114,2682468
1,0,2700472
2,0,2718468
3,9114,2736472
1,0,2754472
2,0,2772468
3,9090,2790472
1,0,2808472
2,0,2826468
3,9064,2844468
1,0,2862472
2,0,2880468
3,9073,2898468
1,0,2916468
2,0,2934472
3,9063,2952476
1,0,2970472
2,0,2988472
3,9089,3006476
1,0,3024472
2,0,3042472
3,9113,3060468
1,0,3078472
2,0,3096472
3,9113,3114468
1,0,3132472
2,0,3150472
3,9086,3168468
1,0,3186468
2,0,3204472
3,9162,3222472
1,0,3240468
2,0,3258472
3,9111,3276476
1,0,3294468
2,0,3312472
3,9112,3330476
1,0,3348468
2,0,3366468
3,9083,3384472
1,0,3402468
2,0,3420468
3,9057,3438472
1,0,3456472
2,0,3474472
3,9109,3492468
1,0,3510472
2,0,3528472
3,9082,3546468
1,0,3564468
2,0,3582472
3,9137,3600468
1,0,3618468
2,0,3636472
3,9087,3654468
1,0,3672472
2,0,3690468
3,9140,3708472
1,0,3726468
2,0,3744472
3,9193,3762472
1,0,3780472
2,0,3798472
3,9217,3816472
1,0,3834468
2,0,3852472
3,9093,3870468
1,0,3888468
2,0,3906468
3,9092,3924472
1,0,3942472
2,0,3960472
3,9039,3978468
1,0,3996472
2,0,4014468
3,9112,4032468
1,0,4050468
2,0,4068472
3,9112,4086476
1,0,4104468
2,0,4122468
3,9036,4140472
1,0,4158480
2,0,4176468
3,9034,4194468
1,0,4212468
2,0,4230472
3,9084,4248472
1,0,4266468
2,0,4284468
3,9235,4302472
1,0,4320472
2,0,4338472
3,9110,4356468
1,0,4374468
2,0,4392468
3,9110,4410472
1,0,4428468
2,0,4446468
3,9057,4464472
1,0,4482472
2,0,4500472
3,9067,4518472
1,0,4536472
2,0,4554472
3,9112,4572468
1,0,4590468
2,0,4608472
3,9061,4626468
1,0,4644472
2,0,4662468
3,9063,4680472
1,0,4698468
2,0,4716472
3,9063,4734468
1,0,4752468
2,0,4770472
3,9040,4788468
1,0,4806472
2,0,4824468
3,9086,4842468
1,0,4860468
2,0,4878472
3,9063,4896472
1,0,4914468
2,0,4932472
3,9034,4950476
1,0,4968472
2,0,4986468
3,9159,5004472
1,0,5022468
2,0,5040472
3,9062,5058472
1,0,5076472
2,0,5094468
3,9059,5112472
1,0,5130468
2,0,5148468
3,9036,5166472
1,0,5184472
2,0,5202472
3,9111,5220468
1,0,5238468
2,0,5256472
3,9112,5274476
1,0,5292472
2,0,5310476
3,9216,5328472
1,0,5346472
2,0,5364468
3,9063,5382472
1,0,5400468
2,0,5418472
3,9116,5436476
1,0,5454472
2,0,5472468
3,9165,5490472
1,0,5508472
2,0,5526468
3,9045,5544472
1,0,5562472
2,0,5580468
3,9091,5598476
1,0,5616468
2,0,5634472
3,9114,5652476
1,0,5670472
2,0,5688468
3,9064,5706472
1,0,5724472
2,0,5742468
3,9089,5760472
1,0,5778472
2,0,5796472
3,9113,5814468
1,0,5832468
2,0,5850468
3,9115,5868472
1,0,5886472
2,0,5904468
3,9088,5922472
1,0,5940472
2,0,5958472
3,9064,5976468
1,0,5994468
2,0,6012472
3,9167,6030468
1,0,6048472
2,0,6066468
3,9040,6084472
1,0,6102468
2,0,6120472
3,9066,6138468
1,0,6156472
2,0,6174468
3,9042,6192472
1,0,6210472
2,0,6228468
3,9064,6246472
1,0,6264472
2,0,6282468
3,9114,6300468
1,0,6318472
2,0,6336468
3,9048,6354472
1,0,6372472
2,0,6390468
3,9264,6408476
1,0,6426472
2,0,6444472
3,9039,6462476
1,0,6480468
2,0,6498468
3,9162,6516472
1,0,6534472
2,0,6552472
3,9085,6570472
1,0,6588468
2,0,6606472
3,9060,6624472
1,0,6642468
2,0,6660468
3,9187,6678472
1,0,6696468
2,0,6714472
3,9108,6732476
1,0,6750468
2,0,6768472
3,9036,6786468
1,0,6804468
2,0,6822472
3,9086,6840468
1,0,6858472
2,0,6876468
3,9189,6894472
1,0,6912468
2,0,6930468
3,9088,6948472
1,0,6966472
2,0,6984468
3,9089,7002472
1,0,7020468
2,0,7038472
3,9137,7056472
1,0,7074468
2,0,7092472
3,9110,7110476
1,0,7128468
2,0,7146468
3,9138,7164476
1,0,7182472
2,0,7200468
3,9035,7218472
1,0,7236472
2,0,7254468
3,9086,7272472
1,0,7290472
2,0,7308468
3,9114,7326472
1,0,7344468
2,0,7362472
3,9083,7380476
1,0,7398472
2,0,7416472
3,9084,7434468
1,0,7452472
2,0,7470468
3,9083,7488472
1,0,7506468
2,0,7524472
3,9186,7542468
1,0,7560468
2,0,7578468
3,9082,7596472
1,0,7614480
2,0,7632468
3,9110,7650472
1,0,7668472
2,0,7686468
3,9056,7704472
1,0,7722468
2,0,7740472
3,9054,7758468
1,0,7776468
2,0,7794472
3,9132,7812468
1,0,7830468
2,0,7848472
3,9054,7866468
1,0,7884472
2,0,7902468
3,9132,7920472
1,0,7938472
2,0,7956468
3,9063,7974472
1,0,7992472
2,0,8010468
3,9031,8028468
1,0,8046468
2,0,8064468
3,9082,8082472
1,0,8100468
2,0,8118468
3,9163,8136472
1,0,8154472
2,0,8172468
3,9088,8190472
1,0,8208468
2,0,8226468
3,9113,8244472
1,0,8262472
2,0,8280468
3,9387,8298468
1,0,8316468
2,0,8334472
3,9039,8352472
1,0,8370468
2,0,8388472
3,9063,8406468
1,0,8424472
2,0,8442468
3,9064,8460472
1,0,8478468
2,0,8496472
3,9160,8514468
1,0,8532472
2,0,8550468
3,9084,8568468
1,0,8586468
2,0,8604468
3,9084,8622472
1,0,8640472
2,0,8658468
3,9059,8676472
1,0,8694472
2,0,8712468
3,9136,8730472
1,0,8748472
2,0,8766476
3,9066,8784472
1,0,8802472
2,0,8820468
3,9060,8838472
1,0,8856468
2,0,8874472
3,9033,8892476
1,0,8910472
2,0,8928468
3,9058,8946472
1,0,8964468
2,0,8982468
3,9135,9000472
1,0,9018468
2,0,9036472
3,9131,9054468
1,0,9072472
2,0,9090468
3,9132,9108472
1,0,9126472
2,0,9144468
3,9058,9162472
1,0,9180472
2,0,9198468
3,9160,9216472
1,0,9234468
2,0,9252468
3,9110,9270476
1,0,9288468
2,0,9306468
3,9060,9324472
1,0,9342468
2,0,9360472
3,9131,9378476
1,0,9396472
2,0,9414468
3,9055,9432472
1,0,9450472
2,0,9468468
3,9156,9486472
1,0,9504472
2,0,9522472
3,9105,9540472
1,0,9558472
2,0,9576468
3,9155,9594472
1,0,9612472
2,0,9630468
3,9102,9648472
1,0,9666472
2,0,9684468
3,9082,9702472
1,0,9720468
2,0,9738472
3,9057,9756468
1,0,9774468
2,0,9792472
3,9065,9810468
1,0,9828468
2,0,9846472
3,9159,9864468
1,0,9882472
2,0,9900468
3,9083,9918480
1,0,9936468
2,0,9954472
3,9033,9972468
1,0,9990472
2,0,10008472
3,9105,10026472
1,0,10044472
2,0,10062472
3,9106,10080476
1,0,10098468
2,0,10116468
3,9109,10134472
1,0,10152472
2,0,10170468
3,9029,10188468
1,0,10206472
2,0,10224472
3,9246,10242468
1,0,10260468
2,0,10278468
3,9130,10296468
1,0,10314468
2,0,10332468
3,9105,10350468
1,0,10368472
2,0,10386472
3,9132,10404472
1,0,10422468
2,0,10440468
3,9034,10458468
1,0,10476472
2,0,10494472
3,9261,10512472
1,0,10530472
2,0,10548472
3,9112,10566472
1,0,10584472
2,0,10602468
3,9068,10620468
1,0,10638472
2,0,10656472
3,9135,10674472
1,0,10692468
2,0,10710468
3,9083,10728472
1,0,10746472
2,0,10764472
3,9084,10782472
