# fw=05,slot_ms=18,timeout_us=12500
1,0,476
2,0,18468
3,0,36472
1,0,54472
2,0,72468
3,0,90476
1,0,108468
2,0,126468
3,0,144472
1,0,162468
2,0,180468
3,0,198468
1,0,216472
2,0,234468
3,0,252476
1,0,270468
2,0,288472
3,0,306472
1,0,324472
2,0,342472
3,0,360468
1,0,378468
2,0,396472
3,0,414468
1,0,432468
2,0,450472
3,0,468472
1,0,486472
2,0,504468
3,0,522472
1,0,540468
2,0,558468
3,0,576472
1,0,594472
2,0,612468
3,0,630472
1,0,648472
2,0,666468
3,0,684468
1,0,702476
2,0,720472
3,0,738472
1,0,756468
2,0,774468
3,0,792472
1,0,810472
2,0,828468
3,0,846472
1,0,864468
2,0,882472
3,0,900472
1,0,918472
2,0,936472
3,0,954472
1,0,972472
2,0,990468
3,0,1008476
1,0,1026468
2,0,1044468
3,0,1062472
1,0,1080472
2,0,1098468
3,0,1116468
1,0,1134472
2,0,1152468
3,0,1170472
1,0,1188468
2,0,1206468
3,0,1224468
1,0,1242468
2,0,1260468
3,0,1278472
1,0,1296472
2,0,1314472
3,0,1332476
1,0,1350472
2,0,1368468
3,0,1386468
1,0,1404472
2,0,1422468
3,0,1440468
1,0,1458468
2,0,1476472
3,0,1494468
1,2221,1512472
2,0,1530468
3,0,1548472
1,2740,1566468
2,0,1584468
3,0,1602468
1,3223,1620468
2,4839,1638472
3,0,1656472
1,3672,1674472
2,4738,1692468
3,4132,1710468
1,4098,1728468
2,4545,1746468
3,3840,1764476
1,4437,1782468
2,4410,1800472
3,3629,1818468
1,4209,1836472
2,4143,1854476
3,3261,1872468
1,4050,1890472
2,3917,1908472
3,0,1926472
1,4113,1944468
2,0,1962468
3,0,1980472
1,0,1998468
2,0,2016472
3,0,2034472
