# fw=05,slot_ms=18,timeout_us=12500
1,0,476
2,0,18468
3,0,36472
1,0,54472
2,0,72472
3,0,90472
1,0,108472
2,0,126472
3,0,144468
1,0,162472
2,0,180468
3,0,198472
1,0,216468
2,0,234472
3,0,252472
1,0,270472
2,0,288468
3,0,306472
1,0,324472
2,0,342468
3,0,360468
1,0,378468
2,0,396472
3,0,414472
1,0,432468
2,0,450472
3,0,468472
1,0,486472
2,0,504468
3,0,522468
1,0,540468
2,0,558468
3,0,576472
1,0,594472
2,0,612468
3,0,630476
1,0,648468
2,0,666472
3,0,684472
1,0,702480
2,0,720468
3,0,738472
1,0,756472
2,0,774472
3,0,792476
1,0,810468
2,0,828472
3,0,846472
1,0,864472
2,0,882472
3,0,900472
1,0,918472
2,0,936472
3,0,954472
1,0,972468
2,0,990468
3,0,1008476
1,0,1026468
2,0,1044468
3,0,1062472
1,0,1080468
2,0,1098468
3,0,1116472
1,0,1134468
2,0,1152468
3,0,1170468
1,0,1188472
2,0,1206468
3,0,1224468
1,0,1242468
2,0,1260468
3,0,1278468
1,0,1296472
2,0,1314468
3,0,1332468
1,0,1350472
2,0,1368472
3,0,1386472
1,0,1404468
2,0,1422472
3,0,1440472
1,0,1458468
2,0,1476472
3,0,1494468
1,0,1512468
2,0,1530468
3,0,1548472
1,0,1566468
2,0,1584472
3,0,1602476
1,0,1620472
2,0,1638472
3,0,1656472
1,0,1674468
2,0,1692468
3,0,1710476
1,0,1728468
2,0,1746468
3,0,1764468
1,0,1782472
2,0,1800468
3,0,1818468
1,0,1836472
2,0,1854476
3,0,1872468
1,0,1890472
2,0,1908468
3,0,1926472
1,0,1944468
2,0,1962468
3,0,1980468
1,0,1998468
2,0,2016472
3,0,2034472
1,0,2052468
2,0,2070472
3,0,2088468
1,0,2106472
2,0,2124468
3,0,2142472
1,0,2160468
2,0,2178468
3,0,2196468
1,0,2214468
2,0,2232472
3,0,2250472
1,0,2268468
2,0,2286472
3,0,2304472
1,0,2322468
2,0,2340472
3,0,2358472
1,0,2376468
2,0,2394472
3,0,2412468
1,0,2430468
2,0,2448472
3,0,2466472
1,0,2484468
2,0,2502468
3,0,2520468
1,0,2538472
2,0,2556472
3,0,2574472
1,0,2592472
2,0,2610468
3,0,2628472
1,0,2646472
2,0,2664468
3,0,2682468
1,0,2700472
2,0,2718468
3,0,2736472
1,0,2754468
2,0,2772468
3,0,2790468
1,3496,2808472
2,0,2826472
3,0,2844468
1,3947,2862472
2,4902,2880468
3,0,2898472
1,4339,2916472
2,4795,2934468
3,5457,2952472
1,4607,2970468
2,4691,2988472
3,0,3006480
1,4721,3024472
2,4512,3042468
3,0,3060472
1,4811,3078468
2,4220,3096472
3,0,3114468
1,4901,3132468
2,3920,3150472
3,0,3168472
1,4960,3186468
2,3584,3204472
3,0,3222472
1,0,3240472
2,0,3258468
3,0,3276468
1,0,3294468
2,0,3312468
3,0,3330476
1,0,3348472
2,0,3366468
3,0,3384468
1,0,3402472
2,0,3420472
3,0,3438476
1,0,3456468
2,0,3474472
3,0,3492476
1,0,3510472
2,0,3528468
3,0,3546472
1,0,3564468
2,0,3582468
3,0,3600472
1,0,3618468
2,0,3636472
3,0,3654468
1,0,3672472
2,0,3690468
3,0,3708476
1,0,3726472
2,0,3744468
3,0,3762472
1,0,3780472
2,0,3798472
3,0,3816476
1,0,3834472
2,0,3852468
3,0,3870472
1,0,3888472
2,0,3906468
3,0,3924472
1,0,3942468
2,0,3960468
3,0,3978472
1,0,3996468
2,0,4014468
3,0,4032472
1,0,4050468
2,0,4068472
3,0,4086468
1,0,4104468
2,0,4122472
3,0,4140468
1,0,4158480
2,0,4176468
3,0,4194472
1,0,4212468
2,0,4230472
3,0,4248472
1,0,4266468
2,0,4284472
3,0,4302472
1,0,4320472
2,0,4338472
3,0,4356472
1,0,4374472
2,0,4392468
3,0,4410472
1,0,4428472
2,0,4446468
3,0,4464472
1,0,4482468
2,0,4500472
3,0,4518468
1,0,4536472
2,0,4554468
3,0,4572472
1,0,4590468
2,0,4608468
3,0,4626468
1,0,4644472
2,0,4662468
3,0,4680472
1,0,4698468
2,0,4716472
3,0,4734472
1,0,4752472
2,0,4770468
3,0,4788472
1,0,4806472
2,0,4824472
3,0,4842472
1,0,4860468
2,0,4878468
3,0,4896468
1,0,4914472
2,0,4932468
3,0,4950468
1,0,4968472
2,0,4986468
3,0,5004472
1,0,5022468
2,0,5040472
3,0,5058468
1,0,5076472
2,0,5094472
3,0,5112472
1,0,5130472
2,0,5148468
3,0,5166472
1,0,5184468
2,0,5202468
3,0,5220472
1,0,5238472
2,0,5256468
3,0,5274468
1,0,5292472
2,0,5310476
3,0,5328472
1,0,5346468
2,0,5364472
3,0,5382472
1,0,5400472
2,0,5418472
3,0,5436468
1,0,5454472
2,0,5472468
3,0,5490468
1,0,5508468
2,0,5526472
3,0,5544472
1,0,5562472
2,0,5580468
3,0,5598472
1,0,5616472
2,0,5634468
3,0,5652472
1,0,5670468
2,0,5688472
3,0,5706476
1,0,5724468
2,0,5742472
3,0,5760472
1,0,5778468
2,0,5796468
3,0,5814472
1,0,5832468
2,0,5850472
3,0,5868468
1,0,5886472
2,0,5904468
3,0,5922472
1,0,5940468
2,0,5958468
3,0,5976468
1,0,5994468
2,0,6012472
3,0,6030472
1,0,6048468
2,0,6066472
3,0,6084468
1,0,6102468
2,0,6120472
3,0,6138472
1,0,6156472
2,0,6174468
3,0,6192472
1,0,6210472
2,0,6228472
3,0,6246468
1,0,6264472
2,0,6282468
3,0,6300472
1,0,6318468
2,0,6336472
3,0,6354472
1,0,6372468
2,0,6390472
3,0,6408468
1,0,6426472
2,0,6444472
3,0,6462476
1,0,6480472
2,0,6498468
3,0,6516472
1,0,6534468
2,0,6552472
3,0,6570472
1,0,6588468
2,0,6606472
3,0,6624472
1,0,6642468
2,0,6660468
3,0,6678472
1,0,6696472
2,0,6714468
3,0,6732472
1,0,6750468
2,0,6768472
3,0,6786472
1,0,6804468
2,0,6822468
3,0,6840472
1,0,6858468
2,0,6876468
3,0,6894468
1,0,6912472
2,0,6930468
3,0,6948472
1,0,6966468
2,0,6984472
3,0,7002472
1,0,7020472
2,0,7038472
3,0,7056472
1,0,7074468
2,0,7092472
3,0,7110472
1,0,7128472
2,0,7146468
3,0,7164468
1,0,7182472
2,0,7200468
3,0,7218472
1,0,7236468
2,0,7254468
3,0,7272468
1,0,7290472
2,0,7308472
3,0,7326476
1,0,7344468
2,0,7362472
3,0,7380472
1,0,7398472
2,0,7416472
3,0,7434468
1,0,7452468
2,0,7470468
3,0,7488472
1,0,7506468
2,0,7524472
3,0,7542468
1,0,7560472
2,0,7578468
3,0,7596476
1,0,7614476
2,0,7632472
3,0,7650468
1,0,7668468
2,0,7686468
3,0,7704468
1,0,7722472
2,0,7740468
3,0,7758472
1,0,7776468
2,0,7794472
3,0,7812472
1,0,7830472
2,0,7848472
3,0,7866468
1,0,7884472
2,0,7902472
3,0,7920472
1,0,7938472
2,0,7956468
3,0,7974472
1,0,7992472
2,0,8010472
3,0,8028468
1,0,8046472
2,0,8064472
3,0,8082468
1,0,8100472
2,0,8118468
3,0,8136472
1,0,8154472
2,0,8172468
3,0,8190468
1,0,8208468
2,0,8226472
3,0,8244476
1,0,8262472
2,0,8280468
3,0,8298472
1,0,8316468
2,0,8334472
3,0,8352472
1,0,8370468
2,0,8388472
3,0,8406472
1,0,8424468
2,0,8442468
3,0,8460472
1,0,8478468
2,0,8496468
3,0,8514468
1,4239,8532472
2,0,8550468
3,0,8568472
1,4128,8586472
2,5322,8604468
3,0,8622472
1,3998,8640472
2,5063,8658472
3,0,8676468
1,3881,8694468
2,4791,8712472
3,4517,8730472
1,3629,8748472
2,4503,8766480
3,0,8784468
1,3362,8802472
2,4106,8820468
3,0,8838472
1,3038,8856472
2,3710,8874472
3,0,8892468
1,0,8910468
2,0,8928472
3,0,8946468
1,0,8964472
2,0,8982468
3,0,9000468
1,0,9018472
2,0,9036468
3,0,9054476
1,0,9072472
2,0,9090472
3,0,9108468
1,0,9126468
2,0,9144472
3,0,9162468
1,0,9180468
2,0,9198472
3,0,9216472
1,0,9234468
2,0,9252472
3,0,9270468
1,0,9288472
2,0,9306468
3,0,9324472
1,0,9342472
2,0,9360468
3,0,9378472
1,0,9396468
2,0,9414468
3,0,9432468
1,0,9450472
2,0,9468468
3,0,9486472
1,0,9504468
2,0,9522472
3,0,9540472
1,0,9558468
2,0,9576476
3,0,9594472
1,0,9612468
2,0,9630472
3,0,9648472
1,0,9666468
2,0,9684468
3,0,9702476
1,0,9720472
2,0,9738468
3,0,9756472
1,0,9774468
2,0,9792472
3,0,9810472
1,0,9828472
2,0,9846468
3,0,9864472
1,0,9882472
2,0,9900472
3,0,9918484
1,0,9936468
2,0,9954472
3,0,9972476
1,0,9990468
2,0,10008472
3,0,10026476
1,0,10044472
2,0,10062472
3,0,10080472
1,0,10098468
2,0,10116472
3,0,10134472
1,0,10152468
2,0,10170472
3,0,10188472
1,0,10206468
2,0,10224472
3,0,10242472
1,0,10260472
2,0,10278472
3,0,10296472
1,0,10314468
2,0,10332468
3,0,10350468
1,0,10368472
2,0,10386472
3,0,10404472
1,0,10422472
2,0,10440472
3,0,10458476
1,0,10476468
2,0,10494472
3,0,10512476
1,0,10530468
2,0,10548468
3,0,10566468
1,0,10584468
2,0,10602468
3,0,10620472
1,0,10638472
2,0,10656468
3,0,10674472
1,0,10692468
2,0,10710472
3,0,10728472
1,0,10746468
2,0,10764468
3,0,10782468
1,0,10800472
2,0,10818472
3,0,10836476
1,0,10854468
2,0,10872468
3,0,10890468
1,0,10908472
2,0,10926468
3,0,10944476
1,0,10962468
2,0,10980468
3,0,10998468
1,0,11016472
2,0,11034472
3,0,11052472
1,0,11070476
2,0,11088468
3,0,11106468
1,0,11124472
2,0,11142472
3,0,11160472
1,0,11178468
2,0,11196468
3,0,11214472
1,0,11232472
2,0,11250472
3,0,11268472
1,0,11286472
2,0,11304468
3,0,11322468
1,0,11340472
2,0,11358472
3,0,11376468
1,0,11394468
2,0,11412468
3,0,11430472
1,0,11448472
2,0,11466472
3,0,11484468
1,0,11502472
2,0,11520468
3,0,11538468
1,0,11556472
2,0,11574472
3,0,11592472
1,0,11610468
2,0,11628468
3,0,11646472
1,0,11664468
2,0,11682468
3,0,11700468
1,0,11718472
2,0,11736472
3,0,11754472
1,0,11772468
2,0,11790472
3,0,11808472
1,0,11826472
2,0,11844468
3,0,11862472
1,0,11880468
2,0,11898468
3,0,11916472
1,0,11934472
2,0,11952468
3,0,11970468
1,0,11988472
2,0,12006468
3,0,12024472
1,0,12042468
2,0,12060468
3,0,12078472
1,0,12096468
2,0,12114472
3,0,12132472
1,0,12150468
2,0,12168472
3,0,12186472
1,0,12204468
2,0,12222480
3,0,12240472
1,0,12258468
2,0,12276472
3,0,12294472
1,0,12312468
2,0,12330472
3,0,12348472
1,0,12366468
2,0,12384472
3,0,12402472
1,0,12420468
2,0,12438468
3,0,12456472
1,0,12474468
2,0,12492468
3,0,12510472
1,0,12528468
2,0,12546472
3,0,12564476
1,0,12582468
2,0,12600472
3,0,12618472
1,0,12636468
2,0,12654472
3,0,12672468
1,0,12690472
2,0,12708468
3,0,12726472
1,0,12744472
2,0,12762468
3,0,12780468
1,0,12798472
2,0,12816468
3,0,12834468
1,0,12852468
2,0,12870468
3,0,12888472
1,0,12906472
2,0,12924468
3,0,12942472
1,0,12960472
2,0,12978468
3,0,12996468
1,0,13014468
2,0,13032472
3,0,13050472
1,0,13068468
2,0,13086468
3,0,13104472
1,0,13122468
2,0,13140472
3,0,13158472
1,0,13176472
2,0,13194468
3,0,13212472
1,0,13230468
2,0,13248468
3,0,13266472
1,4297,13284472
2,4901,13302468
3,5976,13320468
1,4525,13338472
2,4738,13356468
3,5823,13374480
1,0,13392468
2,4492,13410468
3,0,13428476
1,4645,13446468
2,4199,13464472
3,4866,13482468
1,4643,13500472
2,3853,13518472
3,4258,13536472
1,4623,13554472
2,3509,13572468
3,0,13590468
1,4583,13608468
2,3135,13626468
3,0,13644468
1,0,13662468
2,0,13680468
3,0,13698476
