# fw=05,slot_ms=18,timeout_us=12500
1,0,476
2,8521,18468
3,0,36472
1,0,54468
2,0,72472
3,0,90472
1,0,108472
2,0,126472
3,0,144468
1,0,162472
2,0,180472
3,0,198472
1,0,216468
2,0,234472
3,0,252472
1,0,270472
2,8546,288468
3,0,306472
1,0,324472
2,0,342472
3,0,360468
1,0,378468
2,0,396472
3,0,414472
1,0,432468
2,0,450472
3,0,468472
1,0,486472
2,0,504468
3,0,522472
1,0,540468
2,0,558472
3,0,576476
1,0,594472
2,0,612472
3,0,630468
1,0,648468
2,0,666472
3,0,684472
1,0,702480
2,0,720468
3,0,738472
1,0,756468
2,0,774468
3,0,792472
1,0,810472
2,0,828468
3,11789,846472
1,0,864472
2,0,882468
3,0,900472
1,0,918468
2,0,936472
3,0,954468
1,0,972468
2,0,990468
3,0,1008472
1,0,1026468
2,0,1044468
3,11877,1062468
1,0,1080472
2,0,1098472
3,0,1116476
1,0,1134472
2,0,1152472
3,0,1170472
1,0,1188468
2,0,1206468
3,0,1224472
1,0,1242468
2,0,1260468
3,0,1278476
1,0,1296472
2,0,1314468
3,0,1332468
1,0,1350472
2,0,1368468
3,0,1386468
1,0,1404472
2,0,1422468
3,0,1440468
1,0,1458472
2,0,1476472
3,0,1494468
1,0,1512472
2,0,1530468
3,0,1548472
1,0,1566468
2,0,1584472
3,0,1602472
1,0,1620472
2,0,1638468
3,0,1656476
1,0,1674468
2,0,1692472
3,0,1710468
1,0,1728472
2,0,1746472
3,0,1764472
1,0,1782468
2,0,1800472
3,0,1818472
1,0,1836468
2,0,1854480
3,0,1872472
1,0,1890468
2,0,1908472
3,0,1926472
1,0,1944468
2,0,1962468
3,0,1980472
1,0,1998468
2,0,2016468
3,0,2034472
1,0,2052468
2,0,2070468
3,0,2088476
1,0,2106468
2,0,2124468
3,0,2142472
1,0,2160468
2,0,2178472
3,0,2196476
1,0,2214472
2,0,2232468
3,0,2250468
1,0,2268468
2,0,2286472
3,0,2304468
1,0,2322472
2,0,2340468
3,0,2358468
1,0,2376472
2,0,2394468
3,0,2412472
1,0,2430472
2,0,2448468
3,0,2466472
1,0,2484468
2,0,2502468
3,0,2520472
1,0,2538468
2,0,2556468
3,0,2574472
1,0,2592468
2,0,2610472
3,0,2628476
1,0,2646472
2,0,2664472
3,0,2682472
1,0,2700468
2,0,2718472
3,0,2736472
1,0,2754468
2,0,2772468
3,0,2790472
1,0,2808468
2,0,2826468
3,0,2844468
1,0,2862468
2,0,2880468
3,0,2898472
1,0,2916468
2,0,2934472
3,0,2952472
1,0,2970468
2,0,2988468
3,0,3006480
1,0,3024468
2,0,3042472
3,0,3060472
1,0,3078468
2,0,3096468
3,0,3114468
1,0,3132472
2,0,3150468
3,0,3168472
1,0,3186468
2,0,3204468
3,0,3222472
1,0,3240472
2,0,3258468
3,0,3276468
1,0,3294468
2,0,3312468
3,0,3330476
1,0,3348468
2,0,3366472
3,0,3384476
1,0,3402468
2,0,3420472
3,0,3438472
1,0,3456472
2,0,3474472
3,0,3492468
1,0,3510472
2,0,3528468
3,0,3546472
1,0,3564468
2,0,3582468
3,0,3600472
1,0,3618468
2,0,3636472
3,11694,3654468
1,0,3672468
2,6932,3690472
3,11778,3708468
1,5914,3726472
2,0,3744472
3,0,3762476
1,5851,3780472
2,6931,3798472
3,0,3816476
1,5587,3834472
2,0,3852468
3,0,3870472
1,0,3888472
2,6545,3906468
3,6450,3924472
1,4850,3942472
2,0,3960472
3,0,3978472
1,4316,3996472
2,0,4014468
3,0,4032468
1,3556,4050472
2,0,4068472
3,0,4086472
1,0,4104468
2,0,4122468
3,0,4140476
1,0,4158480
2,0,4176472
3,0,4194468
1,0,4212472
2,0,4230468
3,0,4248476
1,0,4266472
2,0,4284468
3,0,4302468
1,0,4320468
2,0,4338472
3,0,4356472
1,0,4374468
2,0,4392468
3,0,4410468
1,0,4428472
2,0,4446472
3,0,4464472
1,0,4482468
2,0,4500468
3,0,4518472
1,0,4536468
2,0,4554472
3,0,4572476
1,0,4590472
2,0,4608472
3,0,4626472
1,0,4644468
2,0,4662472
3,0,4680472
1,0,4698472
2,0,4716472
3,0,4734472
1,0,4752472
2,0,4770472
3,0,4788468
1,0,4806468
2,0,4824468
3,0,4842468
1,0,4860472
2,0,4878472
3,0,4896472
1,0,4914472
2,0,4932468
3,0,4950476
1,0,4968472
2,0,4986468
3,0,5004472
1,0,5022468
2,0,5040472
3,0,5058476
1,0,5076472
2,0,5094468
3,0,5112472
1,0,5130468
2,0,5148468
3,0,5166468
1,0,5184472
2,0,5202472
3,0,5220472
1,0,5238472
2,0,5256472
3,0,5274476
1,0,5292468
2,0,5310480
3,0,5328472
1,0,5346468
2,0,5364472
3,0,5382472
1,0,5400468
2,0,5418468
3,0,5436468
1,0,5454468
2,0,5472472
3,0,5490472
1,0,5508468
2,0,5526472
3,0,5544472
1,0,5562468
2,0,5580472
3,0,5598468
1,0,5616468
2,0,5634468
3,0,5652468
1,0,5670472
2,0,5688468
3,0,5706472
1,0,5724468
2,0,5742472
3,0,5760472
1,0,5778468
2,0,5796468
3,0,5814472
1,0,5832468
2,0,5850472
3,0,5868472
1,0,5886472
2,0,5904468
3,0,5922472
1,0,5940472
2,0,5958468
3,0,5976468
1,0,5994472
2,0,6012472
3,0,6030468
1,0,6048472
2,0,6066468
3,0,6084472
1,0,6102468
2,0,6120472
3,0,6138472
1,0,6156472
2,0,6174468
3,0,6192472
1,0,6210468
2,0,6228468
3,0,6246472
1,0,6264472
2,0,6282468
3,0,6300468
1,0,6318468
2,0,6336472
3,0,6354472
1,0,6372468
2,0,6390472
3,0,6408468
1,0,6426472
2,0,6444472
3,0,6462476
1,0,6480472
2,0,6498468
3,0,6516472
1,0,6534468
2,0,6552472
3,0,6570472
1,0,6588468
2,0,6606468
3,0,6624472
1,0,6642468
2,0,6660472
3,0,6678472
1,0,6696472
2,0,6714472
3,0,6732468
1,0,6750468
2,0,6768472
3,0,6786468
1,0,6804472
2,0,6822468
3,0,6840472
1,0,6858468
2,0,6876472
3,0,6894476
1,0,6912468
2,0,6930468
3,0,6948472
1,0,6966468
2,0,6984468
3,0,7002472
1,0,7020468
2,0,7038468
3,0,7056472
1,0,7074472
2,0,7092468
3,0,7110468
1,0,7128468
2,0,7146468
3,0,7164468
1,0,7182468
2,0,7200472
3,0,7218476
1,0,7236472
2,0,7254472
3,0,7272476
1,0,7290472
2,0,7308468
3,0,7326472
1,0,7344468
2,0,7362472
3,0,7380472
1,0,7398472
2,0,7416472
3,0,7434468
1,0,7452468
2,0,7470468
3,0,7488468
1,0,7506468
2,0,7524472
3,0,7542476
1,0,7560468
2,0,7578472
3,0,7596472
1,0,7614476
2,0,7632472
3,0,7650468
1,0,7668468
2,0,7686472
3,0,7704472
1,0,7722468
2,0,7740472
3,0,7758468
1,3304,7776472
2,3553,7794472
3,0,7812472
1,3715,7830472
2,3512,7848468
3,3987,7866468
1,4134,7884472
2,3410,7902468
3,0,7920472
1,4548,7938472
2,3401,7956472
3,0,7974468
1,0,7992472
2,0,8010468
3,0,8028472
1,0,8046468
2,0,8064468
3,0,8082468
1,0,8100468
2,0,8118472
3,0,8136476
1,0,8154468
2,0,8172468
3,0,8190472
1,0,8208468
2,0,8226472
3,0,8244472
1,0,8262468
2,0,8280468
3,0,8298468
1,0,8316468
2,0,8334472
3,0,8352472
1,0,8370472
2,0,8388472
3,0,8406472
1,0,8424472
2,0,8442472
3,0,8460468
1,0,8478472
2,0,8496468
3,0,8514472
1,0,8532468
2,0,8550468
3,0,8568468
1,0,8586468
2,0,8604472
3,0,8622472
1,0,8640468
2,0,8658472
3,0,8676468
1,0,8694468
2,0,8712468
3,0,8730472
1,0,8748472
2,0,8766476
3,0,8784472
1,0,8802468
2,0,8820472
3,0,8838468
1,0,8856472
2,0,8874472
3,0,8892468
1,0,8910472
2,0,8928468
3,0,8946472
1,0,8964472
2,0,8982468
3,0,9000468
1,0,9018472
2,0,9036468
3,0,9054472
1,0,9072468
2,0,9090468
3,0,9108472
1,0,9126472
2,0,9144468
3,0,9162468
1,0,9180468
2,0,9198472
3,0,9216472
1,0,9234468
2,0,9252472
3,0,9270476
1,0,9288472
2,0,9306468
3,0,9324472
1,0,9342468
2,0,9360472
3,0,9378468
1,0,9396472
2,0,9414468
3,0,9432468
1,0,9450472
2,0,9468472
3,0,9486468
1,0,9504468
2,0,9522472
3,0,9540468
1,0,9558472
2,0,9576468
3,0,9594472
1,0,9612472
2,0,9630468
3,0,9648472
1,0,9666468
2,0,9684468
3,0,9702476
1,0,9720472
2,0,9738472
3,0,9756472
1,0,9774472
2,0,9792468
3,0,9810468
1,0,9828468
2,0,9846472
3,0,9864476
1,0,9882472
2,0,9900472
3,0,9918476
1,0,9936468
2,0,9954472
3,0,9972472
1,0,9990472
2,0,10008468
3,0,10026472
1,0,10044468
2,0,10062468
3,0,10080468
1,0,10098468
2,0,10116468
3,0,10134468
1,0,10152472
2,0,10170472
3,0,10188472
1,0,10206468
2,0,10224468
3,0,10242476
1,0,10260468
2,0,10278468
3,0,10296472
1,0,10314468
2,0,10332468
3,0,10350476
1,0,10368468
2,0,10386468
3,0,10404472
1,0,10422468
2,0,10440468
3,0,10458468
1,0,10476468
2,0,10494468
3,0,10512472
1,0,10530468
2,0,10548468
3,0,10566472
1,0,10584468
2,0,10602468
3,0,10620468
1,0,10638472
2,0,10656472
3,0,10674472
1,0,10692468
2,0,10710472
3,0,10728472
1,0,10746472
2,0,10764468
3,0,10782472
1,0,10800468
2,0,10818468
3,0,10836472
1,0,10854468
2,0,10872472
3,0,10890476
1,0,10908468
2,0,10926472
3,0,10944472
1,0,10962472
2,0,10980472
3,0,10998472
1,0,11016472
2,0,11034472
3,0,11052472
1,0,11070476
2,0,11088468
3,0,11106468
1,0,11124472
2,0,11142472
3,0,11160472
1,0,11178472
2,0,11196468
3,0,11214468
1,0,11232472
2,0,11250472
3,0,11268468
1,0,11286468
2,0,11304472
3,0,11322472
1,0,11340468
2,0,11358468
3,0,11376468
1,0,11394472
2,0,11412468
3,0,11430468
1,0,11448472
2,0,11466472
3,0,11484472
1,0,11502468
2,0,11520472
3,0,11538472
1,0,11556468
2,0,11574468
3,0,11592476
1,0,11610468
2,0,11628468
3,0,11646476
1,0,11664472
2,0,11682472
3,0,11700472
1,0,11718472
2,0,11736472
3,0,11754472
1,0,11772468
2,0,11790468
3,0,11808468
1,0,11826468
2,0,11844468
3,0,11862472
1,0,11880476
2,0,11898468
3,0,11916468
1,0,11934472
2,0,11952472
3,0,11970472
1,0,11988472
2,0,12006468
3,0,12024476
1,0,12042468
2,0,12060468
3,0,12078472
1,0,12096468
2,5251,12114472
3,0,12132468
1,5799,12150472
2,5571,12168472
3,0,12186476
1,6016,12204468
2,5971,12222480
3,5263,12240468
1,6179,12258468
2,6171,12276468
3,5621,12294472
1,6309,12312468
2,0,12330472
3,6031,12348472
1,6300,12366472
2,6568,12384468
3,6202,12402472
1,6145,12420472
2,6330,12438468
3,6324,12456468
1,5905,12474468
2,6195,12492472
3,6303,12510476
1,5469,12528468
2,5874,12546472
3,6188,12564468
1,0,12582472
2,5447,12600472
3,6025,12618472
1,4250,12636468
2,0,12654472
3,0,12672472
1,0,12690468
2,0,12708472
3,0,12726472
