# fw=05,slot_ms=18,timeout_us=12500
1,0,476
2,0,18468
3,0,36472
1,0,54468
2,0,72472
3,0,90472
1,0,108472
2,0,126472
3,0,144468
1,0,162472
2,0,180468
3,0,198472
1,0,216472
2,0,234468
3,0,252476
1,0,270472
2,0,288468
3,0,306472
1,0,324472
2,0,342472
3,0,360476
1,0,378468
2,0,396472
3,0,414468
1,0,432472
2,0,450472
3,0,468472
1,0,486472
2,0,504468
3,0,522472
1,0,540468
2,0,558468
3,0,576472
1,0,594468
2,0,612468
3,0,630472
1,0,648472
2,0,666468
3,0,684468
1,0,702480
2,0,720472
3,0,738468
1,0,756468
2,0,774472
3,0,792468
1,0,810468
2,0,828472
3,0,846472
1,0,864468
2,0,882472
3,0,900472
1,0,918468
2,0,936468
3,0,954476
1,0,972472
2,0,990472
3,0,1008472
1,0,1026468
2,0,1044468
3,0,1062468
1,0,1080472
2,0,1098472
3,0,1116472
1,0,1134468
2,0,1152468
3,0,1170468
1,0,1188472
2,0,1206468
3,0,1224468
1,0,1242472
2,0,1260472
3,0,1278472
1,0,1296472
2,0,1314472
3,0,1332476
1,0,1350468
2,0,1368468
3,0,1386468
1,0,1404472
2,0,1422472
3,0,1440468
1,0,1458472
2,0,1476472
3,0,1494472
1,0,1512468
2,0,1530468
3,0,1548472
1,0,1566468
2,0,1584472
3,0,1602468
1,0,1620472
2,0,1638468
3,0,1656472
1,0,1674468
2,0,1692472
3,0,1710468
1,0,1728472
2,0,1746472
3,0,1764472
1,0,1782468
2,0,1800472
3,0,1818472
1,0,1836472
2,0,1854480
3,0,1872468
1,0,1890468
2,0,1908468
3,0,1926472
1,0,1944468
2,0,1962468
3,0,1980468
1,0,1998468
2,0,2016468
3,0,2034472
1,0,2052472
2,0,2070472
3,0,2088472
1,0,2106468
2,0,2124468
3,0,2142472
1,0,2160468
2,0,2178468
3,9821,2196468
1,0,2214472
2,0,2232472
3,0,2250476
1,0,2268468
2,0,2286472
3,0,2304472
1,0,2322468
2,0,2340468
3,9434,2358472
1,0,2376472
2,0,2394468
3,0,2412472
1,0,2430472
2,0,2448468
3,0,2466472
1,0,2484468
2,0,2502468
3,0,2520468
1,0,2538472
2,0,2556472
3,0,2574468
1,0,2592472
2,0,2610468
3,0,2628468
1,0,2646472
2,0,2664476
3,0,2682476
1,0,2700472
2,0,2718468
3,9344,2736468
1,0,2754472
2,0,2772468
3,0,2790472
1,0,2808472
2,0,2826472
3,0,2844476
1,0,2862472
2,0,2880468
3,0,2898472
1,0,2916468
2,0,2934472
3,0,2952476
1,0,2970472
2,0,2988468
3,0,3006480
1,0,3024468
2,0,3042472
3,0,3060476
1,0,3078472
2,0,3096468
3,0,3114472
1,0,3132472
2,0,3150468
3,0,3168468
1,0,3186472
2,0,3204468
3,0,3222468
1,0,3240472
2,0,3258468
3,0,3276468
1,0,3294472
2,0,3312468
3,0,3330472
1,0,3348468
2,0,3366472
3,0,3384472
1,0,3402468
2,0,3420472
3,0,3438472
1,0,3456468
2,0,3474468
3,0,3492472
1,0,3510468
2,0,3528472
3,0,3546472
1,0,3564468
2,0,3582468
3,0,3600472
1,0,3618472
2,0,3636468
3,0,3654468
1,0,3672472
2,0,3690468
3,0,3708472
1,0,3726472
2,0,3744472
3,0,3762468
1,0,3780468
2,0,3798468
3,0,3816468
1,0,3834468
2,0,3852472
3,0,3870472
1,0,3888468
2,0,3906472
3,0,3924472
1,0,3942472
2,0,3960472
3,0,3978468
1,0,3996472
2,0,4014468
3,0,4032468
1,3304,4050468
2,3686,4068472
3,0,4086472
1,0,4104468
2,3519,4122468
3,0,4140472
1,4015,4158480
2,3335,4176468
3,0,4194472
1,4167,4212472
2,3205,4230472
3,0,4248472
1,4291,4266468
2,2943,4284472
3,0,4302468
1,0,4320468
2,2692,4338472
3,0,4356472
1,0,4374468
2,0,4392468
3,0,4410472
1,0,4428468
2,0,4446472
3,0,4464468
1,0,4482468
2,0,4500468
3,0,4518472
1,0,4536468
2,0,4554472
3,0,4572468
1,0,4590472
2,0,4608472
3,0,4626476
1,0,4644472
2,0,4662468
3,0,4680472
1,0,4698468
2,0,4716472
3,0,4734472
1,0,4752468
2,0,4770472
3,0,4788468
1,0,4806472
2,0,4824472
3,0,4842476
1,0,4860472
2,0,4878468
3,0,4896472
1,0,4914468
2,0,4932472
3,0,4950472
1,0,4968468
2,0,4986472
3,0,5004476
1,0,5022472
2,0,5040468
3,0,5058472
1,0,5076468
2,0,5094472
3,0,5112468
1,0,5130468
2,0,5148468
3,0,5166476
1,0,5184472
2,0,5202472
3,0,5220472
1,0,5238472
2,0,5256468
3,0,5274468
1,0,5292472
2,0,5310476
3,0,5328472
1,0,5346468
2,0,5364472
3,0,5382472
1,0,5400472
2,0,5418472
3,0,5436472
1,0,5454472
2,0,5472468
3,0,5490472
1,0,5508468
2,0,5526472
3,0,5544472
1,0,5562472
2,0,5580468
3,0,5598476
1,0,5616472
2,0,5634472
3,0,5652472
1,0,5670472
2,0,5688468
3,0,5706472
1,0,5724472
2,0,5742468
3,0,5760468
1,0,5778472
2,0,5796468
3,0,5814472
1,0,5832468
2,0,5850472
3,0,5868472
1,0,5886468
2,0,5904468
3,0,5922468
1,0,5940472
2,0,5958468
3,0,5976476
1,0,5994472
2,0,6012472
3,0,6030468
1,0,6048468
2,0,6066472
3,0,6084468
1,0,6102472
2,0,6120472
3,0,6138472
1,0,6156472
2,0,6174468
3,0,6192472
1,0,6210472
2,0,6228472
3,0,6246476
1,0,6264472
2,0,6282468
3,0,6300468
1,0,6318468
2,0,6336472
3,0,6354472
1,0,6372468
2,0,6390472
3,0,6408468
1,0,6426472
2,0,6444472
3,0,6462476
1,0,6480472
2,0,6498468
3,0,6516472
1,0,6534468
2,0,6552472
3,0,6570472
1,0,6588468
2,0,6606468
3,0,6624472
1,0,6642468
2,0,6660472
3,0,6678476
1,0,6696468
2,0,6714472
3,0,6732476
1,0,6750472
2,0,6768468
3,0,6786476
1,0,6804472
2,0,6822468
3,0,6840468
1,0,6858468
2,0,6876472
3,0,6894476
1,0,6912472
2,0,6930468
3,0,6948468
1,0,6966468
2,0,6984472
3,0,7002472
1,0,7020472
2,0,7038472
3,0,7056468
1,0,7074472
2,0,7092468
3,0,7110472
1,0,7128472
2,0,7146468
3,0,7164476
1,0,7182472
2,0,7200468
3,0,7218468
1,0,7236472
2,0,7254468
3,0,7272468
1,0,7290472
2,0,7308472
3,0,7326472
1,0,7344468
2,0,7362472
3,0,7380472
1,0,7398472
2,0,7416472
3,0,7434468
1,0,7452468
2,0,7470468
3,0,7488468
1,0,7506472
2,0,7524468
3,0,7542472
1,0,7560472
2,0,7578468
3,0,7596476
1,0,7614480
2,0,7632472
3,0,7650468
1,0,7668468
2,0,7686472
3,0,7704476
1,0,7722472
2,0,7740468
3,0,7758472
1,0,7776472
2,0,7794468
3,0,7812468
1,0,7830468
2,0,7848468
3,0,7866472
1,0,7884468
2,0,7902472
3,0,7920468
1,0,7938468
2,0,7956472
3,0,7974468
1,0,7992472
2,0,8010468
3,0,8028468
1,0,8046472
2,0,8064472
3,0,8082468
1,0,8100472
2,0,8118468
3,0,8136472
1,0,8154468
2,0,8172472
3,0,8190472
1,0,8208472
2,0,8226472
3,0,8244468
1,0,8262472
2,0,8280468
3,0,8298472
1,0,8316472
2,0,8334472
3,0,8352472
1,0,8370468
2,0,8388472
3,0,8406472
1,0,8424476
2,0,8442468
3,0,8460472
1,0,8478472
2,0,8496468
3,0,8514472
1,0,8532468
2,0,8550472
3,0,8568476
1,0,8586472
2,0,8604468
3,0,8622472
1,0,8640468
2,0,8658468
3,0,8676472
1,0,8694472
2,0,8712468
3,0,8730468
1,0,8748468
2,0,8766480
3,0,8784472
1,0,8802468
2,0,8820472
3,0,8838476
1,0,8856472
2,0,8874472
3,0,8892476
1,0,8910472
2,0,8928468
3,0,8946472
1,0,8964468
2,0,8982472
3,0,9000472
1,0,9018472
2,0,9036468
3,0,9054472
1,0,9072468
2,0,9090468
3,0,9108472
1,0,9126472
2,0,9144468
3,0,9162468
1,0,9180468
2,0,9198472
3,0,9216472
1,0,9234468
2,0,9252472
3,0,9270468
1,0,9288468
2,0,9306472
3,0,9324476
1,0,9342472
2,0,9360472
3,0,9378472
1,0,9396472
2,0,9414468
3,0,9432468
1,0,9450468
2,0,9468468
3,0,9486472
1,0,9504468
2,0,9522472
3,0,9540468
1,0,9558468
2,0,9576472
3,0,9594472
1,0,9612472
2,0,9630472
3,0,9648472
1,0,9666472
2,0,9684472
3,0,9702468
1,0,9720472
2,0,9738472
3,0,9756472
1,0,9774468
2,0,9792472
3,0,9810472
1,0,9828472
2,0,9846468
3,0,9864472
1,0,9882468
2,0,9900468
3,0,9918480
1,0,9936472
2,0,9954468
3,0,9972472
1,0,9990468
2,0,10008472
3,0,10026468
1,0,10044472
2,0,10062468
3,0,10080468
1,5889,10098472
2,5711,10116468
3,4821,10134476
1,6023,10152468
2,5998,10170472
3,5221,10188472
1,0,10206472
2,6194,10224472
3,5697,10242468
1,6103,10260468
2,6301,10278468
3,6003,10296468
1,5940,10314472
2,6358,10332468
3,6306,10350472
1,5669,10368468
2,6237,10386468
3,6455,10404472
1,0,10422472
2,0,10440472
3,6432,10458472
1,0,10476468
2,5775,10494468
3,6251,10512472
1,4297,10530468
2,0,10548472
3,0,10566472
