# fw=05,slot_ms=18,timeout_us=12500
1,0,476
2,0,18468
3,0,36472
1,0,54468
2,0,72472
3,0,90472
1,0,108472
2,0,126472
3,0,144468
1,0,162468
2,0,180472
3,0,198476
1,0,216468
2,0,234472
3,0,252472
1,0,270472
2,0,288468
3,0,306472
1,0,324472
2,0,342472
3,0,360468
1,0,378468
2,0,396472
3,0,414472
1,0,432468
2,0,450472
3,0,468476
1,0,486468
2,0,504472
3,0,522468
1,0,540468
2,0,558468
3,0,576476
1,0,594468
2,0,612468
3,0,630472
1,0,648472
2,0,666468
3,0,684468
1,0,702476
2,0,720472
3,0,738472
1,0,756472
2,0,774468
3,0,792472
1,0,810472
2,0,828468
3,0,846472
1,0,864472
2,0,882468
3,0,900468
1,0,918468
2,0,936472
3,0,954468
1,0,972468
2,0,990468
3,0,1008472
1,0,1026468
2,0,1044468
3,0,1062472
1,0,1080472
2,0,1098468
3,0,1116468
1,0,1134472
2,0,1152472
3,0,1170472
1,0,1188468
2,0,1206472
3,0,1224476
1,0,1242468
2,0,1260472
3,0,1278472
1,0,1296472
2,0,1314472
3,0,1332468
1,0,1350472
2,0,1368468
3,0,1386472
1,6875,1404472
2,6202,1422468
3,0,1440472
1,6782,1458472
2,6136,1476468
3,6142,1494472
1,6406,1512472
2,5747,1530472
3,5889,1548468
1,5980,1566468
2,5370,1584468
3,5894,1602472
1,5440,1620472
2,4882,1638472
3,5527,1656472
1,4769,1674468
2,4274,1692468
3,5259,1710472
1,3972,1728468
2,3678,1746472
3,0,1764476
1,3320,1782472
2,0,1800472
3,0,1818472
1,0,1836468
2,0,1854480
3,0,1872472
