# fw=05,slot_ms=18,timeout_us=12500
1,0,476
2,5248,18468
3,0,36472
1,0,54468
2,5242,72472
3,0,90472
1,0,108468
2,5061,126472
3,0,144476
1,0,162472
2,5062,180468
3,0,198472
1,0,216472
2,5246,234468
3,0,252468
1,0,270468
2,5059,288472
3,0,306472
1,0,324472
2,5060,342468
3,0,360468
1,0,378468
2,5273,396472
3,0,414472
1,0,432472
2,5247,450468
3,0,468472
1,0,486472
2,5240,504472
3,0,522472
1,0,540468
2,5251,558472
3,0,576472
1,0,594472
2,5246,612468
3,0,630472
1,0,648472
2,5226,666468
3,0,684472
1,0,702480
2,5226,720468
3,0,738472
1,0,756472
2,5250,774472
3,0,792472
1,0,810472
2,5226,828468
3,0,846472
1,0,864472
2,5248,882468
3,0,900472
1,0,918472
2,5248,936468
3,0,954476
1,0,972468
2,5226,990472
3,0,1008472
1,0,1026468
2,5247,1044468
3,0,1062468
1,0,1080472
2,5238,1098472
3,0,1116472
1,0,1134472
2,5247,1152472
3,0,1170472
1,0,1188468
2,5247,1206472
3,0,1224472
1,0,1242468
2,5247,1260468
3,0,1278472
1,0,1296472
2,5238,1314472
3,0,1332472
1,0,1350468
2,5247,1368468
3,0,1386468
1,0,1404472
2,5249,1422468
3,0,1440472
1,0,1458468
2,5248,1476468
3,0,1494472
1,0,1512476
2,5264,1530468
3,0,1548472
1,0,1566468
2,5248,1584472
3,0,1602472
1,0,1620468
2,5245,1638472
3,0,1656468
1,0,1674472
2,5248,1692472
3,0,1710468
1,0,1728472
2,5248,1746472
3,0,1764476
1,0,1782468
2,5248,1800472
3,0,1818472
1,0,1836468
2,5226,1854480
3,0,1872468
1,0,1890472
2,5239,1908468
3,0,1926472
1,0,1944468
2,5248,1962468
3,0,1980472
1,0,1998472
2,5248,2016472
3,0,2034468
1,0,2052472
2,5247,2070468
3,0,2088476
1,0,2106472
2,5241,2124472
3,0,2142468
1,0,2160472
2,5248,2178468
3,0,2196468
1,0,2214468
2,5247,2232468
3,0,2250472
1,0,2268468
2,5252,2286472
3,0,2304472
1,0,2322468
2,5245,2340468
3,0,2358468
1,0,2376472
2,5251,2394468
3,0,2412476
1,0,2430472
2,5251,2448468
3,0,2466472
1,0,2484472
2,5249,2502472
3,0,2520468
1,0,2538472
2,5060,2556468
3,0,2574472
1,0,2592472
2,5225,2610468
3,0,2628472
1,0,2646468
2,5224,2664476
3,0,2682476
1,0,2700472
2,5219,2718472
3,0,2736472
1,0,2754468
2,5059,2772472
3,0,2790472
1,0,2808468
2,5059,2826468
3,0,2844476
1,0,2862472
2,5060,2880468
3,0,2898472
1,0,2916472
2,5035,2934472
3,0,2952476
1,0,2970472
2,5061,2988472
3,0,3006476
1,0,3024472
2,5061,3042468
3,0,3060468
1,0,3078468
2,5251,3096468
3,0,3114468
1,0,3132472
2,5242,3150468
3,0,3168472
1,0,3186472
2,5060,3204468
3,0,3222476
1,0,3240472
2,5252,3258472
3,0,3276472
1,0,3294472
2,5253,3312472
3,0,3330476
1,0,3348468
2,5060,3366472
3,0,3384472
1,0,3402468
2,5063,3420468
3,0,3438472
1,0,3456472
2,5060,3474472
3,0,3492472
1,0,3510472
2,5060,3528472
3,0,3546472
1,0,3564468
2,5035,3582472
3,0,3600472
1,0,3618468
2,5060,3636472
3,0,3654472
1,0,3672468
2,5251,3690468
3,0,3708476
1,0,3726472
2,5219,3744468
3,0,3762472
1,0,3780472
2,5226,3798472
3,0,3816472
1,0,3834468
2,5226,3852472
3,0,3870468
1,0,3888468
2,5225,3906472
3,0,3924476
1,0,3942472
2,5204,3960472
3,0,3978472
1,0,3996468
2,5205,4014468
3,0,4032476
1,0,4050472
2,5058,4068468
3,0,4086472
1,0,4104472
2,5059,4122472
3,0,4140468
1,0,4158480
2,5034,4176468
3,0,4194472
1,0,4212468
2,5062,4230472
3,0,4248472
1,0,4266472
2,5252,4284472
3,0,4302472
1,0,4320468
2,5252,4338468
3,0,4356468
1,0,4374472
2,5253,4392468
3,0,4410468
1,0,4428472
2,5252,4446468
3,0,4464468
1,0,4482468
2,5254,4500468
3,0,4518472
1,0,4536468
2,5060,4554472
3,0,4572472
1,0,4590472
2,5062,4608472
3,0,4626468
1,0,4644472
2,5060,4662468
3,0,4680468
1,0,4698472
2,5059,4716468
3,0,4734476
1,0,4752472
2,5062,4770468
3,0,4788472
1,0,4806468
2,5254,4824472
3,0,4842472
1,0,4860468
2,5061,4878472
3,0,4896476
1,0,4914472
2,5087,4932468
3,0,4950476
1,0,4968472
2,5087,4986472
3,0,5004472
1,0,5022468
2,5086,5040468
3,0,5058472
1,0,5076472
2,5060,5094468
3,0,5112468
1,0,5130468
2,5252,5148468
3,0,5166476
1,0,5184472
2,5060,5202472
3,0,5220472
1,0,5238472
2,5087,5256472
3,0,5274472
1,0,5292468
2,5086,5310476
3,0,5328472
1,0,5346468
2,5245,5364472
3,0,5382472
1,0,5400468
2,5253,5418472
3,0,5436472
1,0,5454468
2,5253,5472472
3,0,5490472
1,0,5508468
2,5254,5526472
3,0,5544476
1,0,5562472
2,5242,5580468
3,0,5598476
1,0,5616472
2,5226,5634468
3,0,5652472
1,0,5670468
2,5252,5688472
3,0,5706472
1,0,5724468
2,5228,5742472
3,0,5760472
1,0,5778468
2,5245,5796468
3,0,5814468
1,0,5832468
2,5252,5850468
3,0,5868468
1,0,5886468
2,5225,5904472
3,0,5922476
1,0,5940472
2,5227,5958468
3,0,5976472
1,0,5994468
2,5226,6012472
3,0,6030472
1,0,6048468
2,5225,6066472
3,0,6084468
1,0,6102472
2,5225,6120468
3,0,6138472
1,0,6156472
2,5218,6174468
3,0,6192472
1,0,6210472
2,5225,6228472
3,0,6246472
1,0,6264472
2,5226,6282468
3,0,6300472
1,0,6318472
2,5082,6336468
3,0,6354468
1,0,6372468
2,5083,6390472
3,0,6408476
1,0,6426472
2,5227,6444472
3,0,6462480
1,0,6480468
2,5226,6498472
3,0,6516468
1,0,6534468
2,5247,6552472
3,0,6570468
1,0,6588472
2,5239,6606472
3,0,6624468
1,0,6642472
2,5247,6660468
3,0,6678468
1,0,6696472
2,5246,6714468
3,0,6732472
1,0,6750468
2,5246,6768468
3,0,6786472
1,0,6804468
2,5247,6822468
3,0,6840472
1,0,6858468
2,5221,6876472
3,0,6894472
1,0,6912468
2,5222,6930472
3,0,6948472
1,0,6966472
2,5215,6984472
3,0,7002468
1,0,7020472
2,5221,7038468
3,0,7056468
1,0,7074472
2,5222,7092468
3,0,7110472
1,0,7128468
2,5221,7146468
3,0,7164472
1,0,7182472
2,5213,7200472
3,0,7218472
1,0,7236468
2,5221,7254472
3,0,7272472
1,0,7290468
2,5222,7308472
3,0,7326472
1,0,7344472
2,5222,7362468
3,0,7380468
1,0,7398472
2,5215,7416468
3,0,7434468
1,0,7452472
2,5222,7470468
3,0,7488472
1,0,7506468
2,5220,7524472
3,0,7542472
1,0,7560468
2,5219,7578472
3,0,7596472
1,0,7614476
2,5220,7632472
3,0,7650472
1,0,7668472
2,5222,7686468
3,0,7704468
1,0,7722472
2,5220,7740468
3,0,7758468
1,0,7776468
2,5197,7794468
3,0,7812468
1,0,7830468
2,5221,7848468
3,0,7866472
1,0,7884468
2,5219,7902472
3,0,7920468
1,0,7938468
2,5221,7956472
3,0,7974472
1,0,7992468
2,5212,8010472
3,0,8028468
1,0,8046472
2,5221,8064468
3,0,8082468
1,0,8100472
2,5222,8118468
3,0,8136468
1,0,8154468
2,5222,8172472
3,0,8190472
1,0,8208472
2,5212,8226472
3,0,8244472
1,0,8262468
2,5221,8280468
3,0,8298472
1,0,8316472
2,5242,8334468
3,0,8352472
1,0,8370468
2,5245,8388472
3,0,8406472
1,0,8424472
2,5220,8442472
3,0,8460472
1,0,8478468
2,5220,8496472
3,0,8514468
1,0,8532468
2,5221,8550472
3,0,8568468
1,0,8586468
2,5221,8604468
3,0,8622468
1,0,8640472
2,5220,8658468
3,0,8676472
1,0,8694472
2,5221,8712472
3,0,8730472
1,0,8748472
2,5218,8766484
3,0,8784468
1,0,8802468
2,5212,8820472
3,0,8838472
1,0,8856468
2,5220,8874468
3,0,8892468
1,0,8910468
2,5221,8928468
3,0,8946472
1,0,8964468
2,5221,8982472
3,0,9000472
1,0,9018468
2,5212,9036472
3,0,9054472
1,0,9072468
2,5222,9090468
3,0,9108468
1,0,9126472
2,5223,9144468
3,0,9162472
1,0,9180472
2,5221,9198472
3,0,9216476
1,0,9234472
2,5219,9252472
3,0,9270472
1,0,9288468
2,5222,9306472
3,0,9324472
1,0,9342472
2,5222,9360468
3,0,9378468
1,0,9396468
2,5221,9414472
3,0,9432472
1,0,9450468
2,5222,9468472
3,0,9486476
1,0,9504472
2,5220,9522468
3,0,9540468
1,0,9558468
2,5222,9576472
3,0,9594472
1,0,9612472
2,5056,9630468
3,0,9648476
1,0,9666472
2,5056,9684468
3,0,9702468
1,0,9720472
2,5247,9738468
3,0,9756472
1,0,9774472
2,5082,9792468
3,0,9810468
1,0,9828468
2,5055,9846472
3,0,9864468
1,0,9882472
2,5081,9900468
3,0,9918476
1,0,9936468
2,5082,9954468
3,0,9972472
1,0,9990468
2,5082,10008472
3,0,10026468
1,0,10044472
2,5082,10062472
3,0,10080468
1,0,10098472
2,5084,10116472
3,0,10134472
1,0,10152468
2,5083,10170468
3,0,10188468
1,0,10206472
2,5061,10224472
3,0,10242476
1,0,10260468
2,5247,10278468
3,0,10296476
1,0,10314468
2,5219,10332468
3,0,10350472
1,0,10368472
2,5245,10386472
3,0,10404468
1,0,10422472
2,5212,10440472
3,0,10458468
1,0,10476468
2,5222,10494472
3,0,10512468
1,0,10530468
2,5223,10548468
3,0,10566476
1,0,10584468
2,5247,10602468
3,0,10620476
1,0,10638468
2,5212,10656468
3,0,10674472
1,0,10692472
2,5221,10710472
3,0,10728472
1,0,10746472
2,5246,10764468
3,0,10782472
