# fw=05,slot_ms=18,timeout_us=12500
1,0,476
2,0,18468
3,0,36472
1,0,54468
2,0,72472
3,0,90472
1,0,108472
2,0,126472
3,0,144468
1,0,162472
2,0,180468
3,0,198472
1,0,216472
2,0,234468
3,0,252476
1,0,270472
2,0,288468
3,0,306472
1,0,324468
2,0,342472
3,0,360476
1,0,378472
2,0,396472
3,0,414476
1,0,432472
2,0,450468
3,0,468468
1,0,486468
2,0,504472
3,0,522468
1,0,540472
2,0,558468
3,0,576468
1,0,594472
2,0,612468
3,0,630476
1,0,648468
2,0,666472
3,0,684472
1,0,702476
2,0,720468
3,0,738472
1,0,756472
2,0,774472
3,0,792476
1,0,810472
2,0,828472
3,0,846468
1,0,864468
2,0,882472
3,0,900472
1,0,918472
2,0,936472
3,0,954472
1,0,972472
2,0,990472
3,0,1008468
1,0,1026472
2,0,1044472
3,0,1062468
1,0,1080468
2,0,1098468
3,0,1116472
1,0,1134468
2,0,1152472
3,0,1170472
1,0,1188468
2,0,1206472
3,0,1224472
1,0,1242468
2,0,1260468
3,0,1278468
1,0,1296472
2,0,1314468
3,0,1332468
1,0,1350472
2,0,1368468
3,0,1386472
1,0,1404472
2,0,1422468
3,0,1440468
1,0,1458472
2,0,1476472
3,0,1494472
1,0,1512468
2,0,1530472
3,0,1548472
1,0,1566472
2,0,1584468
3,0,1602468
1,0,1620472
2,0,1638468
3,0,1656476
1,0,1674472
2,0,1692472
3,0,1710468
1,0,1728472
2,0,1746472
3,0,1764472
1,3330,1782468
2,4344,1800472
3,0,1818472
1,3741,1836472
2,4249,1854480
3,5044,1872468
1,4130,1890472
2,4133,1908468
3,4742,1926472
1,4274,1944472
2,4014,1962472
3,4340,1980472
1,4462,1998468
2,3787,2016468
3,3820,2034468
1,4606,2052468
2,3520,2070472
3,0,2088468
1,4813,2106472
2,3326,2124472
3,0,2142468
1,0,2160472
2,0,2178472
3,0,2196472
