# fw=05,slot_ms=18,timeout_us=12500
1,0,476
2,0,18468
3,0,36472
1,0,54468
2,0,72472
3,0,90472
1,0,108472
2,0,126472
3,0,144472
1,0,162468
2,0,180472
3,0,198468
1,0,216468
2,0,234468
3,0,252472
1,0,270468
2,0,288472
3,0,306472
1,0,324472
2,0,342468
3,0,360468
1,0,378468
2,0,396472
3,0,414472
1,0,432472
2,0,450472
3,0,468472
1,0,486472
2,0,504468
3,0,522472
1,0,540472
2,0,558472
3,0,576468
1,0,594472
2,0,612472
3,0,630468
1,0,648468
2,0,666472
3,0,684472
1,0,702480
2,0,720468
3,0,738472
1,0,756472
2,0,774472
3,0,792476
1,0,810468
2,0,828472
3,0,846472
1,0,864468
2,0,882472
3,0,900472
1,0,918472
2,0,936468
3,0,954472
1,0,972472
2,0,990472
3,0,1008468
1,0,1026472
2,0,1044468
3,0,1062468
1,0,1080472
2,0,1098472
3,0,1116476
1,0,1134472
2,0,1152472
3,0,1170472
1,0,1188468
2,0,1206472
3,0,1224472
1,0,1242468
2,0,1260472
3,0,1278468
1,0,1296468
2,0,1314468
3,0,1332468
1,0,1350472
2,0,1368472
3,0,1386472
1,0,1404472
2,0,1422468
3,0,1440468
1,0,1458472
2,0,1476468
3,0,1494472
1,0,1512468
2,0,1530472
3,0,1548476
1,0,1566472
2,0,1584468
3,0,1602468
1,0,1620472
2,0,1638468
3,0,1656476
1,0,1674472
2,0,1692472
3,0,1710468
1,0,1728468
2,0,1746472
3,0,1764476
1,0,1782472
2,0,1800472
3,0,1818468
1,0,1836472
2,0,1854476
3,0,1872468
1,0,1890472
2,0,1908468
3,0,1926472
1,0,1944472
2,0,1962472
3,0,1980468
1,0,1998472
2,0,2016468
3,0,2034468
1,0,2052472
2,0,2070472
3,0,2088468
1,0,2106472
2,0,2124468
3,0,2142472
1,0,2160468
2,0,2178468
3,0,2196468
1,0,2214468
2,0,2232468
3,0,2250472
1,0,2268468
2,0,2286472
3,0,2304472
1,0,2322472
2,0,2340468
3,0,2358472
1,0,2376468
2,0,2394472
3,0,2412468
1,0,2430472
2,0,2448468
3,0,2466472
1,0,2484468
2,0,2502468
3,0,2520468
1,0,2538468
2,0,2556468
3,0,2574472
1,0,2592468
2,0,2610468
3,0,2628472
1,0,2646468
2,0,2664472
3,0,2682472
1,0,2700472
2,0,2718468
3,0,2736472
1,0,2754468
2,0,2772468
3,0,2790468
1,0,2808472
2,0,2826468
3,0,2844468
1,0,2862472
2,0,2880472
3,0,2898472
1,0,2916468
2,0,2934468
3,0,2952472
1,0,2970468
2,0,2988472
3,0,3006476
1,0,3024468
2,0,3042468
3,0,3060472
1,0,3078468
2,0,3096472
3,0,3114472
1,0,3132468
2,0,3150472
3,0,3168472
1,0,3186472
2,0,3204472
3,0,3222472
1,0,3240472
2,0,3258472
3,0,3276476
1,0,3294472
2,0,3312468
3,0,3330476
1,0,3348472
2,0,3366468
3,0,3384468
1,3422,3402472
2,0,3420468
3,0,3438468
1,3599,3456472
2,0,3474468
3,0,3492468
1,3934,3510472
2,4947,3528472
3,5342,3546476
1,4057,3564468
2,4571,3582472
3,4737,3600468
1,4114,3618472
2,4099,3636468
3,4451,3654476
1,4205,3672472
2,3578,3690468
3,3901,3708468
1,4321,3726468
2,3085,3744472
3,0,3762472
1,0,3780472
2,0,3798472
3,0,3816468
1,0,3834468
2,0,3852472
3,0,3870472
