# fw=05,slot_ms=18,timeout_us=12500
1,0,476
2,0,18468
3,0,36472
1,0,54472
2,0,72468
3,0,90468
1,0,108468
2,0,126468
3,0,144472
1,0,162468
2,0,180472
3,0,198468
1,0,216472
2,0,234468
3,0,252476
1,0,270468
2,0,288472
3,0,306472
1,0,324472
2,0,342472
3,0,360468
1,0,378468
2,0,396472
3,0,414468
1,0,432468
2,0,450472
3,0,468472
1,0,486472
2,0,504468
3,0,522472
1,0,540468
2,0,558472
3,0,576476
1,0,594472
2,0,612472
3,0,630468
1,0,648468
2,0,666472
3,0,684472
1,0,702480
2,0,720468
3,0,738472
1,0,756472
2,0,774468
3,0,792472
1,0,810472
2,0,828468
3,0,846472
1,0,864468
2,0,882472
3,0,900472
1,0,918472
2,0,936472
3,0,954472
1,0,972472
2,0,990468
3,0,1008472
1,0,1026468
2,0,1044468
3,0,1062468
1,0,1080472
2,0,1098472
3,0,1116472
1,0,1134468
2,0,1152468
3,0,1170468
1,0,1188472
2,0,1206468
3,0,1224468
1,0,1242468
2,0,1260468
3,0,1278476
1,0,1296472
2,0,1314472
3,0,1332476
1,0,1350468
2,0,1368468
3,0,1386468
1,0,1404472
2,0,1422468
3,0,1440476
1,0,1458472
2,0,1476472
3,0,1494468
1,0,1512468
2,0,1530468
3,0,1548472
1,0,1566468
2,0,1584472
3,0,1602472
1,0,1620468
2,0,1638472
3,0,1656472
1,0,1674472
2,0,1692472
3,0,1710476
1,0,1728472
2,0,1746468
3,0,1764468
1,0,1782472
2,0,1800468
3,0,1818476
1,0,1836468
2,0,1854480
3,0,1872472
1,0,1890468
2,0,1908472
3,0,1926476
1,0,1944468
2,0,1962468
3,0,1980468
1,0,1998468
2,0,2016468
3,0,2034468
1,0,2052468
2,0,2070468
3,0,2088472
1,0,2106468
2,0,2124468
3,0,2142472
1,0,2160468
2,0,2178468
3,0,2196468
1,0,2214472
2,0,2232468
3,0,2250476
1,0,2268472
2,0,2286472
3,0,2304472
1,0,2322468
2,0,2340472
3,0,2358472
1,0,2376468
2,0,2394472
3,0,2412472
1,0,2430472
2,0,2448468
3,0,2466468
1,0,2484468
2,0,2502472
3,0,2520468
1,0,2538472
2,0,2556472
3,0,2574468
1,0,2592472
2,0,2610472
3,0,2628468
1,0,2646468
2,0,2664468
3,0,2682468
1,0,2700472
2,0,2718468
3,0,2736472
1,0,2754468
2,0,2772472
3,0,2790468
1,0,2808472
2,0,2826468
3,0,2844468
1,0,2862472
2,0,2880468
3,0,2898472
1,0,2916468
2,0,2934472
3,0,2952472
1,0,2970472
2,0,2988468
3,0,3006480
1,0,3024468
2,0,3042472
3,0,3060472
1,0,3078472
2,0,3096472
3,0,3114468
1,0,3132468
2,0,3150472
3,0,3168472
1,0,3186472
2,0,3204472
3,0,3222472
1,0,3240468
2,0,3258472
3,0,3276472
1,0,3294468
2,0,3312472
3,0,3330468
1,0,3348472
2,0,3366472
3,0,3384476
1,0,3402468
2,0,3420472
3,0,3438472
1,0,3456468
2,0,3474468
3,0,3492468
1,0,3510468
2,0,3528468
3,0,3546472
1,0,3564468
2,0,3582472
3,0,3600468
1,0,3618472
2,0,3636468
3,0,3654468
1,0,3672468
2,0,3690468
3,0,3708472
1,0,3726472
2,0,3744472
3,0,3762468
1,0,3780468
2,0,3798472
3,0,3816476
1,0,3834472
2,0,3852468
3,0,3870472
1,0,3888468
2,0,3906472
3,0,3924472
1,0,3942472
2,0,3960472
3,0,3978472
1,0,3996472
2,0,4014468
3,0,4032468
1,0,4050472
2,0,4068468
3,0,4086472
1,0,4104472
2,0,4122472
3,0,4140472
1,0,4158476
2,0,4176468
3,0,4194472
1,0,4212468
2,0,4230472
3,0,4248472
1,0,4266468
2,0,4284468
3,0,4302472
1,0,4320468
2,0,4338468
3,0,4356476
1,0,4374472
2,0,4392472
3,0,4410472
1,0,4428472
2,0,4446468
3,0,4464468
1,0,4482468
2,0,4500468
3,0,4518472
1,0,4536468
2,0,4554472
3,0,4572472
1,0,4590472
2,0,4608472
3,0,4626472
1,0,4644468
2,0,4662472
3,0,4680472
1,0,4698472
2,0,4716472
3,0,4734472
1,0,4752472
2,0,4770468
3,0,4788472
1,0,4806468
2,0,4824468
3,0,4842468
1,0,4860472
2,0,4878472
3,0,4896472
1,0,4914468
2,0,4932472
3,0,4950472
1,0,4968468
2,0,4986468
3,0,5004472
1,0,5022472
2,0,5040472
3,0,5058468
1,0,5076472
2,0,5094468
3,0,5112468
1,0,5130468
2,0,5148468
3,0,5166476
1,0,5184472
2,0,5202468
3,0,5220468
1,0,5238468
2,0,5256472
3,0,5274472
1,0,5292468
2,0,5310476
3,0,5328472
1,0,5346468
2,0,5364468
3,0,5382472
1,0,5400468
2,0,5418468
3,0,5436468
1,0,5454472
2,0,5472468
3,0,5490468
1,0,5508468
2,0,5526468
3,0,5544468
1,0,5562468
2,0,5580472
3,0,5598468
1,0,5616472
2,0,5634472
3,0,5652472
1,0,5670472
2,0,5688472
3,0,5706476
1,0,5724468
2,0,5742472
3,0,5760472
1,0,5778468
2,0,5796468
3,0,5814472
1,0,5832468
2,0,5850472
3,0,5868472
1,0,5886468
2,0,5904472
3,0,5922476
1,0,5940472
2,0,5958468
3,0,5976472
1,0,5994472
2,0,6012468
3,0,6030472
1,0,6048472
2,0,6066468
3,0,6084468
1,0,6102468
2,0,6120472
3,0,6138472
1,0,6156472
2,0,6174468
3,0,6192472
1,0,6210468
2,0,6228468
3,0,6246472
1,0,6264468
2,0,6282472
3,0,6300468
1,0,6318468
2,0,6336468
3,0,6354468
1,0,6372472
2,0,6390468
3,0,6408472
1,0,6426468
2,0,6444472
3,0,6462476
1,0,6480468
2,0,6498468
3,0,6516472
1,0,6534468
2,0,6552468
3,0,6570468
1,0,6588472
2,0,6606468
3,0,6624468
1,0,6642472
2,0,6660472
3,0,6678472
1,0,6696468
2,0,6714468
3,0,6732472
1,0,6750472
2,0,6768468
3,0,6786472
1,5761,6804472
2,5757,6822468
3,0,6840472
1,5668,6858472
2,5661,6876468
3,4716,6894472
1,5630,6912472
2,5517,6930472
3,4980,6948468
1,5561,6966468
2,5284,6984468
3,5323,7002468
1,5204,7020468
2,4987,7038472
3,5428,7056472
1,4889,7074472
2,4640,7092468
3,5559,7110468
1,4522,7128468
2,4227,7146468
3,0,7164472
1,0,7182468
2,3731,7200472
3,0,7218476
1,0,7236472
2,0,7254472
3,0,7272472
