# fw=05,slot_ms=18,timeout_us=12500
1,0,476
2,0,18468
3,0,36472
1,0,54472
2,0,72468
3,0,90476
1,0,108468
2,0,126468
3,0,144472
1,0,162468
2,0,180468
3,0,198472
1,0,216472
2,0,234468
3,0,252468
1,0,270468
2,0,288472
3,0,306476
1,0,324472
2,0,342468
3,0,360472
1,0,378472
2,0,396468
3,0,414472
1,0,432472
2,0,450468
3,0,468468
1,0,486468
2,0,504472
3,0,522468
1,0,540468
2,0,558468
3,0,576472
1,0,594472
2,0,612468
3,0,630472
1,9710,648472
2,0,666468
3,0,684468
1,0,702476
2,0,720472
3,0,738468
1,0,756468
2,0,774468
3,0,792472
1,0,810472
2,0,828468
3,0,846472
1,0,864468
2,0,882472
3,0,900472
1,0,918472
2,0,936472
3,0,954472
1,0,972472
2,0,990472
3,0,1008468
1,0,1026468
2,0,1044468
3,0,1062468
1,0,1080472
2,0,1098468
3,0,1116468
1,0,1134472
2,0,1152472
3,0,1170472
1,0,1188468
2,0,1206472
3,0,1224472
1,0,1242468
2,0,1260472
3,0,1278472
1,0,1296468
2,0,1314468
3,0,1332468
1,0,1350472
2,0,1368472
3,0,1386472
1,0,1404468
2,0,1422472
3,0,1440472
1,0,1458468
2,0,1476472
3,0,1494472
1,0,1512468
2,0,1530472
3,0,1548472
1,0,1566468
2,0,1584472
3,0,1602476
1,0,1620472
2,0,1638472
3,0,1656472
1,0,1674472
2,0,1692468
3,0,1710472
1,0,1728468
2,0,1746472
3,0,1764468
1,0,1782472
2,0,1800472
3,0,1818468
1,0,1836468
2,0,1854480
3,0,1872472
1,0,1890468
2,0,1908472
3,0,1926476
1,0,1944468
2,0,1962468
3,0,1980472
1,0,1998468
2,0,2016472
3,0,2034472
1,0,2052468
2,0,2070472
3,0,2088468
1,0,2106472
2,0,2124468
3,0,2142472
1,0,2160468
2,0,2178472
3,0,2196476
1,9353,2214472
2,0,2232468
3,0,2250472
1,0,2268468
2,0,2286472
3,0,2304472
1,0,2322468
2,0,2340468
3,0,2358472
1,0,2376468
2,0,2394472
3,0,2412472
1,0,2430472
2,0,2448468
3,0,2466468
1,0,2484468
2,0,2502472
3,0,2520468
1,0,2538472
2,0,2556472
3,0,2574468
1,0,2592472
2,0,2610468
3,0,2628468
1,0,2646468
2,0,2664472
3,0,2682472
1,0,2700468
2,0,2718472
3,0,2736472
1,0,2754468
2,0,2772468
3,0,2790472
1,0,2808468
2,0,2826468
3,0,2844472
1,0,2862468
2,0,2880472
3,0,2898476
1,0,2916472
2,0,2934472
3,0,2952468
1,0,2970472
2,0,2988472
3,0,3006480
1,0,3024472
2,0,3042468
3,0,3060468
1,0,3078468
2,0,3096468
3,0,3114476
1,0,3132472
2,0,3150468
3,0,3168472
1,0,3186468
2,0,3204468
3,0,3222472
1,0,3240468
2,0,3258468
3,0,3276472
1,0,3294468
2,0,3312468
3,0,3330468
1,0,3348472
2,0,3366468
3,0,3384468
1,0,3402472
2,0,3420472
3,0,3438472
1,0,3456468
2,0,3474468
3,0,3492472
1,0,3510468
2,0,3528472
3,0,3546472
1,0,3564468
2,0,3582468
3,0,3600472
1,0,3618472
2,0,3636472
3,0,3654468
1,0,3672472
2,0,3690472
3,0,3708472
1,0,3726472
2,0,3744468
3,0,3762472
1,0,3780468
2,6226,3798468
3,0,3816476
1,0,3834472
2,6561,3852468
3,0,3870472
1,0,3888468
2,6581,3906468
3,0,3924468
1,6561,3942468
2,6640,3960472
3,0,3978472
1,6365,3996468
2,6547,4014472
3,6050,4032468
1,0,4050468
2,6325,4068472
3,6031,4086468
1,5623,4104472
2,6025,4122468
3,5895,4140476
1,5052,4158480
2,5683,4176468
3,0,4194468
1,4335,4212472
2,5210,4230468
3,0,4248472
1,3498,4266468
2,0,4284472
3,0,4302472
1,2620,4320472
2,0,4338472
3,0,4356472
1,1748,4374472
2,0,4392468
3,0,4410472
1,3565,4428468
2,0,4446468
3,0,4464472
1,0,4482472
2,0,4500472
3,0,4518468
1,0,4536472
2,0,4554468
3,0,4572472
1,0,4590468
2,0,4608468
3,0,4626468
1,0,4644472
2,0,4662468
3,0,4680472
1,0,4698468
2,0,4716468
3,0,4734468
1,0,4752468
2,0,4770472
3,0,4788468
1,0,4806472
2,0,4824472
3,0,4842472
1,0,4860472
2,0,4878468
3,0,4896468
1,0,4914472
2,0,4932468
3,0,4950468
1,0,4968472
2,0,4986468
3,0,5004472
1,0,5022468
2,0,5040472
3,0,5058472
1,0,5076468
2,0,5094468
3,0,5112468
1,0,5130468
2,0,5148472
3,0,5166468
1,0,5184472
2,0,5202472
3,0,5220472
1,0,5238472
2,0,5256468
3,0,5274472
1,0,5292468
2,0,5310476
3,0,5328472
1,0,5346468
2,0,5364468
3,0,5382472
1,0,5400468
2,0,5418468
3,0,5436472
1,0,5454468
2,0,5472472
3,0,5490472
1,0,5508468
2,0,5526472
3,0,5544472
1,0,5562468
2,0,5580468
3,0,5598476
1,0,5616472
2,0,5634472
3,0,5652472
1,0,5670472
2,0,5688468
3,0,5706468
1,0,5724472
2,0,5742468
3,0,5760476
1,0,5778472
2,0,5796468
3,0,5814468
1,0,5832468
2,0,5850472
3,0,5868472
1,0,5886468
2,0,5904468
3,0,5922468
1,0,5940472
2,0,5958468
3,0,5976468
1,0,5994472
2,0,6012472
3,0,6030468
1,0,6048468
2,0,6066472
3,0,6084472
1,0,6102472
2,0,6120468
3,0,6138472
1,0,6156468
2,0,6174472
3,0,6192468
1,0,6210468
2,0,6228468
3,0,6246468
1,0,6264472
2,0,6282468
3,0,6300472
1,0,6318468
2,0,6336472
3,0,6354472
1,0,6372468
2,0,6390472
3,0,6408468
1,0,6426472
2,0,6444472
3,0,6462480
1,0,6480468
2,0,6498472
3,0,6516476
1,0,6534468
2,0,6552472
3,0,6570472
1,0,6588468
2,0,6606472
3,0,6624472
1,0,6642468
2,0,6660468
3,0,6678472
1,0,6696472
2,0,6714468
3,0,6732468
1,0,6750472
2,0,6768468
3,0,6786468
1,0,6804472
2,0,6822468
3,0,6840468
1,0,6858472
2,0,6876468
3,0,6894472
1,0,6912468
2,0,6930472
3,0,6948472
1,0,6966472
2,0,6984468
3,0,7002468
1,0,7020468
2,0,7038468
3,0,7056472
1,0,7074468
2,0,7092472
3,0,7110468
1,0,7128472
2,0,7146468
3,0,7164468
1,0,7182472
2,0,7200468
3,0,7218472
1,0,7236468
2,0,7254468
3,0,7272468
1,0,7290472
2,0,7308468
3,0,7326472
1,0,7344468
2,0,7362472
3,0,7380472
1,0,7398468
2,0,7416472
3,0,7434468
1,0,7452472
2,0,7470472
3,0,7488468
1,0,7506472
2,0,7524468
3,0,7542472
1,0,7560468
2,0,7578472
3,0,7596472
1,0,7614476
2,0,7632468
3,0,7650472
1,0,7668472
2,0,7686468
3,0,7704468
1,0,7722472
2,0,7740468
3,0,7758472
1,0,7776472
2,0,7794468
3,0,7812468
1,0,7830468
2,0,7848468
3,0,7866472
1,0,7884468
2,4890,7902472
3,0,7920472
1,4352,7938468
2,5066,7956472
3,5831,7974472
1,4828,7992472
2,5149,8010468
3,5804,8028472
1,5245,8046472
2,5264,8064468
3,5779,8082472
1,5559,8100468
2,5280,8118468
3,5574,8136472
1,5759,8154472
2,5146,8172472
3,5268,8190476
1,5842,8208468
2,4975,8226468
3,0,8244468
1,5944,8262472
2,4682,8280468
3,0,8298472
1,0,8316472
2,4446,8334468
3,0,8352468
