# fw=05,slot_ms=18,timeout_us=12500
1,0,476
2,0,18468
3,0,36472
1,0,54468
2,0,72468
3,0,90476
1,0,108468
2,0,126468
3,0,144468
1,0,162468
2,0,180472
3,0,198476
1,0,216472
2,0,234472
3,0,252472
1,0,270472
2,0,288468
3,0,306472
1,0,324472
2,0,342472
3,0,360476
1,0,378472
2,0,396472
3,0,414476
1,0,432472
2,0,450468
3,0,468472
1,0,486472
2,0,504468
3,0,522472
1,0,540472
2,0,558472
3,0,576468
1,0,594472
2,0,612472
3,0,630468
1,0,648468
2,0,666472
3,0,684472
1,0,702480
2,0,720468
3,0,738472
1,0,756472
2,0,774468
3,0,792472
1,0,810472
2,0,828468
3,0,846472
1,0,864468
2,0,882472
3,0,900472
1,0,918472
2,0,936468
3,0,954472
1,0,972472
2,0,990468
3,0,1008472
1,0,1026468
2,0,1044468
3,0,1062468
1,0,1080472
2,0,1098472
3,0,1116468
1,0,1134472
2,0,1152472
3,0,1170472
1,0,1188468
2,0,1206468
3,0,1224472
1,0,1242468
2,0,1260468
3,0,1278476
1,0,1296472
2,0,1314472
3,0,1332468
1,0,1350472
2,0,1368468
3,0,1386468
1,0,1404472
2,0,1422468
3,0,1440468
1,0,1458472
2,0,1476472
3,0,1494472
1,0,1512468
2,0,1530472
3,0,1548472
1,0,1566468
2,0,1584472
3,0,1602476
1,0,1620472
2,0,1638472
3,0,1656472
1,0,1674472
2,0,1692472
3,0,1710468
1,0,1728472
2,0,1746472
3,0,1764472
1,0,1782468
2,0,1800472
3,0,1818472
1,0,1836472
2,0,1854476
3,0,1872468
1,0,1890472
2,0,1908468
3,0,1926472
1,0,1944468
2,0,1962472
3,0,1980468
1,0,1998472
2,0,2016468
3,0,2034468
1,0,2052468
2,0,2070468
3,0,2088472
1,0,2106468
2,0,2124468
3,0,2142472
1,0,2160468
2,0,2178468
3,0,2196468
1,0,2214472
2,0,2232468
3,0,2250468
1,0,2268472
2,0,2286468
3,0,2304472
1,0,2322472
2,0,2340472
3,0,2358472
1,0,2376468
2,0,2394472
3,0,2412472
1,0,2430468
2,0,2448472
3,0,2466476
1,0,2484468
2,0,2502472
3,0,2520468
1,0,2538472
2,6788,2556472
3,0,2574472
1,0,2592472
2,0,2610472
3,7203,2628476
1,0,2646468
2,6608,2664468
3,6906,2682472
1,0,2700472
2,0,2718468
3,0,2736468
1,0,2754472
2,0,2772472
3,6765,2790476
1,0,2808472
2,5522,2826468
3,6437,2844468
1,4974,2862472
2,4860,2880468
3,6224,2898468
1,0,2916472
2,0,2934472
3,0,2952476
1,0,2970472
2,0,2988472
3,0,3006480
1,0,3024468
2,0,3042472
3,0,3060472
1,0,3078472
2,0,3096472
3,0,3114472
1,0,3132468
2,0,3150472
3,0,3168472
1,0,3186472
2,0,3204472
3,0,3222472
1,0,3240468
2,0,3258472
3,0,3276472
1,0,3294468
2,0,3312468
3,0,3330476
1,0,3348468
2,0,3366472
3,0,3384472
1,0,3402468
2,0,3420468
3,0,3438472
1,0,3456472
2,0,3474468
3,0,3492468
1,0,3510472
2,0,3528468
3,0,3546472
1,0,3564468
2,0,3582472
3,0,3600472
1,0,3618468
2,0,3636468
3,0,3654472
1,0,3672468
2,0,3690472
3,0,3708468
1,0,3726468
2,0,3744468
3,0,3762472
1,0,3780468
2,0,3798468
3,0,3816472
1,0,3834468
2,0,3852472
3,0,3870472
1,0,3888472
2,0,3906468
3,0,3924472
1,0,3942472
2,0,3960472
3,0,3978468
1,0,3996472
2,0,4014472
3,0,4032472
1,0,4050468
2,0,4068472
3,0,4086468
1,0,4104468
2,0,4122468
3,0,4140468
1,0,4158480
2,0,4176468
3,0,4194468
1,0,4212472
2,0,4230468
3,0,4248468
1,0,4266468
2,0,4284468
3,0,4302472
1,0,4320468
2,0,4338468
3,0,4356468
1,0,4374472
2,0,4392472
3,0,4410476
1,0,4428472
2,0,4446468
3,0,4464472
1,0,4482468
2,0,4500468
3,0,4518472
1,0,4536468
2,0,4554472
3,0,4572476
1,0,4590472
2,0,4608472
3,0,4626472
1,0,4644468
2,0,4662472
3,0,4680472
1,0,4698472
2,0,4716472
3,0,4734472
1,0,4752472
2,0,4770468
3,0,4788472
1,0,4806468
2,0,4824468
3,0,4842468
1,0,4860472
2,0,4878472
3,0,4896472
1,0,4914468
2,0,4932472
3,0,4950468
1,0,4968476
2,0,4986468
3,0,5004472
1,0,5022468
2,0,5040472
3,0,5058476
1,0,5076468
2,0,5094468
3,0,5112468
1,0,5130468
2,0,5148468
3,0,5166476
1,0,5184472
2,0,5202468
3,0,5220472
1,0,5238468
2,0,5256472
3,0,5274472
1,0,5292472
2,0,5310480
3,0,5328468
1,0,5346472
2,0,5364468
3,0,5382468
1,0,5400472
2,0,5418472
3,0,5436476
1,0,5454472
2,0,5472468
3,0,5490468
1,0,5508468
2,0,5526468
3,0,5544468
1,0,5562468
2,0,5580472
3,0,5598468
1,0,5616472
2,0,5634472
3,0,5652476
1,0,5670472
2,0,5688468
3,0,5706468
1,0,5724472
2,0,5742468
3,0,5760472
1,0,5778468
2,0,5796472
3,0,5814472
1,0,5832468
2,0,5850472
3,0,5868476
1,0,5886472
2,0,5904468
3,0,5922468
1,0,5940468
2,0,5958468
3,0,5976476
1,0,5994472
2,0,6012472
3,0,6030476
1,0,6048472
2,0,6066468
3,0,6084472
1,0,6102468
2,0,6120472
3,0,6138468
1,0,6156468
2,0,6174472
3,0,6192472
1,0,6210472
2,0,6228472
3,0,6246476
1,0,6264472
2,0,6282468
3,0,6300468
1,0,6318468
2,0,6336472
3,0,6354468
1,0,6372472
2,0,6390468
3,0,6408472
1,0,6426468
2,0,6444472
3,0,6462476
1,0,6480472
2,0,6498468
3,0,6516472
1,0,6534468
2,0,6552468
3,0,6570468
1,0,6588472
2,0,6606468
3,0,6624468
1,0,6642472
2,0,6660472
3,0,6678472
1,0,6696472
2,0,6714468
3,0,6732472
1,0,6750468
2,0,6768472
3,0,6786468
1,0,6804472
2,0,6822468
3,0,6840468
1,0,6858472
2,0,6876468
3,0,6894472
1,0,6912468
2,0,6930468
3,0,6948472
1,0,6966468
2,0,6984468
3,0,7002472
1,0,7020472
2,0,7038472
3,0,7056468
1,0,7074472
2,0,7092468
3,0,7110472
1,0,7128468
2,0,7146472
3,0,7164472
1,0,7182468
2,0,7200468
3,7123,7218472
1,0,7236468
2,0,7254468
3,6975,7272468
1,0,7290468
2,5426,7308472
3,6677,7326472
1,0,7344468
2,5325,7362472
3,6454,7380472
1,0,7398468
2,5096,7416468
3,6104,7434468
1,6106,7452468
2,4786,7470472
3,0,7488472
1,0,7506472
2,4373,7524468
3,0,7542468
1,0,7560472
2,3925,7578472
3,0,7596468
1,0,7614476
2,3461,7632472
3,0,7650468
1,0,7668468
2,0,7686472
3,0,7704472
1,0,7722472
2,0,7740468
3,0,7758468
1,0,7776468
2,0,7794472
3,0,7812472
1,0,7830468
2,0,7848468
3,0,7866472
1,0,7884472
2,0,7902468
3,0,7920472
1,0,7938468
2,0,7956472
3,0,7974476
1,0,7992468
2,0,8010472
3,0,8028476
1,0,8046472
2,0,8064468
3,0,8082472
1,0,8100468
2,0,8118472
3,0,8136476
1,0,8154468
2,0,8172472
3,0,8190472
1,0,8208472
2,0,8226472
3,0,8244468
1,0,8262472
2,0,8280468
3,0,8298472
1,0,8316472
2,0,8334472
3,0,8352472
1,0,8370468
2,0,8388472
3,0,8406472
1,0,8424476
2,0,8442468
3,0,8460472
1,0,8478468
2,0,8496472
3,0,8514476
1,0,8532472
2,0,8550468
3,0,8568468
1,0,8586472
2,0,8604468
3,0,8622476
1,0,8640472
2,0,8658468
3,0,8676472
1,0,8694472
2,0,8712472
3,0,8730468
1,0,8748472
2,0,8766476
3,0,8784472
1,0,8802468
2,0,8820468
3,0,8838472
1,0,8856468
2,0,8874468
3,0,8892472
1,0,8910468
2,0,8928472
3,0,8946468
1,0,8964472
2,0,8982472
3,0,9000472
1,0,9018472
2,0,9036472
3,0,9054468
1,0,9072472
2,0,9090468
3,0,9108468
1,0,9126468
2,0,9144472
3,0,9162476
1,0,9180472
2,0,9198468
3,0,9216468
1,0,9234472
2,0,9252468
3,0,9270472
1,0,9288468
2,0,9306472
3,0,9324476
1,0,9342472
2,0,9360468
3,0,9378472
1,0,9396468
2,0,9414472
3,0,9432472
1,0,9450472
2,0,9468468
3,0,9486472
1,0,9504472
2,0,9522468
3,0,9540468
1,0,9558468
2,0,9576472
3,0,9594468
1,0,9612472
2,0,9630468
3,0,9648472
1,0,9666468
2,0,9684468
3,0,9702472
1,0,9720472
2,0,9738468
3,0,9756472
1,0,9774472
2,0,9792468
3,0,9810468
1,0,9828468
2,0,9846472
3,0,9864472
1,0,9882472
2,0,9900472
3,0,9918480
1,0,9936472
2,0,9954468
3,0,9972472
1,0,9990472
2,0,10008468
3,0,10026472
1,0,10044472
2,0,10062468
3,0,10080476
1,0,10098468
2,0,10116468
3,0,10134468
1,0,10152472
2,0,10170472
3,0,10188472
1,0,10206468
2,0,10224472
3,0,10242468
1,0,10260468
2,0,10278468
3,0,10296468
1,0,10314468
2,0,10332468
3,0,10350468
1,0,10368472
2,0,10386472
3,0,10404472
1,0,10422468
2,0,10440468
3,0,10458468
1,0,10476468
2,0,10494468
3,0,10512476
1,0,10530468
2,0,10548468
3,0,10566472
1,0,10584472
2,0,10602472
3,0,10620476
1,0,10638468
2,0,10656468
3,0,10674468
1,0,10692468
2,0,10710472
3,0,10728472
1,0,10746468
2,0,10764468
3,0,10782476
1,0,10800468
2,0,10818472
3,0,10836472
1,0,10854468
2,0,10872468
3,0,10890468
1,0,10908468
2,0,10926472
3,0,10944472
1,0,10962468
2,0,10980468
3,0,10998468
1,0,11016472
2,0,11034472
3,0,11052468
1,0,11070480
2,0,11088472
3,0,11106472
1,0,11124472
2,0,11142468
3,0,11160472
1,0,11178468
2,0,11196472
3,0,11214472
1,0,11232472
2,0,11250472
3,0,11268468
1,0,11286468
2,0,11304472
3,0,11322472
1,0,11340468
2,0,11358468
3,0,11376468
1,0,11394468
2,0,11412468
3,0,11430472
1,0,11448472
2,0,11466472
3,0,11484476
1,0,11502468
2,0,11520472
3,0,11538472
1,0,11556468
2,0,11574468
3,0,11592472
1,0,11610472
2,0,11628472
3,0,11646468
1,7028,11664472
2,5884,11682468
3,6104,11700472
1,0,11718468
2,5730,11736472
3,6250,11754476
1,0,11772468
2,5492,11790468
3,6113,11808468
1,5908,11826472
2,5004,11844468
3,0,11862472
1,5364,11880468
2,4413,11898468
3,0,11916472
1,4591,11934472
2,3873,11952468
3,0,11970468
1,0,11988468
2,3289,12006472
3,0,12024472
1,0,12042472
2,0,12060472
3,0,12078468
1,0,12096472
2,0,12114472
3,0,12132476
1,0,12150468
2,0,12168472
3,0,12186472
1,0,12204472
2,0,12222480
3,0,12240472
1,0,12258468
2,0,12276468
3,0,12294472
1,0,12312472
2,0,12330468
3,0,12348468
1,0,12366472
2,0,12384468
3,0,12402476
1,0,12420468
2,0,12438468
3,0,12456472
1,0,12474468
2,0,12492468
3,0,12510472
1,0,12528472
2,0,12546472
3,0,12564472
1,0,12582468
2,0,12600468
3,0,12618468
1,0,12636472
2,0,12654472
3,0,12672468
1,0,12690472
2,0,12708468
3,0,12726468
1,0,12744472
2,0,12762472
3,0,12780472
1,0,12798468
2,0,12816472
3,0,12834472
1,0,12852472
2,0,12870472
3,0,12888476
1,0,12906468
2,0,12924472
3,0,12942472
1,0,12960468
2,0,12978468
3,0,12996476
1,0,13014468
2,0,13032476
3,0,13050468
1,0,13068472
2,0,13086472
3,0,13104468
1,0,13122472
2,0,13140472
3,0,13158472
1,0,13176472
2,0,13194468
3,0,13212472
1,0,13230468
2,0,13248472
3,0,13266468
1,0,13284472
2,0,13302472
3,0,13320472
1,0,13338472
2,0,13356468
3,0,13374484
1,0,13392468
2,0,13410468
3,0,13428468
1,0,13446472
2,0,13464472
3,0,13482472
1,0,13500468
2,0,13518468
3,0,13536468
1,0,13554468
2,0,13572468
3,0,13590476
1,0,13608468
2,0,13626468
3,0,13644468
1,0,13662468
2,0,13680468
3,0,13698472
1,0,13716468
2,0,13734468
3,0,13752468
1,0,13770472
2,0,13788472
3,0,13806472
1,0,13824468
2,0,13842468
3,0,13860468
1,0,13878472
2,0,13896472
3,0,13914472
1,0,13932468
2,0,13950472
3,0,13968472
1,0,13986472
2,0,14004468
3,0,14022468
1,0,14040472
2,0,14058472
3,0,14076476
1,0,14094472
2,0,14112472
3,0,14130472
1,0,14148472
2,0,14166472
3,0,14184472
1,0,14202472
2,0,14220468
3,0,14238468
1,0,14256472
2,0,14274472
3,0,14292468
1,0,14310472
2,0,14328468
3,0,14346468
1,0,14364468
2,0,14382468
3,0,14400472
1,0,14418468
2,0,14436468
3,0,14454476
1,0,14472472
2,0,14490472
3,0,14508476
1,0,14526476
2,0,14544472
3,0,14562472
1,0,14580472
2,0,14598468
3,0,14616472
1,0,14634472
2,0,14652468
3,0,14670468
1,0,14688472
2,0,14706472
3,0,14724468
1,0,14742472
2,0,14760468
3,0,14778468
1,0,14796472
2,0,14814472
3,0,14832472
1,0,14850468
2,0,14868468
3,0,14886468
1,0,14904472
2,0,14922472
3,0,14940472
1,0,14958468
2,0,14976468
3,0,14994476
1,0,15012468
2,0,15030472
3,0,15048472
1,0,15066468
2,0,15084468
3,0,15102476
1,0,15120472
2,0,15138472
3,0,15156476
1,0,15174468
2,0,15192468
3,0,15210468
1,0,15228472
2,0,15246472
3,0,15264472
1,0,15282472
2,0,15300472
3,0,15318472
1,0,15336468
2,0,15354472
3,0,15372472
1,0,15390468
2,0,15408472
3,0,15426468
1,0,15444468
2,0,15462472
3,0,15480468
1,0,15498472
2,0,15516472
3,0,15534472
1,0,15552468
2,0,15570472
3,0,15588472
1,0,15606468
2,0,15624468
3,0,15642468
1,0,15660472
2,0,15678476
3,0,15696468
1,0,15714472
2,0,15732472
3,0,15750476
1,0,15768472
2,0,15786468
3,0,15804468
1,0,15822472
2,0,15840472
3,0,15858472
1,0,15876468
2,0,15894468
3,0,15912472
1,0,15930468
2,0,15948468
3,0,15966472
1,0,15984472
2,0,16002472
3,0,16020468
1,0,16038472
2,0,16056472
3,0,16074468
1,0,16092468
2,0,16110468
3,0,16128476
1,0,16146468
2,0,16164468
3,0,16182468
1,0,16200468
2,0,16218468
3,0,16236472
1,0,16254472
2,0,16272472
3,0,16290472
1,0,16308468
2,0,16326468
3,0,16344472
1,0,16362468
2,0,16380472
3,0,16398468
1,0,16416468
2,0,16434468
3,0,16452468
1,0,16470468
2,0,16488468
3,0,16506476
1,0,16524468
2,0,16542468
3,0,16560468
1,0,16578472
2,0,16596468
3,0,16614468
1,0,16632472
2,0,16650472
3,0,16668468
1,0,16686472
2,0,16704472
3,0,16722472
1,0,16740472
2,0,16758472
3,0,16776472
1,0,16794472
2,0,16812468
3,0,16830484
1,0,16848468
2,0,16866468
3,0,16884468
1,0,16902468
2,0,16920472
3,0,16938468
1,0,16956472
2,0,16974472
3,0,16992472
1,0,17010468
2,0,17028472
3,0,17046472
1,0,17064468
2,0,17082468
3,0,17100468
1,0,17118472
2,0,17136472
3,6931,17154472
1,0,17172472
2,5443,17190472
3,6451,17208468
1,0,17226468
2,5349,17244468
3,6425,17262468
1,5822,17280468
2,5275,17298468
3,5820,17316468
1,5854,17334472
2,5034,17352472
3,0,17370468
1,5799,17388472
2,4732,17406468
3,0,17424468
1,5848,17442472
2,4377,17460468
3,0,17478468
1,0,17496468
2,4067,17514468
3,0,17532476
1,0,17550468
2,0,17568468
3,0,17586468
1,0,17604472
2,0,17622468
3,0,17640476
1,0,17658472
2,0,17676472
3,0,17694472
1,0,17712468
2,0,17730472
3,0,17748476
1,0,17766472
2,0,17784472
3,0,17802472
1,0,17820472
2,0,17838472
3,0,17856472
1,0,17874468
2,0,17892468
3,0,17910468
1,0,17928468
2,0,17946468
3,0,17964472
1,0,17982476
2,0,18000468
3,0,18018472
1,0,18036472
2,0,18054468
3,0,18072472
1,0,18090472
2,0,18108468
3,0,18126476
1,0,18144468
2,0,18162468
3,0,18180476
1,0,18198468
2,0,18216472
3,0,18234468
1,0,18252472
2,0,18270472
3,0,18288472
1,0,18306472
2,0,18324472
3,0,18342472
1,0,18360468
2,0,18378468
3,0,18396468
1,0,18414472
2,0,18432472
3,0,18450472
1,0,18468472
2,0,18486472
3,0,18504472
1,0,18522472
2,0,18540468
3,0,18558472
1,0,18576468
2,0,18594468
3,0,18612468
1,0,18630472
2,0,18648468
3,0,18666468
1,0,18684472
2,0,18702472
3,0,18720472
1,0,18738472
2,0,18756472
3,0,18774472
1,0,18792468
2,0,18810468
3,0,18828468
1,0,18846472
2,0,18864468
3,0,18882476
1,0,18900468
2,0,18918468
3,0,18936468
1,0,18954472
2,0,18972472
3,0,18990468
1,0,19008472
2,0,19026468
3,0,19044472
1,0,19062468
2,0,19080468
3,0,19098468
1,0,19116472
2,0,19134480
3,0,19152468
1,0,19170472
2,0,19188472
3,0,19206468
1,0,19224472
2,0,19242468
3,0,19260468
1,0,19278472
2,0,19296472
3,0,19314476
1,0,19332468
2,0,19350472
3,0,19368468
1,0,19386468
2,0,19404472
3,0,19422472
1,0,19440468
2,0,19458468
3,0,19476468
1,0,19494472
2,0,19512472
3,0,19530472
1,0,19548472
2,0,19566468
3,0,19584472
1,0,19602468
2,0,19620468
3,0,19638468
1,0,19656472
2,0,19674468
3,0,19692468
1,0,19710468
2,0,19728472
3,0,19746468
1,0,19764472
2,0,19782472
3,0,19800468
1,0,19818472
2,0,19836468
3,0,19854472
1,0,19872468
2,0,19890468
3,0,19908472
1,0,19926472
2,0,19944468
3,0,19962468
1,0,19980472
2,0,19998468
3,0,20016468
1,0,20034468
2,0,20052468
3,0,20070468
1,0,20088468
2,0,20106468
3,0,20124468
1,0,20142472
2,0,20160468
3,0,20178472
1,0,20196472
2,0,20214472
3,0,20232472
1,0,20250468
2,0,20268468
3,0,20286476
1,0,20304472
2,0,20322468
3,0,20340476
1,0,20358468
2,0,20376468
3,0,20394472
1,0,20412472
2,0,20430472
3,0,20448468
1,0,20466472
2,0,20484472
3,0,20502468
1,0,20520472
2,0,20538468
3,0,20556472
1,0,20574468
2,0,20592468
3,0,20610472
1,0,20628468
2,0,20646468
3,0,20664476
1,0,20682468
2,0,20700468
3,0,20718468
1,0,20736472
2,0,20754472
3,0,20772472
1,0,20790468
2,0,20808468
3,0,20826468
1,0,20844472
2,0,20862468
3,0,20880468
1,0,20898472
2,0,20916472
3,0,20934472
1,0,20952468
2,0,20970468
3,0,20988472
1,0,21006472
2,0,21024472
3,0,21042472
1,0,21060472
2,0,21078468
3,0,21096468
1,0,21114468
2,0,21132472
3,0,21150472
1,0,21168468
2,0,21186468
3,0,21204472
1,0,21222468
2,0,21240468
3,0,21258468
1,0,21276468
2,0,21294472
3,0,21312472
1,0,21330472
2,0,21348472
3,0,21366472
1,0,21384472
2,0,21402472
3,3763,21420476
1,5464,21438476
2,0,21456468
3,4066,21474468
1,5218,21492472
2,5118,21510472
3,4341,21528468
1,4869,21546468
2,4828,21564468
3,4509,21582472
1,4432,21600468
2,4553,21618472
3,4650,21636472
1,3898,21654472
2,4212,21672468
3,4688,21690472
1,3307,21708472
2,4139,21726468
3,0,21744468
1,2789,21762468
2,0,21780468
3,0,21798476
1,0,21816472
2,0,21834472
3,0,21852472
