# fw=05,slot_ms=18,timeout_us=12500
1,0,476
2,0,18468
3,0,36472
1,0,54472
2,0,72468
3,0,90476
1,0,108468
2,0,126468
3,0,144472
1,0,162468
2,0,180472
3,0,198468
1,0,216472
2,0,234468
3,0,252476
1,0,270468
2,0,288472
3,0,306472
1,0,324472
2,0,342472
3,0,360468
1,0,378468
2,0,396472
3,0,414468
1,0,432468
2,0,450472
3,0,468472
1,0,486472
2,0,504468
3,0,522472
1,0,540472
2,0,558472
3,0,576472
1,0,594472
2,0,612468
3,0,630472
1,0,648472
2,0,666468
3,0,684468
1,0,702476
2,0,720472
3,0,738468
1,0,756468
2,0,774472
3,0,792468
1,0,810468
2,0,828468
3,0,846468
1,0,864472
2,0,882468
3,0,900468
1,0,918468
2,0,936468
3,0,954476
1,0,972468
2,0,990472
3,0,1008468
1,0,1026472
2,0,1044472
3,0,1062472
1,0,1080468
2,0,1098468
3,0,1116468
1,0,1134472
2,0,1152472
3,0,1170472
1,0,1188468
2,0,1206472
3,0,1224472
1,0,1242468
2,0,1260472
3,0,1278468
1,0,1296468
2,0,1314468
3,0,1332468
1,0,1350472
2,0,1368468
3,0,1386468
1,0,1404472
2,0,1422468
3,0,1440468
1,0,1458472
2,0,1476472
3,0,1494472
1,0,1512468
2,0,1530472
3,0,1548472
1,0,1566468
2,0,1584472
3,0,1602472
1,0,1620468
2,0,1638472
3,0,1656472
1,0,1674472
2,0,1692472
3,0,1710468
1,0,1728472
2,0,1746472
3,0,1764472
1,0,1782468
2,0,1800468
3,0,1818472
1,0,1836472
2,0,1854476
3,0,1872468
1,0,1890472
2,0,1908468
3,0,1926468
1,0,1944472
2,0,1962472
3,0,1980472
1,0,1998472
2,0,2016472
3,0,2034472
1,0,2052472
2,0,2070472
3,0,2088468
1,0,2106472
2,0,2124472
3,0,2142468
1,0,2160472
2,0,2178472
3,0,2196472
1,0,2214468
2,0,2232472
3,0,2250472
1,0,2268468
2,0,2286472
3,0,2304468
1,0,2322472
2,0,2340468
3,0,2358468
1,0,2376472
2,0,2394468
3,0,2412472
1,0,2430468
2,0,2448472
3,0,2466472
1,0,2484468
2,0,2502468
3,0,2520476
1,0,2538472
2,0,2556472
3,0,2574472
1,0,2592468
2,0,2610472
3,0,2628472
1,0,2646468
2,0,2664468
3,0,2682476
1,0,2700472
2,0,2718472
3,0,2736476
1,0,2754472
2,0,2772468
3,0,2790472
1,0,2808468
2,0,2826472
3,0,2844472
1,2634,2862468
2,0,2880468
3,0,2898472
1,2930,2916472
2,0,2934472
3,0,2952472
1,3333,2970468
2,4488,2988468
3,0,3006476
1,3634,3024468
2,3918,3042468
3,4170,3060476
1,3943,3078472
2,3364,3096472
3,0,3114468
1,4271,3132472
2,2793,3150472
3,0,3168468
1,0,3186468
2,2211,3204472
3,0,3222472
1,0,3240468
2,0,3258468
3,0,3276472
1,0,3294468
2,0,3312472
3,0,3330468
1,0,3348472
2,0,3366468
3,0,3384468
1,0,3402472
2,0,3420472
3,0,3438472
1,0,3456472
2,0,3474472
3,0,3492472
1,0,3510468
2,0,3528468
3,0,3546472
1,0,3564468
2,0,3582468
3,0,3600472
1,0,3618468
2,0,3636468
3,0,3654472
1,0,3672472
2,0,3690468
3,0,3708472
1,0,3726468
2,0,3744472
3,0,3762472
1,0,3780472
2,0,3798468
3,0,3816472
1,0,3834472
2,0,3852468
3,0,3870468
1,0,3888468
2,0,3906472
3,0,3924468
1,0,3942468
2,0,3960468
3,0,3978468
1,9656,3996468
2,0,4014472
3,0,4032472
1,0,4050468
2,0,4068472
3,0,4086476
1,0,4104472
2,0,4122472
3,0,4140468
1,0,4158480
2,0,4176468
3,0,4194472
1,0,4212468
2,0,4230468
3,0,4248468
1,0,4266472
2,0,4284468
3,0,4302468
1,0,4320472
2,0,4338472
3,0,4356472
1,0,4374468
2,0,4392468
3,0,4410468
1,0,4428472
2,0,4446468
3,0,4464468
1,0,4482472
2,0,4500468
3,0,4518472
1,0,4536468
2,0,4554468
3,0,4572472
1,0,4590468
2,0,4608468
3,0,4626468
1,0,4644472
2,0,4662468
3,0,4680468
1,0,4698468
2,0,4716468
3,0,4734468
1,0,4752472
2,0,4770468
3,0,4788472
1,0,4806468
2,0,4824468
3,0,4842468
1,0,4860468
2,0,4878472
3,0,4896472
1,0,4914468
2,0,4932472
3,0,4950472
1,0,4968472
2,0,4986472
3,0,5004476
1,0,5022472
2,0,5040468
3,0,5058468
1,0,5076468
2,0,5094472
3,0,5112468
1,0,5130472
2,0,5148472
3,0,5166472
1,0,5184468
2,0,5202472
3,0,5220476
1,0,5238472
2,0,5256468
3,0,5274468
1,0,5292468
2,0,5310480
3,0,5328472
1,0,5346468
2,0,5364472
3,0,5382472
1,0,5400468
2,0,5418468
3,0,5436468
1,0,5454468
2,0,5472472
3,0,5490472
1,0,5508468
2,0,5526472
3,0,5544472
1,0,5562468
2,0,5580472
3,0,5598468
1,0,5616472
2,0,5634472
3,0,5652472
1,0,5670472
2,0,5688468
3,0,5706468
1,0,5724472
2,0,5742468
3,0,5760476
1,0,5778472
2,0,5796472
3,0,5814468
1,0,5832472
2,0,5850468
3,0,5868472
1,0,5886468
2,0,5904472
3,0,5922476
1,0,5940468
2,0,5958472
3,0,5976468
1,0,5994468
2,0,6012468
3,0,6030472
1,0,6048468
2,0,6066472
3,0,6084476
1,0,6102468
2,0,6120472
3,0,6138468
1,0,6156468
2,0,6174472
3,0,6192472
1,0,6210472
2,0,6228472
3,0,6246472
1,0,6264472
2,0,6282468
3,0,6300468
1,0,6318468
2,0,6336472
3,0,6354468
1,0,6372468
2,0,6390472
3,0,6408476
1,0,6426472
2,0,6444468
3,0,6462480
1,0,6480468
2,0,6498472
3,0,6516472
1,0,6534472
2,0,6552472
3,0,6570472
1,0,6588468
2,0,6606472
3,0,6624472
1,0,6642468
2,0,6660468
3,0,6678476
1,0,6696472
2,0,6714472
3,0,6732468
1,0,6750468
2,0,6768472
3,0,6786468
1,0,6804472
2,0,6822468
3,0,6840468
1,0,6858472
2,0,6876468
3,0,6894468
1,0,6912472
2,0,6930472
3,0,6948476
1,0,6966472
2,0,6984468
3,0,7002472
1,0,7020468
2,0,7038468
3,0,7056472
1,0,7074468
2,0,7092472
3,0,7110472
1,0,7128472
2,0,7146468
3,0,7164472
1,0,7182472
2,0,7200468
3,0,7218468
1,0,7236468
2,0,7254472
3,0,7272476
1,0,7290472
2,0,7308468
3,0,7326472
1,0,7344468
2,0,7362472
3,0,7380472
1,0,7398468
2,0,7416472
3,0,7434468
1,0,7452472
2,0,7470472
3,0,7488472
1,0,7506472
2,0,7524468
3,0,7542472
1,0,7560472
2,0,7578468
3,0,7596472
1,0,7614480
2,0,7632468
3,0,7650472
1,0,7668468
2,0,7686468
3,0,7704468
1,0,7722468
2,0,7740472
3,0,7758476
1,0,7776472
2,0,7794468
3,0,7812468
1,0,7830472
2,0,7848472
3,0,7866468
1,0,7884472
2,0,7902468
3,0,7920472
1,0,7938472
2,0,7956472
3,0,7974468
1,0,7992468
2,0,8010472
3,0,8028472
1,0,8046468
2,0,8064468
3,0,8082468
1,0,8100472
2,0,8118468
3,0,8136472
1,0,8154468
2,0,8172472
3,0,8190472
1,0,8208472
2,0,8226472
3,0,8244472
1,0,8262468
2,0,8280472
3,0,8298476
1,0,8316472
2,0,8334468
3,0,8352468
1,0,8370468
2,0,8388472
3,0,8406472
1,0,8424468
2,0,8442468
3,0,8460472
1,0,8478468
2,0,8496472
3,0,8514472
1,0,8532468
2,0,8550472
3,0,8568472
1,0,8586468
2,0,8604472
3,0,8622468
1,0,8640472
2,0,8658472
3,0,8676472
1,0,8694472
2,0,8712468
3,0,8730468
1,0,8748472
2,0,8766476
3,0,8784472
1,0,8802468
2,4121,8820472
3,0,8838468
1,0,8856472
2,4461,8874472
3,0,8892476
1,5927,8910472
2,4820,8928472
3,5008,8946472
1,5677,8964468
2,5059,8982468
3,5123,9000468
1,5432,9018472
2,5274,9036472
3,5053,9054472
1,5061,9072468
2,5389,9090468
3,5001,9108468
1,4628,9126468
2,5453,9144472
3,4953,9162476
1,4019,9180468
2,5470,9198468
3,0,9216468
1,3399,9234472
2,0,9252468
3,0,9270472
1,2705,9288468
2,0,9306472
3,0,9324476
