# fw=05,slot_ms=18,timeout_us=12500
1,0,476
2,0,18468
3,0,36472
1,0,54472
2,0,72468
3,0,90476
1,0,108468
2,0,126468
3,0,144472
1,0,162468
2,0,180472
3,0,198468
1,0,216472
2,0,234472
3,0,252472
1,0,270472
2,0,288468
3,0,306472
1,0,324472
2,0,342472
3,0,360476
1,0,378472
2,0,396472
3,0,414476
1,0,432468
2,0,450472
3,0,468472
1,0,486472
2,0,504468
3,0,522472
1,0,540468
2,0,558468
3,0,576472
1,0,594472
2,0,612468
3,0,630472
1,0,648472
2,0,666468
3,0,684468
1,0,702476
2,0,720472
3,0,738472
1,0,756468
2,0,774468
3,0,792468
1,0,810468
2,0,828468
3,0,846472
1,0,864468
2,0,882472
3,0,900472
1,0,918468
2,0,936472
3,0,954468
1,0,972468
2,0,990468
3,0,1008472
1,0,1026472
2,0,1044472
3,0,1062468
1,0,1080472
2,0,1098472
3,0,1116472
1,0,1134468
2,0,1152468
3,0,1170468
1,0,1188472
2,0,1206468
3,0,1224468
1,0,1242468
2,0,1260468
3,0,1278472
1,0,1296472
2,0,1314472
3,0,1332468
1,0,1350472
2,0,1368468
3,0,1386468
1,0,1404472
2,0,1422468
3,0,1440468
1,0,1458472
2,0,1476468
3,0,1494472
1,0,1512468
2,0,1530472
3,0,1548472
1,0,1566468
2,0,1584472
3,0,1602476
1,0,1620472
2,0,1638472
3,0,1656472
1,0,1674472
2,0,1692472
3,0,1710468
1,0,1728472
2,0,1746472
3,0,1764472
1,0,1782468
2,0,1800472
3,0,1818472
1,0,1836472
2,0,1854476
3,0,1872468
1,0,1890472
2,0,1908468
3,0,1926472
1,0,1944472
2,0,1962472
3,0,1980468
1,0,1998472
2,0,2016468
3,0,2034468
1,0,2052468
2,0,2070468
3,0,2088472
1,0,2106468
2,0,2124472
3,0,2142476
1,0,2160472
2,0,2178472
3,0,2196472
1,0,2214468
2,0,2232472
3,0,2250472
1,0,2268468
2,0,2286472
3,0,2304472
1,0,2322468
2,0,2340468
3,0,2358472
1,0,2376468
2,0,2394468
3,0,2412472
1,0,2430468
2,0,2448472
3,0,2466476
1,0,2484468
2,0,2502468
3,0,2520476
1,0,2538472
2,0,2556472
3,0,2574476
1,0,2592472
2,0,2610472
3,0,2628476
1,0,2646468
2,0,2664468
3,0,2682468
1,0,2700472
2,0,2718468
3,0,2736472
1,0,2754468
2,0,2772472
3,0,2790468
1,0,2808472
2,0,2826468
3,0,2844468
1,0,2862472
2,0,2880468
3,0,2898472
1,0,2916468
2,0,2934472
3,0,2952476
1,0,2970472
2,0,2988468
3,0,3006480
1,0,3024468
2,0,3042472
3,0,3060472
1,5197,3078468
2,4829,3096472
3,0,3114468
1,4956,3132468
2,4687,3150468
3,3832,3168472
1,4698,3186468
2,4645,3204472
3,4200,3222472
1,4363,3240468
2,4511,3258472
3,4513,3276472
1,4053,3294472
2,4324,3312468
3,4778,3330468
1,3558,3348472
2,4140,3366472
3,0,3384472
1,3103,3402468
2,0,3420468
3,0,3438472
1,0,3456472
2,0,3474468
3,0,3492468
