# fw=05,slot_ms=18,timeout_us=12500
1,0,476
2,0,18468
3,0,36472
1,0,54472
2,0,72468
3,0,90476
1,0,108468
2,0,126468
3,0,144472
1,0,162468
2,0,180472
3,0,198468
1,0,216472
2,0,234468
3,0,252468
1,0,270468
2,0,288472
3,0,306476
1,0,324472
2,0,342468
3,0,360468
1,0,378468
2,0,396472
3,0,414468
1,0,432468
2,0,450472
3,0,468472
1,0,486472
2,0,504468
3,0,522472
1,0,540472
2,0,558472
3,0,576468
1,0,594472
2,0,612472
3,0,630468
1,0,648468
2,0,666472
3,0,684472
1,0,702480
2,0,720468
3,0,738472
1,0,756472
2,0,774472
3,0,792476
1,0,810472
2,0,828472
3,0,846468
1,0,864468
2,0,882472
3,0,900472
1,0,918472
2,0,936468
3,0,954472
1,0,972472
2,0,990472
3,0,1008468
1,0,1026468
2,0,1044468
3,0,1062468
1,0,1080472
2,0,1098472
3,0,1116468
1,0,1134472
2,0,1152468
3,0,1170472
1,0,1188468
2,0,1206468
3,0,1224468
1,0,1242468
2,0,1260468
3,0,1278472
1,0,1296472
2,0,1314472
3,0,1332476
1,0,1350472
2,0,1368468
3,0,1386468
1,0,1404472
2,0,1422468
3,0,1440468
1,0,1458472
2,0,1476468
3,0,1494472
1,0,1512468
2,0,1530472
3,0,1548476
1,0,1566472
2,0,1584472
3,0,1602468
1,0,1620472
2,0,1638468
3,0,1656472
1,0,1674468
2,0,1692468
3,0,1710472
1,0,1728468
2,0,1746472
3,0,1764476
1,0,1782472
2,0,1800472
3,0,1818476
1,0,1836468
2,0,1854476
3,0,1872472
1,0,1890468
2,0,1908472
3,0,1926472
1,0,1944468
2,0,1962468
3,0,1980472
1,0,1998468
2,0,2016472
3,0,2034472
1,0,2052468
2,0,2070468
3,0,2088476
1,0,2106468
2,0,2124468
3,0,2142472
1,0,2160468
2,0,2178468
3,0,2196468
1,0,2214472
2,0,2232468
3,0,2250468
1,0,2268468
2,0,2286472
3,0,2304468
1,0,2322472
2,0,2340468
3,0,2358468
1,0,2376472
2,0,2394468
3,0,2412472
1,0,2430468
2,0,2448472
3,0,2466476
1,0,2484468
2,0,2502472
3,0,2520468
1,0,2538472
2,0,2556472
3,0,2574468
1,0,2592472
2,0,2610468
3,0,2628468
1,0,2646468
2,0,2664468
3,0,2682468
1,0,2700468
2,0,2718468
3,0,2736472
1,0,2754468
2,0,2772468
3,0,2790468
1,0,2808468
2,0,2826468
3,0,2844468
1,0,2862468
2,0,2880468
3,0,2898472
1,0,2916472
2,0,2934472
3,0,2952468
1,0,2970472
2,0,2988472
3,0,3006476
1,0,3024472
2,0,3042468
3,0,3060472
1,0,3078472
2,0,3096472
3,0,3114472
1,0,3132468
2,0,3150472
3,0,3168468
1,0,3186472
2,0,3204468
3,0,3222468
1,0,3240472
2,0,3258468
3,0,3276468
1,0,3294472
2,0,3312468
3,0,3330472
1,0,3348468
2,0,3366472
3,0,3384472
1,0,3402468
2,0,3420468
3,0,3438472
1,0,3456472
2,0,3474468
3,0,3492468
1,0,3510468
2,0,3528468
3,0,3546472
1,0,3564468
2,0,3582468
3,0,3600472
1,0,3618468
2,0,3636472
3,0,3654472
1,0,3672472
2,0,3690472
3,0,3708472
1,0,3726468
2,0,3744472
3,0,3762476
1,0,3780472
2,0,3798472
3,0,3816476
1,0,3834472
2,0,3852468
3,0,3870472
1,0,3888472
2,0,3906472
3,0,3924472
1,0,3942472
2,0,3960468
3,0,3978472
1,0,3996468
2,0,4014472
3,0,4032468
1,0,4050472
2,0,4068468
3,0,4086468
1,0,4104472
2,0,4122472
3,0,4140472
1,0,4158476
2,0,4176468
3,0,4194472
1,0,4212468
2,0,4230472
3,0,4248472
1,0,4266472
2,0,4284468
3,0,4302472
1,0,4320468
2,0,4338468
3,0,4356468
1,0,4374472
2,0,4392472
3,0,4410476
1,0,4428472
2,0,4446468
3,0,4464472
1,0,4482468
2,0,4500472
3,0,4518472
1,0,4536472
2,0,4554472
3,0,4572468
1,0,4590472
2,0,4608472
3,0,4626476
1,0,4644472
2,0,4662468
3,0,4680468
1,0,4698468
2,0,4716468
3,0,4734468
1,0,4752468
2,0,4770468
3,0,4788472
1,0,4806472
2,0,4824472
3,0,4842472
1,0,4860468
2,0,4878472
3,0,4896468
1,0,4914468
2,0,4932468
3,0,4950472
1,0,4968472
2,0,4986472
3,0,5004468
1,0,5022468
2,0,5040472
3,0,5058472
1,0,5076468
2,0,5094468
3,0,5112468
1,0,5130468
2,0,5148468
3,0,5166472
1,0,5184468
2,0,5202468
3,0,5220468
1,0,5238468
2,0,5256468
3,0,5274472
1,0,5292468
2,0,5310476
3,0,5328472
1,0,5346468
2,0,5364468
3,0,5382472
1,0,5400468
2,0,5418468
3,0,5436472
1,0,5454468
2,0,5472468
3,0,5490472
1,0,5508468
2,0,5526472
3,0,5544472
1,0,5562472
2,0,5580468
3,0,5598472
1,0,5616468
2,0,5634468
3,0,5652472
1,0,5670468
2,0,5688472
3,0,5706472
1,0,5724468
2,0,5742472
3,0,5760472
1,0,5778468
2,0,5796468
3,0,5814472
1,0,5832468
2,0,5850472
3,0,5868472
1,0,5886468
2,0,5904472
3,0,5922476
1,0,5940472
2,0,5958468
3,0,5976472
1,0,5994472
2,0,6012468
3,0,6030472
1,0,6048472
2,0,6066468
3,0,6084468
1,0,6102468
2,0,6120468
3,0,6138472
1,0,6156468
2,0,6174472
3,0,6192468
1,0,6210472
2,0,6228472
3,0,6246468
1,0,6264472
2,0,6282468
3,0,6300468
1,0,6318472
2,0,6336468
3,0,6354468
1,0,6372468
2,0,6390472
3,0,6408476
1,0,6426472
2,0,6444468
3,0,6462480
1,0,6480468
2,0,6498472
3,0,6516472
1,0,6534472
2,0,6552468
3,0,6570476
1,0,6588472
2,0,6606472
3,0,6624476
1,0,6642472
2,0,6660472
3,0,6678472
1,0,6696468
2,0,6714472
3,0,6732472
1,0,6750472
2,0,6768468
3,0,6786472
1,0,6804468
2,0,6822472
3,0,6840472
1,0,6858468
2,0,6876472
3,0,6894468
1,0,6912472
2,0,6930468
3,0,6948468
1,0,6966472
2,0,6984472
3,0,7002476
1,0,7020472
2,0,7038472
3,0,7056468
1,0,7074472
2,0,7092468
3,0,7110468
1,0,7128472
2,0,7146468
3,0,7164476
1,0,7182468
2,0,7200468
3,0,7218472
1,0,7236468
2,0,7254468
3,0,7272468
1,0,7290468
2,0,7308472
3,0,7326472
1,0,7344472
2,0,7362468
3,0,7380472
1,0,7398472
2,0,7416472
3,0,7434468
1,0,7452472
2,0,7470472
3,0,7488468
1,0,7506472
2,0,7524472
3,0,7542476
1,0,7560472
2,0,7578468
3,0,7596476
1,0,7614480
2,0,7632468
3,0,7650472
1,0,7668472
2,0,7686468
3,0,7704468
1,0,7722468
2,0,7740468
3,0,7758472
1,0,7776468
2,0,7794472
3,0,7812472
1,0,7830468
2,0,7848468
3,0,7866472
1,0,7884468
2,0,7902472
3,0,7920468
1,0,7938472
2,0,7956468
3,0,7974472
1,0,7992468
2,0,8010472
3,0,8028468
1,0,8046472
2,0,8064472
3,0,8082472
1,0,8100472
2,0,8118472
3,0,8136468
1,0,8154468
2,0,8172468
3,0,8190468
1,0,8208468
2,0,8226472
3,0,8244472
1,0,8262468
2,0,8280468
3,0,8298476
1,0,8316472
2,0,8334468
3,0,8352468
1,0,8370472
2,0,8388468
3,0,8406468
1,0,8424472
2,0,8442468
3,0,8460472
1,0,8478468
2,0,8496472
3,0,8514472
1,0,8532472
2,0,8550468
3,0,8568468
1,0,8586468
2,0,8604472
3,0,8622468
1,0,8640472
2,0,8658472
3,0,8676476
1,0,8694472
2,0,8712468
3,0,8730468
1,0,8748472
2,0,8766476
3,0,8784468
1,0,8802472
2,0,8820468
3,0,8838472
1,0,8856468
2,0,8874468
3,0,8892468
1,0,8910468
2,0,8928472
3,0,8946476
1,0,8964468
2,0,8982472
3,0,9000472
1,0,9018472
2,0,9036472
3,0,9054468
1,0,9072472
2,0,9090472
3,0,9108468
1,0,9126468
2,0,9144472
3,0,9162476
1,0,9180472
2,0,9198468
3,0,9216468
1,0,9234472
2,0,9252468
3,0,9270472
1,0,9288468
2,0,9306472
3,0,9324476
1,0,9342472
2,0,9360468
3,0,9378468
1,0,9396472
2,0,9414468
3,0,9432468
1,0,9450468
2,0,9468468
3,0,9486472
1,0,9504468
2,0,9522472
3,0,9540468
1,0,9558468
2,0,9576472
3,0,9594476
1,0,9612472
2,0,9630468
3,0,9648472
1,0,9666468
2,0,9684468
3,0,9702472
1,0,9720472
2,0,9738468
3,0,9756472
1,0,9774468
2,0,9792472
3,0,9810468
1,0,9828472
2,0,9846468
3,0,9864472
1,0,9882472
2,0,9900468
3,0,9918484
1,0,9936472
2,0,9954468
3,0,9972472
1,0,9990468
2,0,10008472
3,0,10026468
1,0,10044472
2,0,10062472
3,0,10080472
1,0,10098472
2,0,10116472
3,0,10134472
1,3131,10152472
2,0,10170468
3,0,10188468
1,3901,10206468
2,5380,10224468
3,0,10242472
1,4642,10260472
2,5485,10278468
3,5512,10296468
1,5326,10314472
2,5488,10332468
3,0,10350472
1,5881,10368472
2,5503,10386472
3,5532,10404468
1,6386,10422468
2,5480,10440468
3,0,10458472
1,6842,10476472
2,0,10494468
3,0,10512472
1,0,10530468
2,0,10548468
3,0,10566472
1,0,10584472
2,0,10602472
3,0,10620472
1,0,10638468
2,0,10656468
3,0,10674468
1,0,10692468
2,0,10710472
3,0,10728472
1,0,10746468
2,0,10764468
3,0,10782468
1,0,10800472
2,0,10818472
3,0,10836472
1,0,10854468
2,0,10872468
3,0,10890468
1,0,10908468
2,0,10926472
3,0,10944472
1,0,10962472
2,0,10980472
3,0,10998472
1,0,11016468
2,0,11034468
3,0,11052472
1,0,11070476
2,0,11088468
3,0,11106468
1,0,11124472
2,0,11142472
3,0,11160472
1,0,11178468
2,0,11196468
3,0,11214468
1,0,11232468
2,0,11250468
3,0,11268472
1,0,11286468
2,0,11304468
3,0,11322468
1,0,11340472
2,0,11358472
3,0,11376472
1,0,11394468
2,0,11412468
3,0,11430468
1,0,11448472
2,0,11466472
3,0,11484472
1,0,11502468
2,0,11520472
3,0,11538472
1,0,11556472
2,0,11574472
3,0,11592472
1,0,11610468
2,0,11628468
3,0,11646472
1,0,11664468
2,0,11682468
3,0,11700468
1,0,11718472
2,0,11736468
3,0,11754476
1,0,11772472
2,0,11790472
3,0,11808476
1,0,11826468
2,0,11844468
3,0,11862472
1,0,11880468
2,0,11898468
3,0,11916468
1,0,11934472
2,0,11952472
3,0,11970476
1,0,11988472
2,0,12006472
3,0,12024472
1,0,12042472
2,0,12060472
3,0,12078468
1,0,12096472
2,0,12114468
3,0,12132468
1,0,12150472
2,0,12168472
3,0,12186472
1,0,12204472
2,0,12222480
3,0,12240476
1,0,12258468
2,0,12276472
3,0,12294472
1,0,12312468
2,0,12330472
3,0,12348472
1,0,12366468
2,0,12384468
3,0,12402468
1,0,12420472
2,0,12438472
3,0,12456468
1,0,12474472
2,0,12492472
3,0,12510476
1,0,12528472
2,0,12546468
3,0,12564468
1,0,12582472
2,0,12600472
3,0,12618472
1,0,12636468
2,0,12654468
3,0,12672476
1,0,12690468
2,0,12708472
3,0,12726472
1,0,12744468
2,0,12762468
3,0,12780472
1,0,12798468
2,0,12816472
3,0,12834468
1,0,12852468
2,0,12870468
3,0,12888468
1,0,12906472
2,0,12924468
3,0,12942476
1,0,12960468
2,0,12978472
3,0,12996472
1,0,13014472
2,0,13032472
3,0,13050472
1,0,13068468
2,0,13086468
3,0,13104472
1,0,13122468
2,0,13140472
3,0,13158468
1,0,13176472
2,0,13194472
3,0,13212472
1,0,13230472
2,0,13248472
3,0,13266476
1,0,13284468
2,0,13302468
3,0,13320468
1,0,13338468
2,0,13356472
3,0,13374480
1,0,13392468
2,0,13410468
3,0,13428472
1,0,13446468
2,0,13464468
3,0,13482472
1,0,13500468
2,0,13518468
3,0,13536472
1,0,13554468
2,0,13572472
3,0,13590472
1,0,13608468
2,0,13626472
3,0,13644472
1,0,13662472
2,0,13680472
3,0,13698468
1,0,13716472
2,0,13734472
3,0,13752472
1,0,13770468
2,0,13788468
3,0,13806472
1,0,13824472
2,0,13842472
3,0,13860472
1,0,13878468
2,0,13896468
3,7601,13914468
1,0,13932472
2,0,13950468
3,8008,13968468
1,0,13986468
2,0,14004468
3,0,14022468
1,0,14040468
2,0,14058468
3,0,14076472
1,0,14094468
2,0,14112468
3,0,14130468
1,0,14148472
2,0,14166468
3,0,14184468
1,0,14202472
2,0,14220468
3,0,14238476
1,0,14256472
2,0,14274472
3,0,14292468
1,0,14310472
2,0,14328472
3,0,14346468
1,0,14364468
2,0,14382468
3,0,14400476
1,0,14418468
2,0,14436468
3,0,14454468
1,0,14472468
2,0,14490468
3,0,14508472
1,0,14526476
2,0,14544468
3,0,14562468
1,0,14580468
2,0,14598472
3,0,14616472
1,0,14634472
2,0,14652468
3,0,14670476
1,0,14688468
2,0,14706468
3,0,14724472
1,0,14742468
2,0,14760472
3,0,14778472
1,0,14796468
2,0,14814468
3,0,14832468
1,0,14850468
2,0,14868468
3,0,14886468
1,0,14904472
2,0,14922472
3,0,14940472
1,0,14958468
2,0,14976468
3,0,14994472
1,0,15012472
2,0,15030472
3,0,15048472
1,0,15066468
2,0,15084468
3,0,15102476
1,0,15120472
2,0,15138472
3,0,15156476
1,0,15174472
2,0,15192468
3,0,15210468
1,0,15228472
2,0,15246468
3,0,15264468
1,0,15282472
2,0,15300472
3,0,15318472
1,0,15336476
2,0,15354468
3,0,15372472
1,0,15390468
2,0,15408468
3,0,15426468
1,0,15444472
2,0,15462468
3,0,15480472
1,0,15498468
2,0,15516468
3,0,15534472
1,0,15552468
2,0,15570472
3,0,15588472
1,0,15606468
2,0,15624468
3,0,15642468
1,0,15660468
2,0,15678480
3,0,15696472
1,0,15714468
2,0,15732468
3,0,15750472
1,0,15768472
2,0,15786468
3,0,15804472
1,0,15822468
2,0,15840468
3,0,15858468
1,0,15876472
2,0,15894472
3,0,15912468
1,0,15930472
2,0,15948468
3,0,15966468
1,0,15984472
2,0,16002472
3,0,16020468
1,0,16038472
2,0,16056472
3,0,16074472
1,0,16092468
2,0,16110468
3,0,16128472
1,0,16146472
2,0,16164472
3,0,16182472
1,0,16200468
2,0,16218468
3,0,16236468
1,0,16254472
2,0,16272472
3,0,16290472
1,0,16308472
2,0,16326468
3,0,16344472
1,0,16362468
2,0,16380472
3,0,16398476
1,0,16416468
2,0,16434468
3,0,16452472
1,0,16470472
2,0,16488472
3,0,16506468
1,0,16524472
2,0,16542472
3,0,16560472
1,0,16578468
2,0,16596472
3,0,16614472
1,0,16632472
2,0,16650468
3,0,16668472
1,0,16686468
2,0,16704468
3,0,16722468
1,0,16740472
2,0,16758472
3,0,16776472
1,0,16794472
2,0,16812468
3,0,16830476
1,0,16848472
2,0,16866472
3,0,16884472
1,0,16902468
2,0,16920472
3,0,16938468
1,0,16956472
2,0,16974472
3,0,16992472
1,0,17010468
2,0,17028472
3,0,17046472
1,0,17064472
2,0,17082468
3,0,17100472
1,0,17118468
2,0,17136468
3,0,17154472
1,0,17172468
2,0,17190468
3,0,17208468
1,0,17226472
2,0,17244472
3,0,17262472
1,0,17280468
2,0,17298468
3,0,17316468
1,0,17334472
2,0,17352472
3,0,17370472
1,0,17388468
2,0,17406472
3,0,17424476
1,0,17442468
2,0,17460468
3,0,17478468
1,0,17496472
2,0,17514472
3,0,17532472
1,0,17550468
2,0,17568468
3,0,17586468
1,0,17604472
2,0,17622468
3,0,17640476
1,0,17658472
2,0,17676472
3,0,17694472
1,0,17712468
2,0,17730472
3,0,17748476
1,0,17766472
2,0,17784468
3,0,17802472
1,0,17820472
2,0,17838468
3,0,17856468
1,0,17874472
2,0,17892468
3,0,17910468
1,0,17928468
2,0,17946468
3,0,17964472
1,0,17982480
2,0,18000468
3,0,18018476
1,0,18036468
2,0,18054472
3,0,18072468
1,0,18090468
2,0,18108468
3,0,18126468
1,0,18144472
2,0,18162472
3,0,18180472
1,0,18198468
2,0,18216472
3,0,18234472
1,0,18252468
2,0,18270472
3,0,18288472
1,2949,18306472
2,0,18324468
3,0,18342472
1,3541,18360472
2,4947,18378468
3,0,18396472
1,4034,18414468
2,4806,18432468
3,4851,18450472
1,4387,18468468
2,4644,18486472
3,4708,18504468
1,4798,18522468
2,4355,18540468
3,4401,18558472
1,4994,18576472
2,4083,18594468
3,4146,18612468
1,5223,18630468
2,3723,18648468
3,0,18666468
1,0,18684468
2,3429,18702472
3,0,18720468
1,0,18738468
2,0,18756468
3,0,18774472
