# fw=05,slot_ms=18,timeout_us=12500
1,0,476
2,0,18468
3,0,36472
1,0,54472
2,0,72468
3,0,90468
1,0,108468
2,0,126468
3,0,144476
1,0,162472
2,0,180468
3,0,198472
1,0,216468
2,0,234472
3,0,252472
1,0,270472
2,0,288468
3,0,306472
1,0,324472
2,0,342468
3,0,360472
1,0,378472
2,0,396468
3,0,414472
1,0,432472
2,0,450468
3,0,468468
1,0,486468
2,0,504472
3,0,522468
1,0,540468
2,0,558468
3,0,576472
1,0,594472
2,0,612468
3,0,630476
1,0,648472
2,0,666472
3,0,684472
1,0,702480
2,0,720468
3,0,738472
1,0,756472
2,0,774472
3,0,792468
1,0,810468
2,0,828468
3,0,846472
1,0,864468
2,0,882472
3,0,900472
1,0,918472
2,0,936472
3,0,954472
1,0,972472
2,0,990468
3,0,1008476
1,0,1026468
2,0,1044468
3,0,1062468
1,0,1080472
2,0,1098472
3,0,1116468
1,0,1134472
2,0,1152472
3,0,1170472
1,0,1188468
2,0,1206472
3,0,1224472
1,0,1242468
2,0,1260472
3,0,1278468
1,0,1296468
2,0,1314468
3,0,1332472
1,0,1350468
2,0,1368468
3,0,1386468
1,0,1404472
2,0,1422468
3,0,1440468
1,0,1458472
2,0,1476472
3,0,1494472
1,0,1512472
2,0,1530472
3,0,1548472
1,0,1566468
2,0,1584472
3,0,1602472
1,0,1620468
2,0,1638472
3,0,1656472
1,0,1674468
2,0,1692468
3,0,1710472
1,0,1728468
2,0,1746468
3,0,1764468
1,0,1782472
2,0,1800468
3,0,1818468
1,0,1836468
2,0,1854480
3,0,1872476
1,0,1890472
2,0,1908468
3,0,1926472
1,0,1944472
2,0,1962472
3,0,1980468
1,0,1998468
2,0,2016472
3,0,2034472
1,0,2052468
2,0,2070472
3,0,2088468
1,0,2106472
2,0,2124472
3,0,2142468
1,0,2160472
2,0,2178472
3,0,2196468
1,0,2214472
2,0,2232468
3,0,2250468
1,0,2268468
2,0,2286468
3,0,2304468
1,0,2322472
2,0,2340468
3,0,2358472
1,0,2376468
2,0,2394472
3,0,2412472
1,0,2430472
2,0,2448468
3,0,2466472
1,0,2484472
2,0,2502468
3,0,2520476
1,0,2538472
2,0,2556472
3,0,2574468
1,0,2592472
2,0,2610468
3,0,2628468
1,0,2646472
2,0,2664472
3,0,2682472
1,0,2700468
2,0,2718472
3,0,2736468
1,0,2754472
2,0,2772472
3,0,2790468
1,0,2808472
2,0,2826468
3,0,2844468
1,0,2862472
2,0,2880468
3,0,2898472
1,0,2916472
2,0,2934472
3,0,2952468
1,0,2970468
2,0,2988472
3,0,3006476
1,0,3024468
2,0,3042468
3,0,3060472
1,0,3078472
2,0,3096472
3,0,3114472
1,0,3132468
2,0,3150472
3,0,3168468
1,0,3186468
2,0,3204472
3,0,3222468
1,0,3240472
2,0,3258468
3,0,3276472
1,0,3294468
2,0,3312468
3,0,3330468
1,0,3348472
2,0,3366468
3,0,3384468
1,0,3402472
2,0,3420468
3,0,3438468
1,0,3456472
2,0,3474472
3,0,3492468
1,0,3510472
2,0,3528468
3,0,3546472
1,0,3564468
2,0,3582468
3,0,3600472
1,0,3618468
2,0,3636472
3,0,3654468
1,0,3672472
2,0,3690468
3,0,3708468
1,0,3726472
2,0,3744468
3,0,3762472
1,0,3780472
2,0,3798472
3,0,3816476
1,0,3834472
2,0,3852472
3,0,3870472
1,0,3888472
2,0,3906468
3,0,3924472
1,0,3942472
2,0,3960468
3,0,3978472
1,3520,3996468
2,0,4014468
3,0,4032468
1,3654,4050472
2,0,4068468
3,0,4086472
1,3796,4104468
2,4257,4122472
3,0,4140468
1,3830,4158480
2,3802,4176468
3,4451,4194472
1,3855,4212468
2,3326,4230472
3,0,4248468
1,0,4266472
2,2887,4284468
3,0,4302476
1,0,4320468
2,0,4338472
3,0,4356472
1,0,4374468
2,0,4392468
3,0,4410472
1,0,4428468
2,0,4446472
3,0,4464468
1,0,4482468
2,0,4500468
3,0,4518472
1,0,4536472
2,0,4554468
3,0,4572472
1,0,4590472
2,0,4608468
3,0,4626472
1,0,4644468
2,0,4662472
3,0,4680472
1,0,4698468
2,0,4716472
3,0,4734472
1,0,4752468
2,0,4770472
3,0,4788468
1,0,4806468
2,0,4824468
3,0,4842468
1,0,4860472
2,0,4878468
3,0,4896472
1,0,4914468
2,0,4932468
3,0,4950472
1,0,4968472
2,0,4986468
3,0,5004472
1,0,5022468
2,0,5040472
3,0,5058468
1,0,5076468
2,0,5094472
3,0,5112468
1,0,5130468
2,0,5148468
3,0,5166468
1,0,5184472
2,0,5202472
3,0,5220468
1,0,5238472
2,0,5256468
3,0,5274472
1,0,5292468
2,0,5310476
3,0,5328472
1,0,5346468
2,0,5364468
3,0,5382472
1,0,5400468
2,0,5418468
3,0,5436472
1,0,5454468
2,0,5472472
3,0,5490468
1,0,5508468
2,0,5526472
3,0,5544472
1,0,5562472
2,0,5580468
3,0,5598472
1,0,5616468
2,0,5634468
3,0,5652472
1,0,5670472
2,0,5688468
3,0,5706468
1,0,5724472
2,0,5742468
3,0,5760468
1,0,5778472
2,0,5796468
3,0,5814468
1,0,5832468
2,0,5850472
3,0,5868468
1,0,5886468
2,0,5904472
3,0,5922476
1,0,5940472
2,0,5958468
3,0,5976468
1,0,5994472
2,0,6012468
3,0,6030472
1,0,6048468
2,0,6066472
3,0,6084468
1,0,6102472
2,0,6120468
3,0,6138472
1,0,6156472
2,0,6174472
3,0,6192472
1,0,6210468
2,0,6228468
3,0,6246472
1,0,6264468
2,0,6282472
3,0,6300476
1,0,6318468
2,0,6336472
3,0,6354472
1,0,6372472
2,0,6390468
3,0,6408472
1,0,6426468
2,0,6444468
3,0,6462480
1,0,6480468
2,0,6498472
3,0,6516476
1,0,6534472
2,0,6552472
3,0,6570476
1,0,6588472
2,0,6606472
3,0,6624468
1,0,6642472
2,0,6660472
3,0,6678472
1,0,6696468
2,0,6714472
3,0,6732476
1,0,6750472
2,0,6768468
3,0,6786468
1,0,6804472
2,0,6822468
3,0,6840472
1,0,6858468
2,0,6876468
3,0,6894468
1,0,6912472
2,8610,6930468
3,0,6948476
1,0,6966472
2,0,6984468
3,0,7002472
1,0,7020468
2,0,7038468
3,0,7056476
1,0,7074472
2,0,7092468
3,0,7110472
1,0,7128468
2,0,7146472
3,0,7164472
1,0,7182472
2,0,7200472
3,0,7218468
1,0,7236472
2,0,7254472
3,0,7272476
1,0,7290472
2,0,7308472
3,0,7326472
1,0,7344472
2,0,7362468
3,0,7380476
1,0,7398472
2,0,7416468
3,0,7434472
1,0,7452468
2,0,7470468
3,0,7488472
1,0,7506468
2,0,7524472
3,0,7542476
1,0,7560472
2,0,7578468
3,0,7596468
1,0,7614476
2,0,7632472
3,0,7650468
1,0,7668468
2,0,7686468
3,0,7704468
1,0,7722472
2,0,7740468
3,0,7758472
1,0,7776472
2,0,7794468
3,0,7812468
1,0,7830468
2,0,7848468
3,0,7866472
1,0,7884468
2,0,7902468
3,0,7920472
1,0,7938468
2,0,7956472
3,0,7974468
1,0,7992472
2,0,8010468
3,0,8028472
1,0,8046468
2,0,8064472
3,0,8082468
1,0,8100472
2,0,8118468
3,0,8136472
1,0,8154468
2,0,8172472
3,0,8190472
1,0,8208472
2,0,8226472
3,0,8244468
1,0,8262472
2,0,8280472
3,0,8298472
1,0,8316472
2,0,8334468
3,0,8352472
1,0,8370468
2,0,8388472
3,0,8406472
1,0,8424476
2,0,8442472
3,0,8460472
1,0,8478472
2,0,8496468
3,0,8514472
1,0,8532468
2,0,8550472
3,0,8568468
1,0,8586472
2,0,8604468
3,0,8622468
1,0,8640472
2,0,8658472
3,0,8676476
1,0,8694472
2,0,8712468
3,0,8730472
1,0,8748468
2,0,8766480
3,0,8784476
1,0,8802468
2,0,8820472
3,0,8838468
1,0,8856472
2,0,8874472
3,0,8892468
1,0,8910468
2,0,8928472
3,0,8946472
1,0,8964472
2,0,8982472
3,0,9000472
1,0,9018472
2,0,9036468
3,0,9054472
1,0,9072468
2,0,9090468
3,0,9108472
1,0,9126472
2,0,9144468
3,0,9162472
1,0,9180472
2,0,9198468
3,0,9216468
1,0,9234472
2,0,9252468
3,0,9270472
1,0,9288468
2,0,9306472
3,0,9324468
1,0,9342468
2,0,9360472
3,0,9378476
1,0,9396472
2,0,9414468
3,0,9432472
1,0,9450468
2,0,9468468
3,0,9486476
1,0,9504472
2,0,9522468
3,0,9540472
1,0,9558468
2,0,9576476
3,0,9594472
1,0,9612468
2,4403,9630472
3,0,9648468
1,5572,9666472
2,4436,9684468
3,4440,9702472
1,5306,9720472
2,4518,9738468
3,4772,9756472
1,4987,9774468
2,4469,9792468
3,4892,9810472
1,4606,9828472
2,4365,9846468
3,5086,9864472
1,4121,9882472
2,4240,9900468
3,0,9918476
1,3512,9936468
2,4071,9954472
3,0,9972472
1,2927,9990468
2,0,10008472
3,0,10026476
