# fw=05,slot_ms=18,timeout_us=12500
1,0,476
2,0,18472
3,0,36472
1,0,54472
2,0,72468
3,0,90472
1,0,108472
2,0,126472
3,0,144468
1,0,162472
2,0,180468
3,0,198472
1,0,216468
2,0,234472
3,0,252472
1,0,270468
2,0,288472
3,0,306468
1,0,324468
2,0,342468
3,0,360472
1,0,378468
2,0,396468
3,0,414472
1,0,432468
2,0,450472
3,0,468472
1,0,486472
2,0,504468
3,0,522472
1,0,540468
2,0,558472
3,0,576472
1,0,594472
2,0,612468
3,0,630472
1,0,648472
2,0,666468
3,0,684476
1,0,702476
2,0,720472
3,0,738468
1,0,756468
2,0,774472
3,0,792468
1,0,810468
2,0,828472
3,0,846468
1,0,864472
2,0,882468
3,0,900468
1,0,918468
2,0,936472
3,0,954468
1,0,972468
2,0,990472
3,0,1008468
1,0,1026468
2,0,1044468
3,0,1062468
1,0,1080472
2,0,1098472
3,0,1116476
1,0,1134472
2,0,1152468
3,0,1170468
1,0,1188468
2,0,1206468
3,0,1224468
1,0,1242468
2,0,1260468
3,0,1278472
1,0,1296472
2,0,1314472
3,0,1332472
1,0,1350468
2,0,1368468
3,0,1386476
1,0,1404472
2,0,1422472
3,0,1440472
1,0,1458468
2,0,1476472
3,0,1494468
1,0,1512476
2,0,1530468
3,0,1548472
1,0,1566468
2,0,1584468
3,0,1602472
1,0,1620468
2,0,1638472
3,0,1656468
1,0,1674468
2,0,1692472
3,0,1710468
1,0,1728472
2,0,1746468
3,0,1764468
1,0,1782472
2,0,1800472
3,0,1818476
1,0,1836468
2,0,1854476
3,0,1872472
1,0,1890468
2,0,1908468
3,0,1926472
1,0,1944468
2,0,1962472
3,0,1980468
1,0,1998472
2,0,2016468
3,0,2034468
1,0,2052468
2,0,2070468
3,0,2088472
1,0,2106468
2,0,2124468
3,0,2142472
1,0,2160468
2,0,2178468
3,0,2196468
1,0,2214472
2,0,2232468
3,0,2250468
1,0,2268472
2,0,2286468
3,0,2304476
1,0,2322468
2,0,2340472
3,0,2358472
1,0,2376468
2,0,2394472
3,0,2412472
1,0,2430472
2,0,2448468
3,0,2466468
1,0,2484472
2,0,2502472
3,0,2520472
1,0,2538468
2,0,2556468
3,0,2574472
1,0,2592468
2,0,2610468
3,0,2628472
1,0,2646472
2,0,2664472
3,0,2682472
1,0,2700468
2,0,2718472
3,0,2736472
1,0,2754468
2,0,2772468
3,0,2790472
1,0,2808468
2,0,2826468
3,0,2844468
1,0,2862468
2,0,2880468
3,0,2898472
1,0,2916468
2,0,2934472
3,0,2952476
1,0,2970472
2,0,2988468
3,0,3006480
1,0,3024468
2,0,3042472
3,0,3060472
1,0,3078472
2,0,3096472
3,0,3114472
1,0,3132468
2,0,3150472
3,0,3168476
1,0,3186472
2,0,3204472
3,0,3222472
1,0,3240468
2,0,3258472
3,0,3276472
1,0,3294468
2,0,3312472
3,0,3330468
1,0,3348472
2,0,3366468
3,0,3384468
1,0,3402472
2,0,3420472
3,0,3438476
1,0,3456468
2,0,3474472
3,0,3492472
1,0,3510472
2,0,3528472
3,0,3546476
1,0,3564472
2,0,3582468
3,0,3600476
1,0,3618472
2,0,3636468
3,0,3654468
1,0,3672472
2,0,3690468
3,0,3708472
1,0,3726472
2,0,3744472
3,0,3762468
1,0,3780468
2,0,3798472
3,0,3816468
1,0,3834472
2,0,3852472
3,0,3870472
1,0,3888472
2,0,3906472
3,0,3924472
1,0,3942472
2,0,3960472
3,0,3978468
1,0,3996472
2,0,4014472
3,0,4032472
1,0,4050468
2,0,4068472
3,0,4086468
1,0,4104468
2,0,4122468
3,0,4140468
1,0,4158480
2,0,4176472
3,0,4194468
1,0,4212472
2,0,4230468
3,0,4248476
1,0,4266468
2,0,4284472
3,0,4302476
1,0,4320472
2,0,4338472
3,0,4356472
1,0,4374468
2,0,4392468
3,0,4410472
1,0,4428468
2,0,4446472
3,0,4464468
1,0,4482468
2,0,4500468
3,0,4518472
1,0,4536468
2,0,4554472
3,0,4572472
1,0,4590472
2,0,4608472
3,0,4626472
1,0,4644468
2,0,4662472
3,0,4680472
1,0,4698472
2,0,4716472
3,0,4734472
1,0,4752472
2,0,4770472
3,0,4788468
1,0,4806468
2,0,4824472
3,0,4842468
1,0,4860472
2,0,4878472
3,0,4896472
1,0,4914468
2,0,4932472
3,0,4950472
1,0,4968468
2,0,4986472
3,0,5004472
1,6210,5022472
2,4961,5040472
3,4723,5058468
1,5935,5076472
2,4930,5094468
3,4746,5112472
1,5587,5130468
2,4778,5148468
3,4764,5166472
1,5139,5184468
2,4576,5202472
3,4793,5220472
1,4590,5238472
2,4244,5256468
3,4919,5274472
1,3950,5292468
2,3897,5310476
3,0,5328468
1,3284,5346472
2,3605,5364472
3,0,5382472
1,0,5400468
2,0,5418468
3,0,5436468
