# fw=05,slot_ms=18,timeout_us=12500
1,0,476
2,0,18468
3,0,36472
1,0,54472
2,0,72468
3,0,90472
1,0,108472
2,0,126472
3,0,144476
1,0,162472
2,0,180468
3,0,198472
1,0,216468
2,0,234472
3,0,252472
1,0,270472
2,0,288468
3,0,306472
1,0,324472
2,0,342468
3,0,360472
1,0,378468
2,0,396468
3,0,414472
1,0,432472
2,0,450468
3,0,468468
1,0,486468
2,0,504472
3,0,522472
1,0,540472
2,0,558472
3,0,576468
1,0,594468
2,0,612472
3,0,630472
1,0,648472
2,0,666468
3,0,684468
1,0,702476
2,0,720468
3,0,738472
1,0,756468
2,0,774468
3,0,792472
1,0,810472
2,0,828472
3,0,846468
1,0,864472
2,0,882468
3,0,900468
1,0,918468
2,0,936472
3,0,954468
1,0,972468
2,0,990468
3,0,1008476
1,0,1026468
2,0,1044468
3,0,1062472
1,0,1080468
2,0,1098468
3,0,1116472
1,0,1134468
2,0,1152468
3,0,1170468
1,0,1188472
2,0,1206468
3,0,1224472
1,0,1242468
2,0,1260472
3,0,1278472
1,0,1296468
2,0,1314472
3,0,1332472
1,0,1350468
2,0,1368468
3,0,1386468
1,0,1404472
2,0,1422468
3,0,1440472
1,0,1458468
2,0,1476468
3,0,1494468
1,0,1512472
2,0,1530468
3,0,1548472
1,0,1566468
2,0,1584472
3,0,1602476
1,0,1620472
2,0,1638468
3,0,1656476
1,0,1674468
2,0,1692468
3,0,1710468
1,0,1728472
2,0,1746468
3,0,1764472
1,0,1782468
2,0,1800472
3,0,1818472
1,0,1836468
2,0,1854480
3,0,1872472
1,0,1890468
2,0,1908472
3,0,1926468
1,0,1944472
2,0,1962472
3,0,1980476
1,0,1998472
2,0,2016468
3,0,2034468
1,0,2052468
2,0,2070468
3,0,2088472
1,0,2106468
2,0,2124472
3,0,2142468
1,0,2160472
2,0,2178472
3,0,2196472
1,0,2214472
2,0,2232472
3,0,2250476
1,0,2268472
2,0,2286468
3,0,2304476
1,0,2322472
2,0,2340468
3,0,2358468
1,0,2376472
2,0,2394468
3,0,2412472
1,0,2430468
2,0,2448472
3,0,2466468
1,0,2484472
2,0,2502472
3,0,2520472
1,3665,2538468
2,3963,2556468
3,0,2574472
1,4128,2592472
2,4055,2610472
3,0,2628472
1,4335,2646468
2,4172,2664468
3,4751,2682468
1,4574,2700472
2,4200,2718472
3,4401,2736472
1,4794,2754472
2,4213,2772472
3,4020,2790468
1,4936,2808472
2,4151,2826472
3,3448,2844468
1,5117,2862468
2,4183,2880468
3,0,2898472
1,0,2916472
2,0,2934468
3,0,2952472
1,0,2970472
2,0,2988468
3,0,3006480
