# fw=05,slot_ms=18,timeout_us=12500
1,0,476
2,0,18468
3,0,36472
1,0,54472
2,0,72472
3,0,90472
1,0,108472
2,0,126472
3,0,144468
1,0,162468
2,0,180472
3,0,198472
1,0,216472
2,0,234468
3,0,252468
1,0,270472
2,0,288468
3,0,306468
1,0,324468
2,0,342468
3,0,360472
1,0,378468
2,0,396468
3,0,414472
1,0,432468
2,0,450468
3,0,468468
1,0,486468
2,0,504472
3,0,522468
1,0,540468
2,0,558468
3,0,576472
1,0,594468
2,0,612472
3,0,630468
1,0,648468
2,0,666472
3,0,684472
1,0,702480
2,0,720468
3,0,738472
1,0,756472
2,0,774468
3,0,792472
1,0,810472
2,0,828472
3,0,846472
1,0,864472
2,0,882468
3,0,900468
1,0,918468
2,0,936472
3,0,954468
1,0,972468
2,0,990468
3,0,1008472
1,0,1026468
2,0,1044468
3,0,1062468
1,0,1080468
2,0,1098468
3,0,1116472
1,0,1134468
2,0,1152472
3,0,1170476
1,0,1188472
2,0,1206472
3,0,1224476
1,0,1242468
2,0,1260472
3,0,1278468
1,0,1296468
2,0,1314468
3,0,1332468
1,0,1350472
2,0,1368468
3,0,1386472
1,0,1404472
2,0,1422468
3,0,1440476
1,6209,1458468
2,5422,1476468
3,0,1494468
1,6017,1512472
2,5316,1530472
3,5304,1548468
1,5841,1566472
2,5167,1584468
3,5520,1602476
1,5558,1620472
2,4948,1638468
3,5653,1656468
1,5212,1674468
2,4616,1692468
3,5708,1710476
1,4732,1728468
2,4243,1746472
3,5756,1764472
1,0,1782468
2,3805,1800472
3,0,1818468
1,0,1836472
2,0,1854480
3,0,1872476
1,0,1890468
2,0,1908472
3,0,1926476
