# fw=05,slot_ms=18,timeout_us=12500
1,9059,476
2,0,18468
3,0,36472
1,9105,54472
2,0,72468
3,0,90472
1,9152,108468
2,0,126472
3,0,144472
1,9105,162468
2,0,180472
3,0,198468
1,9078,216468
2,0,234468
3,0,252476
1,9102,270472
2,0,288468
3,0,306472
1,9126,324472
2,0,342468
3,0,360472
1,9178,378472
2,0,396472
3,0,414472
1,9131,432472
2,0,450472
3,0,468472
1,9103,486468
2,0,504472
3,0,522472
1,9154,540468
2,0,558468
3,0,576476
1,9128,594472
2,0,612472
3,0,630472
1,9154,648472
2,0,666472
3,0,684468
1,0,702476
2,0,720472
3,0,738468
1,0,756468
2,0,774468
3,0,792472
1,0,810472
2,0,828468
3,0,846476
1,9157,864472
2,0,882468
3,0,900476
1,9106,918468
2,0,936468
3,0,954472
1,9159,972472
2,0,990472
3,0,1008472
1,9160,1026468
2,0,1044472
3,0,1062468
1,0,1080472
2,0,1098472
3,0,1116476
1,0,1134472
2,0,1152468
3,0,1170472
1,0,1188468
2,0,1206468
3,0,1224472
1,9157,1242468
2,0,1260472
3,0,1278472
1,9134,1296472
2,0,1314472
3,0,1332468
1,9111,1350472
2,0,1368472
3,0,1386472
1,9083,1404468
2,0,1422468
3,0,1440472
1,9107,1458472
2,0,1476472
3,0,1494472
1,9109,1512472
2,0,1530472
3,0,1548468
1,9111,1566472
2,0,1584472
3,0,1602472
1,9109,1620468
2,0,1638468
3,0,1656468
1,9136,1674472
2,0,1692468
3,0,1710472
1,9111,1728472
2,0,1746468
3,0,1764472
1,9110,1782468
2,0,1800468
3,0,1818472
1,9159,1836468
2,0,1854480
3,0,1872468
1,9111,1890472
2,0,1908468
3,0,1926472
1,9133,1944468
2,0,1962468
3,0,1980472
1,9086,1998472
2,0,2016472
3,0,2034468
1,9111,2052472
2,0,2070468
3,0,2088472
1,9085,2106468
2,0,2124468
3,0,2142472
1,9095,2160468
2,0,2178472
3,0,2196472
1,9085,2214468
2,0,2232468
3,0,2250472
1,9083,2268468
2,0,2286468
3,0,2304472
1,9084,2322468
2,0,2340472
3,0,2358468
1,9084,2376472
2,0,2394472
3,0,2412468
1,9133,2430468
2,0,2448472
3,0,2466472
1,9130,2484472
2,0,2502472
3,0,2520472
1,9107,2538472
2,0,2556468
3,0,2574476
1,9157,2592472
2,0,2610472
3,0,2628468
1,9132,2646472
2,0,2664472
3,0,2682476
1,9133,2700472
2,0,2718468
3,0,2736472
1,0,2754468
2,0,2772468
3,0,2790472
1,0,2808472
2,0,2826468
3,0,2844468
1,9134,2862468
2,0,2880472
3,0,2898472
1,9132,2916468
2,0,2934472
3,0,2952472
1,9106,2970468
2,0,2988468
3,0,3006480
1,9104,3024468
2,0,3042472
3,0,3060468
1,9103,3078468
2,0,3096468
3,0,3114472
1,9078,3132472
2,0,3150472
3,0,3168468
1,9108,3186468
2,0,3204472
3,0,3222472
1,9078,3240468
2,0,3258472
3,0,3276476
1,9080,3294472
2,0,3312468
3,0,3330472
1,9104,3348468
2,0,3366472
3,0,3384472
1,9078,3402468
2,0,3420468
3,0,3438472
1,9103,3456468
2,0,3474472
3,0,3492468
1,9103,3510472
2,0,3528468
3,0,3546472
1,9150,3564468
2,0,3582472
3,0,3600468
1,0,3618472
2,0,3636468
3,0,3654472
1,9124,3672468
2,0,3690468
3,0,3708472
1,0,3726468
2,0,3744472
3,0,3762476
1,0,3780472
2,0,3798472
3,0,3816476
1,9177,3834472
2,0,3852468
3,0,3870472
1,9102,3888468
2,0,3906472
3,0,3924476
1,9075,3942472
2,0,3960468
3,0,3978472
1,9085,3996468
2,0,4014468
3,0,4032472
1,9075,4050468
2,0,4068472
3,0,4086468
1,9078,4104472
2,0,4122472
3,0,4140476
1,9076,4158480
2,0,4176468
3,0,4194472
1,9078,4212468
2,0,4230472
3,0,4248472
1,9077,4266468
2,0,4284468
3,0,4302472
1,9075,4320468
2,0,4338472
3,0,4356468
1,9080,4374472
2,0,4392468
3,0,4410472
1,9077,4428472
2,0,4446472
3,0,4464476
1,9076,4482472
2,0,4500472
3,0,4518468
1,9100,4536472
2,0,4554472
3,0,4572468
1,9075,4590472
2,0,4608468
3,0,4626472
1,9077,4644468
2,0,4662468
3,0,4680472
1,9079,4698468
2,0,4716472
3,0,4734468
1,9079,4752468
2,0,4770468
3,0,4788476
1,9087,4806472
2,0,4824468
3,0,4842472
1,9077,4860468
2,0,4878472
3,0,4896472
1,9076,4914472
2,0,4932472
3,0,4950468
1,9078,4968472
2,0,4986468
3,0,5004472
1,9078,5022468
2,0,5040472
3,0,5058472
1,9124,5076472
2,0,5094468
3,0,5112468
1,9104,5130468
2,0,5148472
3,0,5166468
1,9128,5184472
2,0,5202468
3,0,5220472
1,9177,5238468
2,0,5256472
3,0,5274476
1,9155,5292472
2,0,5310480
3,0,5328468
1,0,5346472
2,0,5364468
3,0,5382472
1,0,5400472
2,0,5418472
3,0,5436468
1,0,5454472
2,0,5472468
3,0,5490472
1,0,5508468
2,0,5526472
3,0,5544468
1,9107,5562468
2,0,5580472
3,0,5598472
1,9134,5616468
2,0,5634472
3,0,5652468
1,9132,5670472
2,0,5688468
3,0,5706472
1,9132,5724468
2,0,5742472
3,0,5760476
1,9133,5778472
2,0,5796472
3,0,5814468
1,9133,5832472
2,0,5850468
3,0,5868472
1,9207,5886472
2,0,5904472
3,0,5922468
1,9132,5940472
2,0,5958468
3,0,5976472
1,9158,5994468
2,0,6012472
3,0,6030468
1,9133,6048472
2,0,6066468
3,0,6084472
1,9105,6102472
2,0,6120472
3,0,6138476
1,9082,6156468
2,0,6174472
3,0,6192468
1,9084,6210468
2,0,6228472
3,0,6246472
1,9108,6264468
2,0,6282468
3,0,6300472
1,9155,6318468
2,0,6336472
3,0,6354468
1,9109,6372468
2,0,6390468
3,0,6408476
1,0,6426472
2,0,6444468
3,0,6462480
1,9108,6480468
2,0,6498468
3,0,6516472
1,9108,6534472
2,0,6552472
3,0,6570468
1,9081,6588472
2,0,6606468
3,0,6624472
1,9090,6642468
2,0,6660468
3,0,6678468
1,9106,6696472
2,0,6714472
3,0,6732476
1,9106,6750472
2,0,6768468
3,0,6786472
1,9083,6804468
2,0,6822468
3,0,6840472
1,9083,6858468
2,0,6876468
3,0,6894472
1,9081,6912468
2,0,6930472
3,0,6948472
1,9105,6966472
2,0,6984468
3,0,7002472
1,9107,7020468
2,0,7038468
3,0,7056472
1,9083,7074472
2,0,7092472
3,0,7110476
1,9110,7128472
2,0,7146468
3,0,7164472
1,9085,7182472
2,0,7200468
3,0,7218472
1,9106,7236468
2,0,7254472
3,0,7272476
1,9108,7290472
2,0,7308468
3,0,7326472
1,9109,7344468
2,0,7362472
3,0,7380468
1,9088,7398472
2,0,7416468
3,0,7434472
1,9118,7452468
2,0,7470468
3,0,7488472
1,9062,7506468
2,0,7524468
3,0,7542476
1,9111,7560472
2,0,7578472
3,0,7596476
1,9087,7614480
2,0,7632468
3,0,7650476
1,9087,7668472
2,0,7686472
3,0,7704472
1,9088,7722468
2,0,7740472
3,0,7758468
1,9087,7776468
2,0,7794472
3,0,7812468
1,9087,7830468
2,0,7848472
3,0,7866468
1,9085,7884472
2,0,7902468
3,0,7920472
1,9110,7938468
2,0,7956472
3,0,7974468
1,9111,7992468
2,0,8010472
3,0,8028468
1,9111,8046472
2,0,8064468
3,0,8082472
1,9108,8100468
2,0,8118468
3,0,8136472
1,9111,8154472
2,0,8172468
3,0,8190472
1,9133,8208472
2,0,8226468
3,0,8244472
1,9131,8262472
2,0,8280472
3,0,8298468
1,9105,8316472
2,0,8334472
3,0,8352476
1,9107,8370472
2,0,8388472
3,0,8406468
1,9107,8424472
2,0,8442472
3,0,8460468
1,9106,8478468
2,0,8496472
3,0,8514468
1,9104,8532468
2,0,8550472
3,0,8568472
1,9130,8586472
2,0,8604472
3,0,8622476
1,9103,8640472
2,0,8658472
3,0,8676468
1,9104,8694468
2,0,8712472
3,0,8730468
1,9104,8748472
2,0,8766476
3,0,8784472
1,9104,8802472
2,0,8820468
3,0,8838472
1,9104,8856468
2,0,8874472
3,0,8892468
1,9082,8910472
2,0,8928472
3,0,8946468
1,9104,8964468
2,0,8982472
3,0,9000468
1,9101,9018472
2,0,9036472
3,0,9054472
1,9088,9072468
2,0,9090472
3,0,9108468
1,9081,9126468
2,0,9144468
3,0,9162472
1,9082,9180472
2,0,9198468
3,0,9216476
1,9081,9234472
2,0,9252468
3,0,9270472
1,9080,9288468
2,0,9306472
3,0,9324468
1,9082,9342468
2,0,9360472
3,0,9378468
1,9107,9396468
2,0,9414468
3,0,9432472
1,9107,9450468
2,0,9468468
3,0,9486476
1,9083,9504472
2,0,9522472
3,0,9540468
1,9083,9558468
2,0,9576468
3,0,9594472
1,9080,9612472
2,0,9630468
3,0,9648472
1,9080,9666472
2,0,9684472
3,0,9702472
1,9079,9720468
2,0,9738472
3,0,9756468
1,9082,9774472
2,0,9792472
3,0,9810468
1,9083,9828468
2,0,9846468
3,0,9864472
1,9110,9882468
2,0,9900472
3,0,9918476
1,9110,9936468
2,0,9954468
3,0,9972472
1,9134,9990472
2,0,10008468
3,0,10026468
1,9158,10044472
2,0,10062468
3,0,10080468
1,0,10098468
2,0,10116468
3,0,10134468
1,0,10152472
2,0,10170468
3,0,10188468
1,0,10206472
2,0,10224472
3,0,10242468
1,9111,10260468
2,0,10278472
3,0,10296472
1,0,10314472
2,0,10332472
3,0,10350472
1,0,10368468
2,0,10386468
3,0,10404468
1,0,10422468
2,0,10440468
3,0,10458472
1,9164,10476472
2,0,10494472
3,0,10512472
1,9164,10530472
2,0,10548468
3,0,10566476
1,9117,10584468
2,0,10602468
3,0,10620476
1,9115,10638468
2,0,10656468
3,0,10674476
1,9114,10692468
2,0,10710472
3,0,10728472
1,9087,10746468
2,0,10764468
3,0,10782468
