# fw=05,slot_ms=18,timeout_us=12500
1,0,476
2,0,18468
3,0,36472
1,0,54468
2,0,72472
3,0,90472
1,0,108468
2,0,126468
3,0,144472
1,0,162468
2,0,180468
3,0,198468
1,0,216468
2,0,234472
3,0,252472
1,0,270468
2,0,288472
3,0,306468
1,0,324468
2,0,342468
3,0,360472
1,0,378472
2,0,396468
3,0,414472
1,0,432468
2,0,450472
3,0,468476
1,0,486468
2,0,504468
3,0,522468
1,0,540472
2,0,558468
3,0,576472
1,0,594468
2,0,612472
3,0,630468
1,0,648468
2,0,666472
3,0,684472
1,0,702480
2,0,720472
3,0,738468
1,0,756472
2,0,774472
3,0,792468
1,0,810468
2,0,828468
3,0,846472
1,0,864468
2,0,882468
3,0,900468
1,0,918468
2,0,936472
3,0,954468
1,0,972468
2,0,990468
3,0,1008472
1,0,1026468
2,0,1044468
3,0,1062472
1,0,1080472
2,0,1098472
3,0,1116468
1,0,1134472
2,0,1152472
3,0,1170472
1,0,1188468
2,0,1206472
3,0,1224472
1,0,1242468
2,0,1260468
3,0,1278468
1,0,1296472
2,0,1314468
3,0,1332468
1,0,1350472
2,0,1368472
3,0,1386472
1,0,1404472
2,0,1422468
3,0,1440472
1,0,1458472
2,0,1476468
3,0,1494476
1,0,1512472
2,0,1530468
3,0,1548472
1,0,1566468
2,0,1584472
3,0,1602476
1,0,1620472
2,0,1638468
3,0,1656472
1,0,1674468
2,0,1692472
3,0,1710468
1,0,1728472
2,0,1746472
3,0,1764476
1,0,1782468
2,0,1800472
3,0,1818476
1,0,1836472
2,0,1854476
3,0,1872468
1,0,1890472
2,0,1908468
3,0,1926472
1,0,1944468
2,0,1962468
3,0,1980472
1,0,1998468
2,0,2016468
3,0,2034472
1,0,2052472
2,0,2070468
3,0,2088472
1,0,2106468
2,0,2124472
3,0,2142476
1,0,2160472
2,0,2178468
3,0,2196472
1,0,2214472
2,0,2232472
3,0,2250476
1,0,2268472
2,0,2286468
3,0,2304472
1,0,2322468
2,0,2340472
3,0,2358476
1,0,2376472
2,0,2394468
3,0,2412468
1,0,2430468
2,0,2448472
3,0,2466476
1,0,2484472
2,0,2502468
3,0,2520472
1,0,2538472
2,0,2556472
3,0,2574468
1,0,2592472
2,0,2610472
3,0,2628468
1,0,2646472
2,0,2664476
3,0,2682468
1,0,2700468
2,0,2718472
3,0,2736468
1,3553,2754472
2,4341,2772472
3,0,2790468
1,3788,2808472
2,4282,2826472
3,0,2844468
1,4117,2862472
2,4231,2880468
3,4888,2898468
1,4171,2916472
2,4135,2934468
3,4505,2952476
1,4256,2970468
2,3955,2988472
3,3963,3006476
1,4320,3024472
2,3761,3042468
3,3324,3060472
1,4399,3078468
2,3502,3096472
3,0,3114472
1,0,3132472
2,0,3150468
3,0,3168472
1,0,3186472
2,0,3204472
3,0,3222476
