# fw=05,slot_ms=18,timeout_us=12500
1,0,476
2,0,18468
3,0,36472
1,0,54472
2,0,72468
3,0,90468
1,0,108468
2,0,126468
3,0,144472
1,0,162472
2,0,180468
3,0,198472
1,0,216468
2,0,234472
3,0,252472
1,0,270472
2,0,288468
3,0,306472
1,0,324468
2,0,342472
3,0,360476
1,0,378468
2,0,396472
3,0,414468
1,0,432468
2,0,450472
3,0,468472
1,0,486472
2,0,504468
3,0,522472
1,0,540472
2,0,558472
3,0,576468
1,0,594468
2,0,612472
3,0,630472
1,0,648472
2,0,666468
3,0,684476
1,0,702476
2,0,720472
3,0,738472
1,0,756468
2,0,774468
3,0,792472
1,0,810472
2,0,828472
3,0,846476
1,0,864472
2,0,882468
3,0,900468
1,0,918468
2,0,936468
3,0,954468
1,0,972468
2,0,990468
3,0,1008472
1,0,1026472
2,0,1044472
3,0,1062476
1,0,1080472
2,0,1098472
3,0,1116472
1,0,1134468
2,0,1152468
3,0,1170468
1,0,1188468
2,0,1206468
3,0,1224472
1,0,1242468
2,0,1260468
3,0,1278468
1,0,1296472
2,0,1314468
3,0,1332468
1,0,1350472
2,0,1368472
3,0,1386472
1,0,1404468
2,0,1422472
3,0,1440472
1,0,1458468
2,0,1476472
3,0,1494468
1,0,1512472
2,0,1530468
3,0,1548472
1,0,1566468
2,0,1584472
3,0,1602472
1,0,1620472
2,0,1638472
3,0,1656472
1,0,1674468
2,0,1692468
3,0,1710472
1,0,1728468
2,0,1746472
3,0,1764468
1,0,1782472
2,0,1800472
3,0,1818476
1,0,1836468
2,0,1854480
3,0,1872472
1,0,1890468
2,0,1908472
3,0,1926476
1,0,1944472
2,0,1962472
3,0,1980472
1,0,1998472
2,0,2016472
3,0,2034476
1,0,2052472
2,0,2070468
3,0,2088472
1,0,2106468
2,0,2124472
3,0,2142476
1,0,2160472
2,0,2178472
3,0,2196472
1,0,2214468
2,0,2232472
3,0,2250472
1,0,2268472
2,0,2286472
3,0,2304472
1,0,2322468
2,0,2340472
3,0,2358468
1,0,2376472
2,0,2394468
3,0,2412468
1,0,2430468
2,0,2448472
3,0,2466472
1,0,2484468
2,0,2502472
3,0,2520468
1,0,2538472
2,0,2556472
3,0,2574468
1,0,2592472
2,0,2610468
3,0,2628468
1,0,2646468
2,0,2664472
3,0,2682472
1,0,2700468
2,0,2718472
3,0,2736476
1,0,2754472
2,0,2772472
3,0,2790472
1,0,2808472
2,0,2826468
3,0,2844468
1,0,2862472
2,0,2880468
3,0,2898472
1,0,2916468
2,5539,2934472
3,0,2952476
1,6412,2970472
2,5695,2988472
3,0,3006476
1,6315,3024468
2,5792,3042468
3,5520,3060472
1,6192,3078472
2,5894,3096468
3,5865,3114472
1,6048,3132468
2,5833,3150468
3,6025,3168476
1,0,3186472
2,5780,3204472
3,6182,3222468
1,5479,3240468
2,5566,3258468
3,6028,3276476
1,4902,3294468
2,5360,3312472
3,6110,3330472
1,0,3348468
2,4994,3366472
3,0,3384472
1,3655,3402468
2,0,3420472
3,0,3438476
1,0,3456468
2,0,3474472
3,0,3492472
