# fw=05,slot_ms=18,timeout_us=12500
1,0,0
2,0,18000
3,0,36000
1,0,54000
2,0,72000
3,0,90000
1,0,108000
2,0,126000
3,0,144000
1,0,162000
2,0,180000
3,0,198000
1,0,216000
2,0,234000
3,0,252000
1,0,270000
2,0,288000
3,0,306000
1,0,324000
2,0,342000
3,0,360000
1,0,378000
2,0,396000
3,0,414000
1,0,432000
2,0,450000
3,0,468000
1,0,486000
2,0,504000
3,0,522000
1,0,540000
2,0,558000
3,0,576000
1,0,594000
2,0,612000
3,0,630000
1,0,648000
2,0,666000
3,0,684000
1,0,702000
2,0,720000
3,0,738000
1,0,756000
2,0,774000
3,0,792000
1,0,810000
2,0,828000
3,0,846000
1,0,864000
2,0,882000
3,0,900000
1,0,918000
2,0,936000
3,0,954000
1,0,972000
2,0,990000
3,0,1008000
1,0,1026000
2,0,1044000
3,0,1062000
1,0,1080000
2,0,1098000
3,0,1116000
1,0,1134000
2,0,1152000
3,0,1170000
1,0,1188000
2,0,1206000
3,0,1224000
1,0,1242000
2,0,1260000
3,0,1278000
1,0,1296000
2,0,1314000
3,0,1332000
1,0,1350000
2,0,1368000
3,0,1386000
1,0,1404000
2,0,1422000
3,0,1440000
1,0,1458000
2,0,1476000
3,0,1494000
1,0,1512000
2,0,1530000
3,0,1548000
1,0,1566000
2,0,1584000
3,0,1602000
1,0,1620000
2,0,1638000
3,0,1656000
1,0,1674000
2,0,1692000
3,0,1710000
1,0,1728000
2,0,1746000
3,0,1764000
1,0,1782000
2,0,1800000
3,0,1818000
1,0,1836000
2,0,1854000
3,0,1872000
1,0,1890000
2,0,1908000
3,0,1926000
1,0,1944000
2,0,1962000
3,0,1980000
1,0,1998000
2,0,2016000
3,0,2034000
1,0,2052000
2,0,2070000
3,0,2088000
1,0,2106000
2,0,2124000
3,0,2142000
1,0,2160000
2,0,2178000
3,0,2196000
1,0,2214000
2,0,2232000
3,0,2250000
1,0,2268000
2,0,2286000
3,0,2304000
1,0,2322000
2,0,2340000
3,0,2358000
1,0,2376000
2,0,2394000
3,0,2412000
1,0,2430000
2,0,2448000
3,0,2466000
1,0,2484000
2,0,2502000
3,0,2520000
1,0,2538000
2,0,2556000
3,0,2574000
1,0,2592000
2,0,2610000
3,0,2628000
1,0,2646000
2,0,2664000
3,0,2682000
1,0,2700000
2,0,2718000
3,0,2736000
1,0,2754000
2,0,2772000
3,0,2790000
1,0,2808000
2,0,2826000
3,0,2844000
1,0,2862000
2,0,2880000
3,0,2898000
1,0,2916000
2,0,2934000
3,0,2952000
1,0,2970000
2,0,2988000
3,0,3006000
1,0,3024000
2,0,3042000
3,0,3060000
1,0,3078000
2,0,3096000
3,0,3114000
1,0,3132000
2,0,3150000
3,0,3168000
1,0,3186000
2,0,3204000
3,0,3222000
1,0,3240000
2,0,3258000
3,0,3276000
1,0,3294000
2,0,3312000
3,0,3330000
1,0,3348000
2,0,3366000
3,0,3384000
1,0,3402000
2,0,3420000
3,0,3438000
1,0,3456000
2,0,3474000
3,0,3492000
1,0,3510000
2,0,3528000
3,0,3546000
1,0,3564000
2,0,3582000
3,0,3600000
1,0,3618000
2,0,3636000
3,0,3654000
1,0,3672000
2,0,3690000
3,0,3708000
1,0,3726000
2,0,3744000
3,0,3762000
1,0,3780000
2,0,3798000
3,0,3816000
1,0,3834000
2,0,3852000
3,0,3870000
1,0,3888000
2,0,3906000
3,0,3924000
1,0,3942000
2,0,3960000
3,0,3978000
1,0,3996000
2,0,4014000
3,0,4032000
1,0,4050000
2,0,4068000
3,0,4086000
1,0,4104000
2,0,4122000
3,0,4140000
1,0,4158000
2,0,4176000
3,0,4194000
1,0,4212000
2,0,4230000
3,0,4248000
1,0,4266000
2,0,4284000
3,0,4302000
1,0,4320000
2,0,4338000
3,0,4356000
1,0,4374000
2,0,4392000
3,0,4410000
1,0,4428000
2,0,4446000
3,0,4464000
1,0,4482000
2,0,4500000
3,0,4518000
1,0,4536000
2,0,4554000
3,0,4572000
1,0,4590000
2,0,4608000
3,0,4626000
1,0,4644000
2,0,4662000
3,0,4680000
1,0,4698000
2,0,4716000
3,0,4734000
1,0,4752000
2,0,4770000
3,0,4788000
1,0,4806000
2,0,4824000
3,0,4842000
1,0,4860000
2,0,4878000
3,0,4896000
1,0,4914000
2,0,4932000
3,0,4950000
1,0,4968000
2,0,4986000
3,0,5004000
1,0,5022000
2,0,5040000
3,0,5058000
1,0,5076000
2,0,5094000
3,0,5112000
1,0,5130000
2,0,5148000
3,0,5166000
1,0,5184000
2,0,5202000
3,0,5220000
1,0,5238000
2,0,5256000
3,0,5274000
1,0,5292000
2,0,5310000
3,0,5328000
1,0,5346000
2,0,5364000
3,0,5382000
1,0,5400000
2,0,5418000
3,0,5436000
1,0,5454000
2,0,5472000
3,0,5490000
1,0,5508000
2,0,5526000
3,0,5544000
1,0,5562000
2,0,5580000
3,0,5598000
1,0,5616000
2,0,5634000
3,0,5652000
1,0,5670000
2,0,5688000
3,0,5706000
1,0,5724000
2,0,5742000
3,0,5760000
1,0,5778000
2,0,5796000
3,0,5814000
1,0,5832000
2,0,5850000
3,0,5868000
1,0,5886000
2,0,5904000
3,0,5922000
1,0,5940000
2,0,5958000
3,0,5976000
1,0,5994000
2,0,6012000
3,0,6030000
1,0,6048000
2,0,6066000
3,0,6084000
1,0,6102000
2,0,6120000
3,0,6138000
1,0,6156000
2,0,6174000
3,0,6192000
1,0,6210000
2,0,6228000
3,0,6246000
1,0,6264000
2,0,6282000
3,0,6300000
1,0,6318000
2,0,6336000
3,0,6354000
1,0,6372000
2,0,6390000
3,0,6408000
1,0,6426000
2,0,6444000
3,0,6462000
1,0,6480000
2,0,6498000
3,0,6516000
1,0,6534000
2,0,6552000
3,0,6570000
1,0,6588000
2,0,6606000
3,0,6624000
1,0,6642000
2,0,6660000
3,0,6678000
1,0,6696000
2,0,6714000
3,0,6732000
1,0,6750000
2,0,6768000
3,0,6786000
1,0,6804000
2,0,6822000
3,0,6840000
1,0,6858000
2,0,6876000
3,0,6894000
1,0,6912000
2,0,6930000
3,0,6948000
1,0,6966000
2,0,6984000
3,0,7002000
1,0,7020000
2,0,7038000
3,0,7056000
1,0,7074000
2,0,7092000
3,0,7110000
1,0,7128000
2,0,7146000
3,0,7164000
1,0,7182000
2,0,7200000
3,0,7218000
1,0,7236000
2,0,7254000
3,0,7272000
1,0,7290000
2,0,7308000
3,0,7326000
1,0,7344000
2,0,7362000
3,0,7380000
1,0,7398000
2,0,7416000
3,0,7434000
1,0,7452000
2,0,7470000
3,0,7488000
1,0,7506000
2,0,7524000
3,0,7542000
1,0,7560000
2,0,7578000
3,0,7596000
1,0,7614000
2,0,7632000
3,0,7650000
1,0,7668000
2,0,7686000
3,0,7704000
1,0,7722000
2,0,7740000
3,0,7758000
1,0,7776000
2,0,7794000
3,0,7812000
1,0,7830000
2,0,7848000
3,0,7866000
1,0,7884000
2,0,7902000
3,0,7920000
1,0,7938000
2,0,7956000
3,0,7974000
1,0,7992000
2,0,8010000
3,0,8028000
1,0,8046000
2,0,8064000
3,0,8082000
1,0,8100000
2,0,8118000
3,0,8136000
1,0,8154000
2,0,8172000
3,0,8190000
1,0,8208000
2,0,8226000
3,0,8244000
1,0,8262000
2,0,8280000
3,0,8298000
1,0,8316000
2,0,8334000
3,0,8352000
1,0,8370000
2,0,8388000
3,0,8406000
1,0,8424000
2,0,8442000
3,0,8460000
1,0,8478000
2,0,8496000
3,0,8514000
1,0,8532000
2,0,8550000
3,0,8568000
1,0,8586000
2,0,8604000
3,0,8622000
1,0,8640000
2,0,8658000
3,0,8676000
1,0,8694000
2,0,8712000
3,0,8730000
1,0,8748000
2,0,8766000
3,0,8784000
1,0,8802000
2,0,8820000
3,0,8838000
1,0,8856000
2,0,8874000
3,0,8892000
1,0,8910000
2,0,8928000
3,0,8946000
1,0,8964000
2,0,8982000
3,0,9000000
1,0,9018000
2,0,9036000
3,0,9054000
1,0,9072000
2,0,9090000
3,0,9108000
1,0,9126000
2,0,9144000
3,0,9162000
1,0,9180000
2,0,9198000
3,0,9216000
1,0,9234000
2,0,9252000
3,0,9270000
1,0,9288000
2,0,9306000
3,0,9324000
1,0,9342000
2,0,9360000
3,0,9378000
1,0,9396000
2,0,9414000
3,0,9432000
1,0,9450000
2,0,9468000
3,0,9486000
1,0,9504000
2,0,9522000
3,0,9540000
1,0,9558000
2,0,9576000
3,0,9594000
1,0,9612000
2,0,9630000
3,0,9648000
1,0,9666000
2,0,9684000
3,0,9702000
1,0,9720000
2,0,9738000
3,0,9756000
1,0,9774000
2,0,9792000
3,0,9810000
1,0,9828000
2,0,9846000
3,0,9864000
1,0,9882000
2,0,9900000
3,0,9918000
1,0,9936000
2,0,9954000
3,0,9972000
1,0,9990000
2,0,10008000
3,0,10026000
1,0,10044000
2,0,10062000
3,0,10080000
1,0,10098000
2,0,10116000
3,0,10134000
1,0,10152000
2,0,10170000
3,0,10188000
1,0,10206000
2,0,10224000
3,0,10242000
1,0,10260000
2,0,10278000
3,0,10296000
1,0,10314000
2,0,10332000
3,0,10350000
1,0,10368000
2,0,10386000
3,0,10404000
1,0,10422000
2,0,10440000
3,0,10458000
1,0,10476000
2,0,10494000
3,0,10512000
1,0,10530000
2,0,10548000
3,0,10566000
1,0,10584000
2,0,10602000
3,0,10620000
1,0,10638000
2,0,10656000
3,0,10674000
1,0,10692000
2,0,10710000
3,0,10728000
1,0,10746000
2,0,10764000
3,0,10782000
1,0,10800000
2,0,10818000
3,0,10836000
1,0,10854000
2,0,10872000
3,0,10890000
1,0,10908000
2,0,10926000
3,0,10944000
1,0,10962000
2,0,10980000
3,0,10998000
1,0,11016000
2,0,11034000
3,0,11052000
1,0,11070000
2,0,11088000
3,0,11106000
1,0,11124000
2,0,11142000
3,0,11160000
1,0,11178000
2,0,11196000
3,0,11214000
1,0,11232000
2,0,11250000
3,0,11268000
1,0,11286000
2,0,11304000
3,0,11322000
1,11800,11340000
2,6876,11358000
3,11171,11376000
1,11260,11394000
2,7015,11412000
3,10676,11430000
1,10846,11448000
2,7137,11466000
3,10372,11484000
1,10494,11502000
2,7509,11520000
3,10138,11538000
1,10243,11556000
2,7953,11574000
3,9946,11592000
1,9964,11610000
2,8363,11628000
3,9748,11646000
1,9753,11664000
2,8724,11682000
3,9558,11700000
1,9472,11718000
2,9164,11736000
3,9325,11754000
1,9148,11772000
2,9451,11790000
3,9050,11808000
1,8870,11826000
2,9809,11844000
3,8837,11862000
1,8602,11880000
2,10049,11898000
3,8489,11916000
1,8358,11934000
2,10348,11952000
3,8339,11970000
1,8033,11988000
2,10775,12006000
3,8142,12024000
1,7981,12042000
2,11193,12060000
3,8099,12078000
1,7784,12096000
2,11642,12114000
3,8164,12132000
1,7892,12150000
2,12249,12168000
3,8414,12186000
1,8291,12204000
2,0,12222000
3,8923,12240000
1,8852,12258000
2,0,12276000
3,9756,12294000
1,0,12312000
2,0,12330000
3,0,12348000
1,0,12366000
2,0,12384000
3,0,12402000
1,0,12420000
2,0,12438000
3,0,12456000
1,0,12474000
2,0,12492000
3,0,12510000
1,0,12528000
2,0,12546000
3,0,12564000
1,0,12582000
2,0,12600000
3,0,12618000
1,0,12636000
2,0,12654000
3,0,12672000
1,0,12690000
2,0,12708000
3,0,12726000
1,0,12744000
2,0,12762000
3,0,12780000
1,0,12798000
2,0,12816000
3,0,12834000
1,0,12852000
2,0,12870000
3,0,12888000
1,0,12906000
2,0,12924000
3,0,12942000
1,0,12960000
2,0,12978000
3,0,12996000
