# fw=05,slot_ms=18,timeout_us=12500
1,0,476
2,0,18468
3,0,36472
1,0,54472
2,0,72468
3,0,90472
1,0,108472
2,0,126472
3,0,144468
1,0,162468
2,0,180472
3,0,198472
1,0,216468
2,0,234472
3,0,252472
1,0,270472
2,0,288472
3,0,306468
1,0,324468
2,0,342468
3,0,360472
1,0,378472
2,0,396468
3,0,414472
1,0,432472
2,0,450468
3,0,468476
1,0,486468
2,0,504468
3,0,522476
1,0,540472
2,0,558468
3,0,576472
1,0,594468
2,0,612472
3,0,630472
1,0,648472
2,0,666468
3,0,684468
1,0,702476
2,0,720472
3,0,738468
1,0,756468
2,0,774468
3,0,792472
1,0,810472
2,0,828468
3,0,846472
1,0,864468
2,0,882472
3,0,900472
1,0,918472
2,0,936468
3,0,954472
1,0,972472
2,0,990472
3,0,1008468
1,0,1026468
2,0,1044468
3,0,1062472
1,0,1080468
2,0,1098468
3,0,1116468
1,0,1134472
2,0,1152472
3,0,1170472
1,0,1188468
2,0,1206472
3,0,1224472
1,0,1242468
2,0,1260472
3,0,1278472
1,0,1296468
2,0,1314468
3,0,1332468
1,0,1350472
2,0,1368472
3,0,1386472
1,0,1404468
2,0,1422472
3,0,1440472
1,0,1458468
2,4909,1476472
3,0,1494476
1,6119,1512472
2,4955,1530468
3,4705,1548472
1,6008,1566468
2,5092,1584468
3,5187,1602472
1,5698,1620472
2,5003,1638468
3,5194,1656472
1,5360,1674472
2,4930,1692468
3,5354,1710468
1,4946,1728468
2,4688,1746472
3,5358,1764468
1,4396,1782472
2,4439,1800472
3,0,1818476
1,3773,1836468
2,4193,1854480
3,0,1872472
1,3142,1890472
2,0,1908472
3,0,1926476
