# fw=05,slot_ms=18,timeout_us=12500
1,0,476
2,0,18468
3,6849,36476
1,0,54468
2,0,72468
3,6891,90476
1,0,108472
2,0,126468
3,6966,144472
1,0,162472
2,0,180468
3,6892,198472
1,0,216468
2,0,234468
3,6895,252472
1,0,270472
2,0,288472
3,6916,306472
1,0,324468
2,0,342472
3,6791,360476
1,0,378468
2,0,396468
3,6849,414472
1,0,432472
2,0,450468
3,6816,468472
1,0,486472
2,0,504468
3,6867,522472
1,0,540472
2,0,558468
3,6793,576476
1,0,594472
2,0,612468
3,6803,630476
1,0,648468
2,0,666472
3,6793,684468
1,0,702480
2,0,720468
3,6742,738476
1,0,756468
2,0,774468
3,6767,792472
1,0,810468
2,0,828472
3,6873,846472
1,0,864468
2,0,882472
3,6891,900472
1,0,918468
2,0,936472
3,6792,954468
1,0,972468
2,0,990472
3,6792,1008472
1,0,1026472
2,0,1044472
3,6827,1062468
1,0,1080472
2,0,1098468
3,6766,1116468
1,0,1134468
2,0,1152468
3,6789,1170472
1,0,1188468
2,0,1206472
3,6916,1224472
1,0,1242472
2,0,1260472
3,6766,1278468
1,0,1296468
2,0,1314468
3,6790,1332468
1,0,1350468
2,0,1368468
3,6766,1386468
1,0,1404472
2,0,1422468
3,6848,1440472
1,0,1458468
2,0,1476468
3,6992,1494472
1,0,1512468
2,0,1530468
3,6867,1548472
1,0,1566468
2,0,1584472
3,6918,1602472
1,0,1620468
2,0,1638472
3,6775,1656472
1,0,1674472
2,0,1692472
3,6868,1710476
1,0,1728468
2,0,1746468
3,6795,1764472
1,0,1782468
2,0,1800472
3,6821,1818472
1,0,1836472
2,0,1854476
3,6828,1872468
1,0,1890468
2,0,1908472
3,6870,1926476
1,0,1944472
2,0,1962472
3,6946,1980468
1,0,1998472
2,0,2016472
3,6804,2034468
1,0,2052468
2,0,2070468
3,6781,2088472
1,0,2106472
2,0,2124472
3,6820,2142468
1,0,2160468
2,0,2178468
3,6997,2196472
1,0,2214472
2,0,2232472
3,6808,2250468
1,0,2268468
2,0,2286472
3,6798,2304476
1,0,2322468
2,0,2340468
3,6777,2358472
1,0,2376468
2,0,2394468
3,7024,2412472
1,0,2430468
2,0,2448472
3,6810,2466468
1,0,2484468
2,0,2502468
3,6777,2520472
1,0,2538472
2,0,2556468
3,6753,2574472
1,0,2592472
2,0,2610472
3,6802,2628468
1,0,2646472
2,0,2664472
3,6834,2682476
1,0,2700472
2,0,2718472
3,6926,2736468
1,0,2754468
2,0,2772472
3,6802,2790476
1,0,2808468
2,0,2826472
3,6785,2844476
1,0,2862472
2,0,2880472
3,6807,2898468
1,0,2916468
2,0,2934468
3,6776,2952472
1,0,2970468
2,0,2988468
3,6824,3006480
1,0,3024468
2,0,3042472
3,6924,3060468
1,0,3078468
2,0,3096468
3,6823,3114472
1,0,3132468
2,0,3150468
3,6777,3168472
1,0,3186468
2,0,3204472
3,6750,3222468
1,0,3240468
2,0,3258472
3,6884,3276476
1,0,3294472
2,0,3312472
3,6827,3330468
1,0,3348468
2,0,3366468
3,6877,3384472
1,0,3402472
2,0,3420468
3,6710,3438468
1,0,3456468
2,0,3474468
3,6810,3492472
1,0,3510468
2,0,3528472
3,6876,3546476
1,0,3564468
2,0,3582472
3,6826,3600468
1,0,3618468
2,0,3636472
3,6855,3654472
1,0,3672472
2,0,3690472
3,6810,3708468
1,0,3726472
2,0,3744468
3,6878,3762472
1,0,3780468
2,0,3798472
3,6952,3816476
1,0,3834472
2,0,3852468
3,6903,3870472
1,0,3888468
2,0,3906472
3,6707,3924468
1,0,3942472
2,0,3960472
3,6607,3978468
1,0,3996472
2,0,4014468
3,6784,4032468
1,0,4050468
2,0,4068472
3,6982,4086468
1,0,4104468
2,0,4122472
3,6757,4140472
1,0,4158480
2,0,4176472
3,6760,4194468
1,0,4212468
2,0,4230472
3,6908,4248472
1,0,4266468
2,0,4284468
3,6842,4302472
1,0,4320468
2,0,4338472
3,6859,4356468
1,0,4374468
2,0,4392472
3,6709,4410476
1,0,4428472
2,0,4446472
3,6906,4464468
1,0,4482472
2,0,4500468
3,6788,4518472
1,0,4536468
2,0,4554472
3,6783,4572476
1,0,4590468
2,0,4608472
3,6708,4626472
1,0,4644472
2,0,4662472
3,6690,4680468
1,0,4698472
2,0,4716472
3,6805,4734468
1,0,4752472
2,0,4770468
3,6659,4788472
1,0,4806472
2,0,4824468
3,6682,4842468
1,0,4860468
2,0,4878472
3,6739,4896472
1,0,4914468
2,0,4932472
3,6705,4950468
1,0,4968468
2,0,4986468
3,6803,5004472
1,0,5022472
2,0,5040468
3,6727,5058472
1,0,5076472
2,0,5094472
3,6661,5112472
1,0,5130468
2,0,5148472
3,6828,5166476
1,0,5184468
2,0,5202468
3,6900,5220472
1,0,5238468
2,0,5256472
3,6876,5274472
1,0,5292468
2,0,5310476
3,6859,5328472
1,0,5346472
2,0,5364468
3,6728,5382472
1,0,5400468
2,0,5418468
3,6852,5436472
1,0,5454472
2,0,5472468
3,6713,5490468
1,0,5508468
2,0,5526472
3,6909,5544476
1,0,5562472
2,0,5580468
3,6827,5598472
1,0,5616472
2,0,5634468
3,6828,5652472
1,0,5670472
2,0,5688468
3,6812,5706468
1,0,5724468
2,0,5742472
3,6854,5760476
1,0,5778468
2,0,5796472
3,6608,5814476
1,0,5832468
2,0,5850472
3,6757,5868476
1,0,5886472
2,0,5904468
3,6887,5922472
1,0,5940472
2,0,5958472
3,6731,5976468
1,0,5994472
2,0,6012468
3,6705,6030472
1,0,6048472
2,0,6066468
3,6905,6084472
1,0,6102472
2,0,6120472
3,6792,6138468
1,0,6156472
2,0,6174468
3,6682,6192472
1,0,6210472
2,0,6228468
3,6684,6246472
1,0,6264472
2,0,6282468
3,6617,6300472
1,0,6318472
2,0,6336468
3,6716,6354472
1,0,6372468
2,0,6390472
3,6682,6408468
1,0,6426468
2,0,6444468
3,6733,6462480
1,0,6480472
2,0,6498472
3,6716,6516468
1,0,6534468
2,0,6552472
3,6830,6570468
1,0,6588468
2,0,6606472
3,6829,6624472
1,0,6642472
2,0,6660468
3,6728,6678468
1,0,6696468
2,0,6714468
3,6712,6732472
1,0,6750468
2,0,6768468
3,6725,6786472
1,0,6804468
2,0,6822472
3,6825,6840476
1,0,6858472
2,0,6876468
3,6748,6894472
1,0,6912468
2,0,6930468
3,6882,6948472
1,0,6966468
2,0,6984468
3,6823,7002472
1,0,7020472
2,0,7038468
3,6699,7056476
1,0,7074468
2,0,7092472
3,6655,7110468
1,0,7128468
2,0,7146468
3,6778,7164476
1,0,7182472
2,0,7200468
3,6621,7218472
1,0,7236472
2,0,7254468
3,6696,7272472
1,0,7290468
2,0,7308472
3,6681,7326468
1,0,7344468
2,0,7362468
3,6818,7380472
1,0,7398472
2,0,7416472
3,6671,7434468
1,0,7452472
2,0,7470468
3,6918,7488472
1,0,7506472
2,0,7524468
3,6675,7542472
1,0,7560472
2,0,7578468
3,6816,7596472
1,0,7614476
2,0,7632472
3,6743,7650468
1,0,7668468
2,0,7686468
3,6768,7704468
1,0,7722472
2,0,7740468
3,6675,7758472
1,0,7776472
2,0,7794468
3,6768,7812472
1,0,7830472
2,0,7848468
3,6694,7866472
1,0,7884472
2,0,7902468
3,6751,7920472
1,0,7938472
2,0,7956468
3,6798,7974472
1,0,7992468
2,0,8010468
3,6889,8028472
1,0,8046472
2,0,8064468
3,6788,8082468
1,0,8100468
2,0,8118468
3,6821,8136472
1,0,8154472
2,0,8172468
3,6911,8190472
1,0,8208468
2,0,8226468
3,6836,8244472
1,0,8262472
2,0,8280472
3,7084,8298468
1,0,8316472
2,0,8334468
3,6818,8352472
1,0,8370468
2,0,8388468
3,6911,8406472
1,0,8424472
2,0,8442472
3,6835,8460468
1,0,8478468
2,0,8496472
3,6837,8514468
1,0,8532468
2,0,8550472
3,6773,8568472
1,0,8586468
2,0,8604468
3,6885,8622472
1,0,8640472
2,0,8658468
3,6740,8676472
1,0,8694468
2,0,8712468
3,6648,8730472
1,0,8748468
2,0,8766480
3,6871,8784468
1,0,8802472
2,0,8820468
3,6837,8838472
1,0,8856472
2,0,8874468
3,6590,8892472
1,0,8910468
2,0,8928472
3,6821,8946476
1,0,8964472
2,0,8982472
3,6721,9000468
1,0,9018468
2,0,9036472
3,6665,9054468
1,0,9072472
2,0,9090468
3,6688,9108472
1,0,9126468
2,0,9144468
3,6770,9162472
1,0,9180472
2,0,9198472
3,6615,9216472
1,0,9234468
2,0,9252472
3,7008,9270468
1,0,9288472
2,0,9306468
3,6932,9324472
1,0,9342468
2,0,9360472
3,6743,9378468
1,0,9396468
2,0,9414472
3,6758,9432468
1,0,9450468
2,0,9468472
3,6960,9486472
1,0,9504468
2,0,9522468
3,6836,9540476
1,0,9558472
2,0,9576476
3,6747,9594472
1,0,9612472
2,0,9630468
3,6812,9648472
1,0,9666472
2,0,9684468
3,6713,9702472
1,0,9720472
2,0,9738468
3,6720,9756472
1,0,9774472
2,0,9792468
3,6697,9810472
1,0,9828472
2,0,9846468
3,6712,9864472
1,0,9882468
2,0,9900472
3,6689,9918476
1,0,9936468
2,0,9954472
3,6648,9972476
1,0,9990472
2,0,10008472
3,6762,10026476
1,0,10044468
2,0,10062468
3,6788,10080468
1,0,10098468
2,0,10116468
3,6838,10134472
1,0,10152472
2,0,10170468
3,6770,10188468
1,0,10206472
2,0,10224472
3,6638,10242468
1,0,10260472
2,0,10278472
3,6737,10296472
1,0,10314468
2,0,10332468
3,6672,10350468
1,0,10368472
2,0,10386472
3,6745,10404472
1,0,10422472
2,0,10440472
3,6712,10458472
1,0,10476468
2,0,10494468
3,6811,10512468
1,0,10530468
2,0,10548468
3,6697,10566468
1,0,10584472
2,0,10602472
3,6721,10620472
1,0,10638472
2,0,10656472
3,6690,10674472
1,0,10692468
2,0,10710468
3,6691,10728476
1,0,10746472
2,0,10764468
3,6863,10782476
