# fw=05,slot_ms=18,timeout_us=12500
1,0,476
2,0,18468
3,0,36472
1,0,54472
2,0,72468
3,0,90468
1,0,108468
2,0,126468
3,0,144472
1,0,162472
2,0,180468
3,0,198472
1,0,216472
2,0,234468
3,0,252468
1,0,270468
2,0,288472
3,0,306476
1,0,324468
2,0,342468
3,9312,360472
1,0,378472
2,0,396472
3,0,414468
1,0,432472
2,0,450468
3,0,468468
1,0,486468
2,0,504472
3,0,522468
1,0,540472
2,0,558468
3,0,576472
1,0,594468
2,0,612472
3,0,630472
1,0,648472
2,0,666468
3,0,684468
1,0,702480
2,0,720472
3,8957,738468
1,0,756468
2,0,774468
3,0,792472
1,0,810468
2,0,828468
3,0,846472
1,0,864468
2,0,882472
3,0,900476
1,0,918468
2,0,936468
3,0,954476
1,0,972468
2,0,990472
3,8718,1008472
1,0,1026468
2,0,1044472
3,8848,1062472
1,0,1080468
2,0,1098468
3,8652,1116472
1,0,1134472
2,0,1152472
3,8705,1170472
1,0,1188472
2,0,1206472
3,8768,1224476
1,0,1242468
2,0,1260468
3,0,1278476
1,0,1296472
2,0,1314468
3,0,1332468
1,0,1350472
2,0,1368472
3,0,1386472
1,0,1404468
2,0,1422472
3,0,1440472
1,0,1458472
2,0,1476468
3,0,1494472
1,0,1512468
2,0,1530472
3,0,1548468
1,0,1566472
2,0,1584468
3,0,1602468
1,0,1620468
2,0,1638472
3,0,1656472
1,0,1674468
2,0,1692468
3,0,1710472
1,0,1728468
2,0,1746468
3,0,1764468
1,0,1782468
2,0,1800468
3,0,1818472
1,0,1836468
2,0,1854480
3,0,1872472
1,0,1890468
2,0,1908472
3,0,1926476
1,0,1944472
2,0,1962472
3,0,1980476
1,0,1998472
2,0,2016468
3,0,2034468
1,0,2052472
2,0,2070472
3,0,2088472
1,0,2106472
2,0,2124472
3,0,2142468
1,0,2160472
2,0,2178472
3,0,2196472
1,0,2214468
2,0,2232472
3,0,2250472
1,0,2268468
2,0,2286472
3,8406,2304468
1,0,2322468
2,0,2340468
3,0,2358472
1,0,2376472
2,0,2394472
3,0,2412468
1,0,2430472
2,0,2448468
3,0,2466468
1,0,2484472
2,0,2502472
3,8242,2520472
1,0,2538468
2,0,2556468
3,0,2574472
1,0,2592468
2,0,2610472
3,0,2628472
1,0,2646472
2,0,2664476
3,0,2682468
1,0,2700468
2,0,2718472
3,0,2736468
1,0,2754472
2,0,2772472
3,0,2790468
1,0,2808472
2,0,2826468
3,0,2844468
1,0,2862472
2,0,2880472
3,0,2898472
1,0,2916468
2,0,2934468
3,0,2952472
1,0,2970468
2,0,2988468
3,0,3006480
1,0,3024468
2,3403,3042472
3,0,3060472
1,3130,3078472
2,3485,3096468
3,0,3114468
1,3321,3132468
2,4014,3150468
3,4301,3168468
1,3553,3186468
2,4408,3204468
3,0,3222468
1,3771,3240468
2,4614,3258468
3,8963,3276476
1,3989,3294468
2,4770,3312468
3,0,3330472
1,4113,3348468
2,4574,3366468
3,0,3384468
1,4971,3402472
2,0,3420472
3,0,3438472
1,0,3456468
2,0,3474468
3,0,3492472
1,0,3510468
2,0,3528472
3,0,3546472
1,0,3564468
2,0,3582468
3,8974,3600472
1,0,3618472
2,0,3636468
3,0,3654468
1,0,3672472
2,0,3690468
3,0,3708472
1,0,3726472
2,0,3744472
3,0,3762468
1,0,3780472
2,0,3798472
3,0,3816476
1,0,3834468
2,0,3852472
3,0,3870472
1,0,3888468
2,0,3906472
3,0,3924472
1,0,3942468
2,0,3960472
3,0,3978476
1,0,3996472
2,0,4014472
3,0,4032472
1,0,4050468
2,0,4068472
3,0,4086472
1,0,4104472
2,0,4122472
3,0,4140472
1,0,4158476
2,0,4176472
3,0,4194472
1,0,4212472
2,0,4230472
3,0,4248476
1,0,4266472
2,0,4284468
3,0,4302468
1,0,4320472
2,0,4338468
3,0,4356468
1,0,4374472
2,0,4392472
3,0,4410468
1,0,4428472
2,0,4446468
3,0,4464472
1,0,4482472
2,0,4500472
3,0,4518468
1,0,4536472
2,0,4554472
3,0,4572468
1,0,4590472
2,0,4608472
3,0,4626476
1,0,4644472
2,0,4662468
3,0,4680468
1,0,4698472
2,0,4716468
3,0,4734472
1,0,4752472
2,0,4770468
3,0,4788472
1,0,4806468
2,0,4824468
3,0,4842468
1,0,4860472
2,0,4878468
3,0,4896472
1,0,4914468
2,0,4932472
3,0,4950472
1,0,4968468
2,0,4986472
3,0,5004468
1,0,5022472
2,0,5040472
3,0,5058472
1,0,5076472
2,0,5094468
3,0,5112472
1,0,5130472
2,0,5148472
3,0,5166472
1,0,5184468
2,0,5202468
3,0,5220468
1,0,5238468
2,0,5256472
3,0,5274472
1,0,5292468
2,0,5310480
3,0,5328472
1,0,5346468
2,0,5364468
3,0,5382472
1,0,5400468
2,0,5418468
3,0,5436468
1,0,5454468
2,0,5472468
3,0,5490472
1,0,5508472
2,0,5526468
3,0,5544468
1,0,5562468
2,0,5580472
3,0,5598468
1,0,5616472
2,0,5634468
3,0,5652468
1,0,5670468
2,0,5688472
3,0,5706476
1,0,5724472
2,0,5742468
3,0,5760476
1,0,5778472
2,0,5796468
3,0,5814468
1,0,5832468
2,0,5850472
3,0,5868476
1,0,5886472
2,0,5904468
3,0,5922472
1,0,5940472
2,0,5958472
3,0,5976472
1,0,5994472
2,0,6012472
3,0,6030472
1,0,6048468
2,0,6066472
3,0,6084468
1,0,6102472
2,0,6120472
3,0,6138472
1,0,6156472
2,0,6174472
3,0,6192472
1,0,6210468
2,0,6228468
3,0,6246472
1,0,6264468
2,0,6282472
3,0,6300468
1,0,6318472
2,0,6336468
3,0,6354468
1,0,6372468
2,0,6390472
3,0,6408468
1,0,6426472
2,0,6444472
3,0,6462484
1,0,6480472
2,0,6498468
3,0,6516472
1,0,6534468
2,0,6552472
3,0,6570472
1,0,6588468
2,0,6606472
3,0,6624472
1,0,6642472
2,0,6660468
3,0,6678472
1,0,6696468
2,0,6714472
3,0,6732468
1,0,6750472
2,0,6768468
3,0,6786476
1,0,6804472
2,0,6822468
3,0,6840472
1,0,6858468
2,0,6876472
3,0,6894476
1,0,6912472
2,0,6930468
3,0,6948468
1,0,6966472
2,0,6984468
3,0,7002472
1,0,7020468
2,0,7038468
3,0,7056476
1,0,7074472
2,0,7092468
3,0,7110472
1,0,7128472
2,0,7146468
3,0,7164468
1,0,7182468
2,0,7200472
3,0,7218468
1,0,7236472
2,0,7254472
3,0,7272476
1,0,7290472
2,0,7308468
3,0,7326472
1,0,7344472
2,0,7362468
3,0,7380476
1,0,7398472
2,0,7416468
3,0,7434472
1,0,7452468
2,0,7470472
3,0,7488472
1,0,7506472
2,0,7524468
3,0,7542472
1,0,7560472
2,0,7578472
3,0,7596472
1,0,7614480
2,0,7632472
3,0,7650476
1,0,7668472
2,0,7686472
3,0,7704472
1,0,7722472
2,0,7740468
3,0,7758472
1,0,7776468
2,0,7794472
3,0,7812472
1,0,7830468
2,0,7848472
3,0,7866476
1,0,7884472
2,0,7902468
3,0,7920472
1,0,7938468
2,0,7956472
3,0,7974468
1,0,7992472
2,0,8010472
3,0,8028472
1,0,8046468
2,0,8064468
3,0,8082472
1,0,8100468
2,0,8118472
3,0,8136468
1,0,8154468
2,0,8172472
3,0,8190472
1,0,8208472
2,0,8226468
3,0,8244468
1,0,8262468
2,0,8280472
3,0,8298468
1,0,8316472
2,0,8334472
3,0,8352472
1,0,8370468
2,0,8388472
3,0,8406472
1,0,8424472
2,0,8442468
3,0,8460472
1,0,8478468
2,0,8496472
3,0,8514468
1,0,8532472
2,0,8550468
3,0,8568472
1,0,8586468
2,0,8604468
3,0,8622468
1,0,8640472
2,0,8658472
3,0,8676468
1,0,8694472
2,0,8712468
3,0,8730472
1,0,8748468
2,0,8766480
3,0,8784472
1,0,8802472
2,0,8820468
3,0,8838472
1,0,8856468
2,0,8874468
3,0,8892472
1,0,8910472
2,0,8928468
3,0,8946472
1,0,8964468
2,0,8982472
3,0,9000472
1,0,9018472
2,0,9036472
3,0,9054472
1,0,9072468
2,0,9090472
3,0,9108476
1,0,9126472
2,0,9144472
3,0,9162472
1,0,9180472
2,0,9198468
3,0,9216468
1,0,9234472
2,0,9252468
3,0,9270472
1,0,9288468
2,0,9306472
3,0,9324468
1,0,9342472
2,0,9360472
3,0,9378472
1,0,9396472
2,0,9414468
3,0,9432476
1,0,9450472
2,0,9468472
3,0,9486472
1,0,9504468
2,0,9522472
3,0,9540468
1,0,9558472
2,0,9576468
3,0,9594472
1,0,9612472
2,0,9630468
3,0,9648472
1,0,9666472
2,0,9684472
3,0,9702468
1,0,9720468
2,0,9738472
3,0,9756468
1,0,9774468
2,0,9792472
3,0,9810472
1,0,9828472
2,0,9846468
3,0,9864472
1,0,9882468
2,0,9900468
3,0,9918480
1,0,9936472
2,0,9954468
3,0,9972472
1,0,9990472
2,0,10008472
3,0,10026468
1,0,10044472
2,0,10062468
3,0,10080468
1,0,10098468
2,0,10116468
3,0,10134468
1,0,10152472
2,0,10170468
3,0,10188468
1,0,10206468
2,0,10224472
3,0,10242468
1,0,10260468
2,0,10278468
3,0,10296468
1,0,10314468
2,0,10332472
3,0,10350472
1,0,10368472
2,0,10386472
3,0,10404472
1,0,10422472
2,0,10440472
3,0,10458472
1,0,10476468
2,0,10494472
3,0,10512472
1,0,10530468
2,0,10548468
3,0,10566476
1,0,10584468
2,0,10602468
3,0,10620472
1,0,10638468
2,0,10656468
3,0,10674472
1,0,10692468
2,0,10710468
3,0,10728476
1,0,10746468
2,0,10764468
3,0,10782468
1,0,10800472
2,0,10818472
3,0,10836476
1,0,10854472
2,0,10872468
3,0,10890468
1,0,10908468
2,0,10926468
3,0,10944472
1,0,10962468
2,0,10980468
3,0,10998468
1,0,11016468
2,0,11034468
3,0,11052472
1,0,11070476
2,0,11088468
3,0,11106472
1,0,11124472
2,0,11142468
3,0,11160472
1,0,11178472
2,0,11196468
3,0,11214468
1,0,11232472
2,0,11250472
3,0,11268468
1,0,11286468
2,0,11304472
3,0,11322476
1,0,11340472
2,0,11358472
3,0,11376476
1,0,11394472
2,0,11412472
3,0,11430472
1,0,11448468
2,0,11466468
3,0,11484472
1,0,11502468
2,0,11520472
3,0,11538472
1,0,11556472
2,0,11574468
3,0,11592476
1,0,11610468
2,0,11628472
3,0,11646468
1,0,11664472
2,0,11682472
3,0,11700476
1,0,11718472
2,0,11736468
3,0,11754468
1,0,11772472
2,0,11790468
3,0,11808468
1,0,11826472
2,0,11844468
3,0,11862472
1,0,11880476
2,0,11898468
3,0,11916468
1,0,11934472
2,0,11952468
3,0,11970468
1,0,11988468
2,0,12006468
3,0,12024468
1,0,12042472
2,0,12060472
3,0,12078472
1,0,12096472
2,0,12114468
3,0,12132472
1,0,12150468
2,0,12168472
3,0,12186472
1,0,12204468
2,0,12222476
3,0,12240472
1,0,12258468
2,0,12276468
3,0,12294472
1,0,12312468
2,0,12330472
3,0,12348476
1,0,12366468
2,0,12384472
3,0,12402472
1,0,12420468
2,0,12438468
3,0,12456472
1,0,12474468
2,0,12492468
3,0,12510472
1,0,12528472
2,0,12546472
3,0,12564472
1,5574,12582468
2,6084,12600468
3,0,12618476
1,5727,12636468
2,5884,12654468
3,4997,12672468
1,5627,12690468
2,5625,12708468
3,5354,12726472
1,5589,12744472
2,5355,12762472
3,5464,12780476
1,5428,12798468
2,4904,12816472
3,5750,12834472
1,0,12852468
2,4401,12870468
3,0,12888472
1,0,12906468
2,3769,12924472
3,0,12942472
1,0,12960472
2,3166,12978472
3,0,12996468
