# fw=05,slot_ms=18,timeout_us=12500
1,0,476
2,0,18468
3,0,36472
1,0,54472
2,0,72468
3,0,90476
1,0,108468
2,0,126472
3,0,144468
1,0,162468
2,0,180472
3,0,198472
1,0,216468
2,0,234472
3,0,252472
1,0,270468
2,0,288472
3,0,306476
1,0,324472
2,0,342472
3,0,360468
1,0,378468
2,0,396472
3,0,414468
1,0,432468
2,0,450472
3,0,468472
1,0,486472
2,0,504472
3,0,522472
1,0,540468
2,0,558468
3,0,576472
1,0,594468
2,0,612468
3,0,630472
1,0,648472
2,0,666472
3,0,684472
1,0,702480
2,0,720468
3,0,738472
1,0,756472
2,0,774468
3,0,792472
1,0,810472
2,0,828468
3,0,846472
1,0,864468
2,0,882472
3,0,900472
1,0,918472
2,0,936472
3,0,954468
1,0,972468
2,0,990468
3,0,1008472
1,0,1026472
2,0,1044472
3,0,1062472
1,0,1080468
2,0,1098472
3,0,1116472
1,0,1134468
2,0,1152472
3,0,1170476
1,0,1188472
2,0,1206468
3,0,1224476
1,0,1242472
2,0,1260472
3,0,1278472
1,0,1296468
2,0,1314468
3,0,1332468
1,0,1350472
2,0,1368472
3,0,1386472
1,0,1404468
2,0,1422468
3,0,1440468
1,0,1458472
2,0,1476472
3,0,1494472
1,0,1512468
2,0,1530472
3,0,1548472
1,0,1566468
2,0,1584472
3,0,1602472
1,0,1620472
2,0,1638472
3,0,1656472
1,0,1674472
2,0,1692472
3,0,1710468
1,0,1728472
2,0,1746468
3,0,1764468
1,0,1782472
2,0,1800472
3,0,1818472
1,0,1836468
2,0,1854476
3,0,1872472
1,0,1890468
2,0,1908468
3,0,1926472
1,0,1944468
2,0,1962472
3,0,1980468
1,0,1998472
2,0,2016468
3,0,2034468
1,0,2052468
2,0,2070472
3,0,2088472
1,0,2106468
2,0,2124468
3,0,2142468
1,0,2160472
2,0,2178472
3,0,2196472
1,0,2214468
2,0,2232472
3,0,2250472
1,0,2268468
2,0,2286468
3,0,2304476
1,0,2322472
2,0,2340472
3,0,2358472
1,0,2376468
2,0,2394472
3,0,2412472
1,0,2430472
2,0,2448468
3,0,2466468
1,0,2484468
2,0,2502468
3,0,2520468
1,0,2538472
2,0,2556472
3,0,2574468
1,0,2592472
2,0,2610472
3,0,2628472
1,0,2646468
2,0,2664476
3,0,2682476
1,0,2700472
2,0,2718472
3,0,2736468
1,0,2754472
2,0,2772468
3,0,2790472
1,0,2808468
2,0,2826472
3,0,2844472
1,0,2862468
2,0,2880472
3,0,2898468
1,0,2916472
2,0,2934472
3,0,2952468
1,0,2970472
2,0,2988468
3,0,3006480
1,0,3024468
2,0,3042472
3,0,3060472
1,0,3078472
2,0,3096472
3,0,3114468
1,0,3132468
2,0,3150468
3,0,3168472
1,0,3186468
2,0,3204468
3,0,3222468
1,0,3240472
2,0,3258468
3,0,3276472
1,0,3294468
2,0,3312468
3,0,3330472
1,0,3348468
2,0,3366468
3,0,3384468
1,0,3402472
2,0,3420472
3,0,3438476
1,0,3456468
2,0,3474468
3,0,3492472
1,0,3510468
2,0,3528468
3,0,3546472
1,0,3564468
2,0,3582468
3,0,3600472
1,0,3618472
2,0,3636468
3,0,3654468
1,0,3672468
2,0,3690468
3,0,3708476
1,0,3726472
2,0,3744472
3,0,3762468
1,0,3780472
2,0,3798472
3,0,3816476
1,0,3834472
2,0,3852468
3,0,3870472
1,0,3888468
2,0,3906472
3,0,3924472
1,0,3942468
2,0,3960472
3,0,3978472
1,0,3996468
2,0,4014468
3,0,4032468
1,0,4050472
2,0,4068468
3,0,4086472
1,0,4104472
2,0,4122472
3,0,4140472
1,0,4158476
2,0,4176468
3,0,4194472
1,0,4212468
2,0,4230472
3,0,4248472
1,0,4266472
2,0,4284468
3,0,4302468
1,0,4320472
2,0,4338468
3,0,4356472
1,0,4374468
2,0,4392468
3,0,4410472
1,0,4428468
2,0,4446472
3,0,4464472
1,0,4482472
2,0,4500468
3,0,4518468
1,0,4536468
2,0,4554468
3,0,4572472
1,0,4590468
2,0,4608468
3,0,4626468
1,0,4644472
2,0,4662468
3,0,4680468
1,0,4698468
2,0,4716468
3,0,4734468
1,0,4752468
2,0,4770468
3,0,4788472
1,0,4806472
2,0,4824468
3,0,4842472
1,0,4860468
2,0,4878472
3,0,4896476
1,0,4914468
2,0,4932472
3,0,4950472
1,0,4968468
2,0,4986468
3,0,5004472
1,0,5022472
2,0,5040468
3,0,5058468
1,2515,5076472
2,0,5094472
3,0,5112472
1,3063,5130468
2,0,5148468
3,0,5166472
1,3618,5184468
2,5079,5202468
3,4926,5220468
1,4147,5238472
2,4910,5256472
3,4897,5274468
1,4535,5292468
2,4703,5310480
3,4758,5328468
1,4847,5346472
2,4448,5364472
3,4524,5382468
1,5061,5400468
2,4084,5418468
3,4266,5436468
1,5287,5454472
2,3656,5472468
3,0,5490472
1,0,5508468
2,3336,5526468
3,0,5544476
1,0,5562468
2,0,5580472
3,0,5598468
