# fw=05,slot_ms=18,timeout_us=12500
1,0,476
2,6756,18468
3,0,36468
1,0,54472
2,6749,72468
3,0,90472
1,0,108472
2,6752,126468
3,0,144472
1,0,162468
2,6751,180472
3,0,198468
1,0,216472
2,6782,234468
3,0,252472
1,0,270472
2,6774,288472
3,0,306468
1,0,324472
2,6773,342472
3,0,360472
1,0,378472
2,6773,396468
3,0,414472
1,0,432468
2,6757,450472
3,0,468476
1,0,486468
2,6775,504468
3,0,522476
1,0,540472
2,6748,558468
3,0,576468
1,0,594468
2,6755,612472
3,0,630472
1,0,648472
2,6758,666468
3,0,684468
1,0,702476
2,6775,720472
3,0,738468
1,0,756472
2,6774,774472
3,0,792476
1,0,810472
2,6782,828472
3,0,846476
1,0,864472
2,6783,882468
3,0,900476
1,0,918468
2,6775,936472
3,0,954468
1,0,972468
2,6775,990472
3,0,1008472
1,0,1026468
2,6784,1044468
3,0,1062468
1,0,1080472
2,6775,1098472
3,0,1116468
1,0,1134472
2,6777,1152472
3,0,1170468
1,0,1188472
2,6776,1206468
3,0,1224472
1,0,1242468
2,6759,1260468
3,0,1278472
1,0,1296468
2,6775,1314468
3,0,1332472
1,0,1350468
2,6775,1368468
3,0,1386468
1,0,1404472
2,6776,1422468
3,0,1440468
1,0,1458472
2,6781,1476472
3,0,1494472
1,0,1512468
2,6751,1530472
3,0,1548476
1,0,1566472
2,6747,1584468
3,0,1602472
1,0,1620468
2,6756,1638472
3,0,1656476
1,0,1674468
2,6758,1692472
3,0,1710472
1,0,1728468
2,6750,1746468
3,0,1764476
1,0,1782468
2,6772,1800472
3,0,1818472
1,0,1836468
2,6783,1854476
3,0,1872472
1,0,1890468
2,6749,1908472
3,0,1926472
1,0,1944468
2,6775,1962468
3,0,1980472
1,0,1998468
2,6748,2016472
3,0,2034468
1,0,2052468
2,6805,2070468
3,0,2088476
1,0,2106472
2,6747,2124472
3,0,2142468
1,0,2160472
2,6774,2178468
3,0,2196468
1,0,2214472
2,6776,2232468
3,0,2250472
1,0,2268468
2,6783,2286468
3,0,2304472
1,0,2322468
2,6799,2340468
3,0,2358468
1,0,2376472
2,6772,2394468
3,0,2412476
1,0,2430472
2,6782,2448468
3,0,2466468
1,0,2484468
2,6757,2502468
3,0,2520476
1,0,2538472
2,6773,2556468
3,0,2574468
1,0,2592472
2,6796,2610472
3,0,2628476
1,0,2646472
2,6806,2664472
3,0,2682472
1,0,2700468
2,6752,2718472
3,0,2736476
1,0,2754472
2,6748,2772472
3,0,2790472
1,0,2808468
2,6775,2826468
3,0,2844468
1,0,2862468
2,6780,2880468
3,0,2898476
1,0,2916472
2,6770,2934472
3,0,2952472
1,0,2970468
2,6773,2988468
3,0,3006476
1,0,3024472
2,6773,3042468
3,0,3060468
1,0,3078468
2,6756,3096468
3,0,3114476
1,0,3132472
2,6749,3150468
3,0,3168468
1,0,3186472
2,6749,3204468
3,0,3222468
1,0,3240472
2,6783,3258468
3,0,3276472
1,0,3294472
2,6782,3312472
3,0,3330476
1,0,3348468
2,6747,3366472
3,0,3384468
1,0,3402472
2,6749,3420472
3,0,3438472
1,0,3456468
2,6781,3474468
3,0,3492472
1,0,3510468
2,6748,3528468
3,0,3546468
1,0,3564472
2,6771,3582468
3,0,3600472
1,0,3618472
2,6748,3636472
3,0,3654468
1,0,3672468
2,6753,3690468
3,0,3708468
1,0,3726468
2,6747,3744468
3,0,3762472
1,0,3780472
2,6748,3798468
3,0,3816472
1,0,3834472
2,6746,3852468
3,0,3870472
1,0,3888468
2,6755,3906472
3,0,3924468
1,0,3942468
2,6745,3960468
3,0,3978472
1,0,3996468
2,6748,4014468
3,0,4032476
1,0,4050472
2,6753,4068468
3,0,4086468
1,0,4104468
2,6779,4122468
3,0,4140472
1,0,4158476
2,6746,4176472
3,0,4194468
1,0,4212472
2,6772,4230468
3,0,4248472
1,0,4266468
2,6756,4284472
3,0,4302468
1,0,4320472
2,6755,4338468
3,0,4356472
1,0,4374468
2,6748,4392472
3,0,4410472
1,0,4428468
2,6746,4446468
3,0,4464472
1,0,4482472
2,6780,4500468
3,0,4518476
1,0,4536472
2,6747,4554472
3,0,4572472
1,0,4590468
2,6749,4608472
3,0,4626468
1,0,4644468
2,6748,4662468
3,0,4680476
1,0,4698472
2,6781,4716472
3,0,4734468
1,0,4752472
2,6748,4770468
3,0,4788476
1,0,4806472
2,6747,4824468
3,0,4842472
1,0,4860468
2,6750,4878472
3,0,4896476
1,0,4914472
2,6755,4932468
3,0,4950476
1,0,4968472
2,6725,4986472
3,0,5004472
1,0,5022468
2,6724,5040472
3,0,5058468
1,0,5076468
2,6755,5094472
3,0,5112468
1,0,5130468
2,6759,5148468
3,0,5166472
1,0,5184468
2,6724,5202468
3,0,5220472
1,0,5238472
2,6725,5256472
3,0,5274468
1,0,5292472
2,6734,5310476
3,0,5328476
1,0,5346472
2,6751,5364472
3,0,5382476
1,0,5400472
2,6726,5418472
3,0,5436472
1,0,5454468
2,6726,5472472
3,0,5490468
1,0,5508468
2,6759,5526468
3,0,5544472
1,0,5562468
2,6750,5580472
3,0,5598472
1,0,5616472
2,6752,5634468
3,0,5652476
1,0,5670472
2,6753,5688468
3,0,5706468
1,0,5724468
2,6783,5742472
3,0,5760472
1,0,5778468
2,6774,5796472
3,0,5814472
1,0,5832468
2,6749,5850472
3,0,5868472
1,0,5886468
2,6785,5904472
3,0,5922468
1,0,5940468
2,6759,5958468
3,0,5976468
1,0,5994472
2,6728,6012468
3,0,6030472
1,0,6048468
2,6753,6066472
3,0,6084468
1,0,6102472
2,6736,6120468
3,0,6138468
1,0,6156468
2,6776,6174472
3,0,6192468
1,0,6210472
2,6753,6228468
3,0,6246472
1,0,6264468
2,6729,6282472
3,0,6300472
1,0,6318472
2,6761,6336468
3,0,6354472
1,0,6372472
2,6754,6390468
3,0,6408472
1,0,6426468
2,6752,6444468
3,0,6462480
1,0,6480468
2,6730,6498468
3,0,6516472
1,0,6534472
2,6763,6552472
3,0,6570472
1,0,6588468
2,6755,6606472
3,0,6624476
1,0,6642472
2,6755,6660472
3,0,6678468
1,0,6696472
2,6765,6714468
3,0,6732468
1,0,6750472
2,6766,6768468
3,0,6786468
1,0,6804472
2,6754,6822472
3,0,6840468
1,0,6858472
2,6779,6876468
3,0,6894476
1,0,6912472
2,6765,6930472
3,0,6948472
1,0,6966472
2,6782,6984472
3,0,7002472
1,0,7020472
2,6733,7038468
3,0,7056468
1,0,7074472
2,6758,7092468
3,0,7110468
1,0,7128468
2,6744,7146468
3,0,7164472
1,0,7182472
2,6735,7200472
3,0,7218472
1,0,7236472
2,6735,7254472
3,0,7272476
1,0,7290472
2,6712,7308468
3,0,7326468
1,0,7344468
2,6744,7362468
3,0,7380472
1,0,7398468
2,6735,7416472
3,0,7434472
1,0,7452468
2,6734,7470472
3,0,7488472
1,0,7506468
2,6768,7524472
3,0,7542468
1,0,7560472
2,6791,7578468
3,0,7596472
1,0,7614476
2,6734,7632468
3,0,7650476
1,0,7668472
2,6735,7686472
3,0,7704468
1,0,7722468
2,6742,7740468
3,0,7758468
1,0,7776468
2,6765,7794472
3,0,7812472
1,0,7830468
2,6780,7848472
3,0,7866472
1,0,7884468
2,6757,7902472
3,0,7920476
1,0,7938472
2,6790,7956468
3,0,7974472
1,0,7992468
2,6808,8010472
3,0,8028468
1,0,8046472
2,6782,8064468
3,0,8082476
1,0,8100472
2,6783,8118468
3,0,8136468
1,0,8154468
2,6768,8172472
3,0,8190468
1,0,8208468
2,6757,8226468
3,0,8244476
1,0,8262472
2,6781,8280472
3,0,8298472
1,0,8316468
2,6758,8334472
3,0,8352472
1,0,8370468
2,6764,8388472
3,0,8406472
1,0,8424476
2,6756,8442468
3,0,8460472
1,0,8478472
2,6756,8496468
3,0,8514472
1,0,8532472
2,6767,8550468
3,0,8568476
1,0,8586472
2,6769,8604468
3,0,8622472
1,0,8640468
2,6757,8658468
3,0,8676468
1,0,8694468
2,6757,8712472
3,0,8730472
1,0,8748468
2,6813,8766480
3,0,8784472
1,0,8802472
2,6782,8820472
3,0,8838468
1,0,8856472
2,6782,8874468
3,0,8892472
1,0,8910468
2,6804,8928472
3,0,8946472
1,0,8964468
2,6786,8982472
3,0,9000468
1,0,9018472
2,6783,9036468
3,0,9054476
1,0,9072472
2,6780,9090468
3,0,9108468
1,0,9126468
2,6782,9144468
3,0,9162472
1,0,9180472
2,6765,9198472
3,0,9216472
1,0,9234468
2,6806,9252472
3,0,9270476
1,0,9288472
2,6756,9306468
3,0,9324472
1,0,9342472
2,6806,9360468
3,0,9378468
1,0,9396468
2,6813,9414472
3,0,9432472
1,0,9450472
2,6805,9468468
3,0,9486468
1,0,9504472
2,6831,9522468
3,0,9540468
1,0,9558468
2,6812,9576472
3,0,9594472
1,0,9612472
2,6782,9630468
3,0,9648472
1,0,9666468
2,6805,9684472
3,0,9702472
1,0,9720472
2,6785,9738468
3,0,9756472
1,0,9774468
2,6792,9792472
3,0,9810468
1,0,9828468
2,6783,9846472
3,0,9864476
1,0,9882472
2,6758,9900468
3,0,9918476
1,0,9936468
2,6784,9954472
3,0,9972472
1,0,9990472
2,6791,10008468
3,0,10026468
1,0,10044472
2,6784,10062472
3,0,10080472
1,0,10098472
2,6784,10116468
3,0,10134468
1,0,10152472
2,6783,10170472
3,0,10188476
1,0,10206472
2,6768,10224472
3,0,10242476
1,0,10260468
2,6760,10278468
3,0,10296472
1,0,10314468
2,6810,10332468
3,0,10350468
1,0,10368472
2,6818,10386472
3,0,10404476
1,0,10422468
2,6760,10440468
3,0,10458472
1,0,10476468
2,6763,10494468
3,0,10512472
1,0,10530472
2,6789,10548472
3,0,10566468
1,0,10584468
2,6798,10602468
3,0,10620472
1,0,10638468
2,6811,10656468
3,0,10674472
1,0,10692472
2,6788,10710472
3,0,10728468
1,0,10746472
2,6763,10764472
3,0,10782476
